<html>
<body>
<pre>
<h1>µVision Build Log</h1>
<h2>Project:</h2>
C:\Users\Sabrina\ECE_Folders\404_GitHub\Bullseye\Bullseye_STM32\STM32\STM32F4xx_DSP_StdPeriph_Lib_V1.3.0\Project\STM32F4xx_StdPeriph_Templates\MDK-ARM\Project.uvproj
Project File Date:  02/05/2015

<h2>Output:</h2>
Build target 'STM32F40_41xxx'
compiling stm32f4xx_it.c...
linking...
Program Size: Code=7480 RO-data=424 RW-data=228 ZI-data=1084  
".\STM32F40_41xxx\STM32F40_41xxx.axf" - 0 Error(s), 0 Warning(s).
Load "C:\\Users\\Sabrina\\ECE_Folders\\404_GitHub\\Bullseye\\Bullseye_STM32\\STM32\\STM32F4xx_DSP_StdPeriph_Lib_V1.3.0\\Project\\STM32F4xx_StdPeriph_Templates\\MDK-ARM\\STM32F40_41xxx\\STM32F40_41xxx.axf" 
Erase Done.
Programming Done.
Verify OK.
 warning:  #177-D: variable "leftFrontDuty" was declared but never referenced
  static unsigned char leftFrontDuty = 0;
..\main.c(9): warning:  #177-D: variable "leftBackDuty" was declared but never referenced
  static unsigned char leftBackDuty = 0;
..\main.c(10): warning:  #177-D: variable "currDuty" was declared but never referenced
  static unsigned char currDuty = 0;
..\main.c(368): warning:  #177-D: function "Delay" was declared but never referenced
  void Delay(__IO uint32_t nTime){ 
..\main.c: 7 warnings, 0 errors
linking...
Program Size: Code=7468 RO-data=424 RW-data=228 ZI-data=1084  
".\STM32F40_41xxx\STM32F40_41xxx.axf" - 0 Error(s), 7 Warning(s).
Load "C:\\Users\\Sabrina\\ECE_Folders\\404_GitHub\\Bullseye\\Bullseye_STM32\\STM32\\STM32F4xx_DSP_StdPeriph_Lib_V1.3.0\\Project\\STM32F4xx_StdPeriph_Templates\\MDK-ARM\\STM32F40_41xxx\\STM32F40_41xxx.axf" 
Erase Done.
Programming Done.
Verify OK.
referenced
  static unsigned char rightFrontDuty = 0;
..\main.c(7): warning:  #177-D: variable "rightBackDuty" was declared but never referenced
  static unsigned char rightBackDuty = 0;
..\main.c(8): warning:  #177-D: variable "leftFrontDuty" was declared but never referenced
  static unsigned char leftFrontDuty = 0;
..\main.c(9): warning:  #177-D: variable "leftBackDuty" was declared but never referenced
  static unsigned char leftBackDuty = 0;
..\main.c(10): warning:  #177-D: variable "currDuty" was declared but never referenced
  static unsigned char currDuty = 0;
..\main.c(368): warning:  #177-D: function "Delay" was declared but never referenced
  void Delay(__IO uint32_t nTime){ 
..\main.c: 7 warnings, 0 errors
compiling stm32f4xx_it.c...
linking...
Program Size: Code=7492 RO-data=424 RW-data=228 ZI-data=1084  
".\STM32F40_41xxx\STM32F40_41xxx.axf" - 0 Error(s), 7 Warning(s).
Load "C:\\Users\\Sabrina\\ECE_Folders\\404_GitHub\\Bullseye\\Bullseye_STM32\\STM32\\STM32F4xx_DSP_StdPeriph_Lib_V1.3.0\\Project\\STM32F4xx_StdPeriph_Templates\\MDK-ARM\\STM32F40_41xxx\\STM32F40_41xxx.axf" 
Error: Flash Download failed  -  Target DLL has been cancelled
