<html>
<body>
<pre>
<h1>µVision Build Log</h1>
<h2>Project:</h2>
C:\Users\Sabrina\ECE_Folders\404_GitHub\Bullseye\Bullseye_STM32\STM32\STM32F4xx_DSP_StdPeriph_Lib_V1.3.0\Project\STM32F4xx_StdPeriph_Templates\MDK-ARM\Project.uvproj
Project File Date:  01/26/2015

<h2>Output:</h2>
Rebuild target 'STM32F40_41xxx'
compiling system_stm32f4xx.c...
assembling startup_stm32f40_41xxx.s...
compiling misc.c...
compiling stm32f4xx_can.c...
compiling stm32f4xx_cryp.c...
compiling stm32f4xx_cryp_des.c...
compiling stm32f4xx_dac.c...
compiling stm32f4xx_dcmi.c...
compiling stm32f4xx_dma2d.c...
compiling stm32f4xx_flash.c...
compiling stm32f4xx_fsmc.c...
compiling stm32f4xx_hash.c...
compiling stm32f4xx_hash_sha1.c...
compiling stm32f4xx_iwdg.c...
compiling stm32f4xx_pwr.c...
compiling stm32f4xx_rng.c...
compiling stm32f4xx_sai.c...
compiling stm32f4xx_spi.c...
compiling stm32f4xx_tim.c...
compiling stm32f4xx_wwdg.c...
compiling stm32f4xx_adc.c...
compiling stm32f4xx_cryp_aes.c...
compiling stm32f4xx_dbgmcu.c...
compiling stm32f4xx_exti.c...
compiling stm32f4xx_gpio.c...
compiling stm32f4xx_i2c.c...
compiling stm32f4xx_rcc.c...
compiling stm32f4xx_sdio.c...
compiling stm32f4xx_usart.c...
compiling stm32f4xx_crc.c...
compiling stm32f4xx_dma.c...
compiling stm32f4xx_hash_md5.c...
compiling stm32f4xx_rtc.c...
compiling stm32f4xx_cryp_tdes.c...
compiling stm32f4xx_ltdc.c...
compiling stm32f4xx_syscfg.c...
compiling main.c...
..\main.c(235): warning:  #177-D: variable "error4" was declared but never referenced
  uint32_t error4;
..\main.c(236): warning:  #177-D: variable "integral4" was declared but never referenced
  uint32_t integral4;
..\main.c(237): warning:  #177-D: variable "diff4" was declared but never referenced
  uint32_t diff4;
..\main.c(238): warning:  #177-D: variable "last_error4" was declared but never referenced
  uint32_t last_error4;
..\main.c(271): warning:  #177-D: variable "error2" was declared but never referenced
  uint32_t error2;
..\main.c(272): warning:  #177-D: variable "integral2" was declared but never referenced
  uint32_t integral2;
..\main.c(273): warning:  #177-D: variable "diff2" was declared but never referenced
  uint32_t diff2;
..\main.c(274): warning:  #177-D: variable "last_error2" was declared but never referenced
  uint32_t last_error2;
..\main.c(287): warning:  #177-D: variable "error1" was declared but never referenced
  uint32_t error1;
..\main.c(288): warning:  #177-D: variable "integral1" was declared but never referenced
  uint32_t integral1;
..\main.c(289): warning:  #177-D: variable "diff1" was declared but never referenced
  uint32_t diff1;
..\main.c(290): warning:  #177-D: variable "last_error1" was declared but never referenced
  uint32_t last_error1;
..\main.c(304): warning:  #177-D: variable "freq1" was declared but never referenced
  uint32_t freq1, freq2;
..\main.c(304): warning:  #177-D: variable "freq2" was declared but never referenced
  uint32_t freq1, freq2;
..\main.c(305): warning:  #177-D: variable "pwm1" was declared but never referenced
        int pwm1 = 0;
..\main.c(306): warning:  #177-D: variable "pwm2" was declared but never referenced
  int   pwm2 = 1;
..\main.c(307): warning:  #177-D: variable "error" was declared but never referenced
        uint32_t error;
..\main.c(308): warning:  #177-D: variable "integral" was declared but never referenced
  uint32_t integral;
..\main.c(309): warning:  #177-D: variable "diff" was declared but never referenced
  uint32_t diff;
..\main.c(310): warning:  #177-D: variable "old_error" was declared but never referenced
  uint32_t old_error;
..\main.c(311): warning:  #177-D: variable "kp" was declared but never referenced
  uint32_t kp;
..\main.c(312): warning:  #177-D: variable "ki" was declared but never referenced
  uint32_t ki;
..\main.c(313): warning:  #177-D: variable "kd" was declared but never referenced
  uint32_t kd;
..\main.c(314): warning:  #177-D: variable "pwmout" was declared but never referenced
  unsigned char pwmout;
..\main.c(5): warning:  #177-D: variable "duty" was declared but never referenced
  static unsigned char duty = 0;
..\main.c(6): warning:  #550-D: variable "rightFrontDuty" was set but never used
  static unsigned char rightFrontDuty = 0;
..\main.c(7): warning:  #550-D: variable "rightBackDuty" was set but never used
  static unsigned char rightBackDuty = 0;
..\main.c(9): warning:  #550-D: variable "leftBackDuty" was set but never used
  static unsigned char leftBackDuty = 0;
..\main.c(10): warning:  #177-D: variable "currDuty" was declared but never referenced
  static unsigned char currDuty = 0;
..\main.c(515): warning:  #177-D: function "Delay" was declared but never referenced
  void Delay(__IO uint32_t nTime){ 
..\main.c: 30 warnings, 0 errors
compiling stm32f4xx_it.c...
..\stm32f4xx_it.c(328): warning:  #186-D: pointless comparison of unsigned integer with zero
        if (PWM_Out5<0)
..\stm32f4xx_it.c: 1 warning, 0 errors
linking...
Program Size: Code=5424 RO-data=424 RW-data=112 ZI-data=1072  
".\STM32F40_41xxx\STM32F40_41xxx.axf" - 0 Error(s), 31 Warning(s).
