Product: MDK-ARM Lite 5.10
Component: ARM Compiler 5.04 update 1 (build 49)
Tool: armlink [5040049]

==============================================================================

Section Cross References

    system_stm32f4xx.o(i.SystemCoreClockUpdate) refers to system_stm32f4xx.o(.data) for SystemCoreClock
    system_stm32f4xx.o(i.SystemInit) refers to system_stm32f4xx.o(i.SetSysClock) for SetSysClock
    startup_stm32f40_41xxx.o(RESET) refers to startup_stm32f40_41xxx.o(STACK) for __initial_sp
    startup_stm32f40_41xxx.o(RESET) refers to startup_stm32f40_41xxx.o(.text) for Reset_Handler
    startup_stm32f40_41xxx.o(RESET) refers to stm32f4xx_it.o(i.NMI_Handler) for NMI_Handler
    startup_stm32f40_41xxx.o(RESET) refers to stm32f4xx_it.o(i.HardFault_Handler) for HardFault_Handler
    startup_stm32f40_41xxx.o(RESET) refers to stm32f4xx_it.o(i.MemManage_Handler) for MemManage_Handler
    startup_stm32f40_41xxx.o(RESET) refers to stm32f4xx_it.o(i.BusFault_Handler) for BusFault_Handler
    startup_stm32f40_41xxx.o(RESET) refers to stm32f4xx_it.o(i.UsageFault_Handler) for UsageFault_Handler
    startup_stm32f40_41xxx.o(RESET) refers to stm32f4xx_it.o(i.SVC_Handler) for SVC_Handler
    startup_stm32f40_41xxx.o(RESET) refers to stm32f4xx_it.o(i.DebugMon_Handler) for DebugMon_Handler
    startup_stm32f40_41xxx.o(RESET) refers to stm32f4xx_it.o(i.PendSV_Handler) for PendSV_Handler
    startup_stm32f40_41xxx.o(RESET) refers to stm32f4xx_it.o(i.SysTick_Handler) for SysTick_Handler
    startup_stm32f40_41xxx.o(RESET) refers to stm32f4xx_it.o(i.TIM1_CC_IRQHandler) for TIM1_CC_IRQHandler
    startup_stm32f40_41xxx.o(RESET) refers to stm32f4xx_it.o(i.TIM2_IRQHandler) for TIM2_IRQHandler
    startup_stm32f40_41xxx.o(RESET) refers to stm32f4xx_it.o(i.TIM4_IRQHandler) for TIM4_IRQHandler
    startup_stm32f40_41xxx.o(RESET) refers to stm32f4xx_it.o(i.TIM5_IRQHandler) for TIM5_IRQHandler
    startup_stm32f40_41xxx.o(RESET) refers to stm32f4xx_it.o(i.TIM7_IRQHandler) for TIM7_IRQHandler
    startup_stm32f40_41xxx.o(.text) refers to system_stm32f4xx.o(i.SystemInit) for SystemInit
    startup_stm32f40_41xxx.o(.text) refers to entry.o(.ARM.Collect$$$$00000000) for __main
    stm32f4xx_can.o(i.CAN_DeInit) refers to stm32f4xx_rcc.o(i.RCC_APB1PeriphResetCmd) for RCC_APB1PeriphResetCmd
    stm32f4xx_can.o(i.CAN_GetITStatus) refers to stm32f4xx_can.o(i.CheckITStatus) for CheckITStatus
    stm32f4xx_cryp.o(i.CRYP_DeInit) refers to stm32f4xx_rcc.o(i.RCC_AHB2PeriphResetCmd) for RCC_AHB2PeriphResetCmd
    stm32f4xx_cryp_des.o(i.CRYP_DES_CBC) refers to stm32f4xx_cryp.o(i.CRYP_KeyStructInit) for CRYP_KeyStructInit
    stm32f4xx_cryp_des.o(i.CRYP_DES_CBC) refers to stm32f4xx_cryp.o(i.CRYP_Init) for CRYP_Init
    stm32f4xx_cryp_des.o(i.CRYP_DES_CBC) refers to stm32f4xx_cryp.o(i.CRYP_KeyInit) for CRYP_KeyInit
    stm32f4xx_cryp_des.o(i.CRYP_DES_CBC) refers to stm32f4xx_cryp.o(i.CRYP_IVInit) for CRYP_IVInit
    stm32f4xx_cryp_des.o(i.CRYP_DES_CBC) refers to stm32f4xx_cryp.o(i.CRYP_FIFOFlush) for CRYP_FIFOFlush
    stm32f4xx_cryp_des.o(i.CRYP_DES_CBC) refers to stm32f4xx_cryp.o(i.CRYP_Cmd) for CRYP_Cmd
    stm32f4xx_cryp_des.o(i.CRYP_DES_CBC) refers to stm32f4xx_cryp.o(i.CRYP_GetCmdStatus) for CRYP_GetCmdStatus
    stm32f4xx_cryp_des.o(i.CRYP_DES_CBC) refers to stm32f4xx_cryp.o(i.CRYP_DataIn) for CRYP_DataIn
    stm32f4xx_cryp_des.o(i.CRYP_DES_CBC) refers to stm32f4xx_cryp.o(i.CRYP_GetFlagStatus) for CRYP_GetFlagStatus
    stm32f4xx_cryp_des.o(i.CRYP_DES_CBC) refers to stm32f4xx_cryp.o(i.CRYP_DataOut) for CRYP_DataOut
    stm32f4xx_cryp_des.o(i.CRYP_DES_ECB) refers to stm32f4xx_cryp.o(i.CRYP_KeyStructInit) for CRYP_KeyStructInit
    stm32f4xx_cryp_des.o(i.CRYP_DES_ECB) refers to stm32f4xx_cryp.o(i.CRYP_Init) for CRYP_Init
    stm32f4xx_cryp_des.o(i.CRYP_DES_ECB) refers to stm32f4xx_cryp.o(i.CRYP_KeyInit) for CRYP_KeyInit
    stm32f4xx_cryp_des.o(i.CRYP_DES_ECB) refers to stm32f4xx_cryp.o(i.CRYP_FIFOFlush) for CRYP_FIFOFlush
    stm32f4xx_cryp_des.o(i.CRYP_DES_ECB) refers to stm32f4xx_cryp.o(i.CRYP_Cmd) for CRYP_Cmd
    stm32f4xx_cryp_des.o(i.CRYP_DES_ECB) refers to stm32f4xx_cryp.o(i.CRYP_GetCmdStatus) for CRYP_GetCmdStatus
    stm32f4xx_cryp_des.o(i.CRYP_DES_ECB) refers to stm32f4xx_cryp.o(i.CRYP_DataIn) for CRYP_DataIn
    stm32f4xx_cryp_des.o(i.CRYP_DES_ECB) refers to stm32f4xx_cryp.o(i.CRYP_GetFlagStatus) for CRYP_GetFlagStatus
    stm32f4xx_cryp_des.o(i.CRYP_DES_ECB) refers to stm32f4xx_cryp.o(i.CRYP_DataOut) for CRYP_DataOut
    stm32f4xx_dac.o(i.DAC_DeInit) refers to stm32f4xx_rcc.o(i.RCC_APB1PeriphResetCmd) for RCC_APB1PeriphResetCmd
    stm32f4xx_dma2d.o(i.DMA2D_DeInit) refers to stm32f4xx_rcc.o(i.RCC_AHB1PeriphResetCmd) for RCC_AHB1PeriphResetCmd
    stm32f4xx_flash.o(i.FLASH_EraseAllBank1Sectors) refers to stm32f4xx_flash.o(i.FLASH_WaitForLastOperation) for FLASH_WaitForLastOperation
    stm32f4xx_flash.o(i.FLASH_EraseAllBank2Sectors) refers to stm32f4xx_flash.o(i.FLASH_WaitForLastOperation) for FLASH_WaitForLastOperation
[...]
    Removing stm32f4xx_adc.o(i.ADC_AutoInjectedConvCmd), (22 bytes).
    Removing stm32f4xx_adc.o(i.ADC_ClearFlag), (6 bytes).
    Removing stm32f4xx_adc.o(i.ADC_ClearITPendingBit), (10 bytes).
    Removing stm32f4xx_adc.o(i.ADC_Cmd), (22 bytes).
    Removing stm32f4xx_adc.o(i.ADC_CommonInit), (48 bytes).
    Removing stm32f4xx_adc.o(i.ADC_CommonStructInit), (12 bytes).
    Removing stm32f4xx_adc.o(i.ADC_ContinuousModeCmd), (22 bytes).
    Removing stm32f4xx_adc.o(i.ADC_DMACmd), (22 bytes).
    Removing stm32f4xx_adc.o(i.ADC_DMARequestAfterLastTransferCmd), (22 bytes).
    Removing stm32f4xx_adc.o(i.ADC_DeInit), (22 bytes).
    Removing stm32f4xx_adc.o(i.ADC_DiscModeChannelCountConfig), (24 bytes).
    Removing stm32f4xx_adc.o(i.ADC_DiscModeCmd), (22 bytes).
    Removing stm32f4xx_adc.o(i.ADC_EOCOnEachRegularChannelCmd), (22 bytes).
    Removing stm32f4xx_adc.o(i.ADC_ExternalTrigInjectedConvConfig), (16 bytes).
    Removing stm32f4xx_adc.o(i.ADC_ExternalTrigInjectedConvEdgeConfig), (16 bytes).
    Removing stm32f4xx_adc.o(i.ADC_GetConversionValue), (8 bytes).
    Removing stm32f4xx_adc.o(i.ADC_GetFlagStatus), (18 bytes).
    Removing stm32f4xx_adc.o(i.ADC_GetITStatus), (38 bytes).
    Removing stm32f4xx_adc.o(i.ADC_GetInjectedConversionValue), (28 bytes).
    Removing stm32f4xx_adc.o(i.ADC_GetMultiModeConversionValue), (12 bytes).
    Removing stm32f4xx_adc.o(i.ADC_GetSoftwareStartConvStatus), (20 bytes).
    Removing stm32f4xx_adc.o(i.ADC_GetSoftwareStartInjectedConvCmdStatus), (20 bytes).
    Removing stm32f4xx_adc.o(i.ADC_ITConfig), (32 bytes).
    Removing stm32f4xx_adc.o(i.ADC_Init), (84 bytes).
    Removing stm32f4xx_adc.o(i.ADC_InjectedChannelConfig), (130 bytes).
    Removing stm32f4xx_adc.o(i.ADC_InjectedDiscModeCmd), (22 bytes).
    Removing stm32f4xx_adc.o(i.ADC_InjectedSequencerLengthConfig), (24 bytes).
    Removing stm32f4xx_adc.o(i.ADC_MultiModeDMARequestAfterLastTransferCmd), (44 bytes).
    Removing stm32f4xx_adc.o(i.ADC_RegularChannelConfig), (184 bytes).
    Removing stm32f4xx_adc.o(i.ADC_SetInjectedOffset), (20 bytes).
    Removing stm32f4xx_adc.o(i.ADC_SoftwareStartConv), (10 bytes).
    Removing stm32f4xx_adc.o(i.ADC_SoftwareStartInjectedConv), (10 bytes).
    Removing stm32f4xx_adc.o(i.ADC_StructInit), (20 bytes).
    Removing stm32f4xx_adc.o(i.ADC_TempSensorVrefintCmd), (44 bytes).
    Removing stm32f4xx_adc.o(i.ADC_VBATCmd), (44 bytes).
    Removing stm32f4xx_cryp_aes.o(.rev16_text), (4 bytes).
    Removing stm32f4xx_cryp_aes.o(.revsh_text), (4 bytes).
    Removing stm32f4xx_cryp_aes.o(i.CRYP_AES_CBC), (540 bytes).
    Removing stm32f4xx_cryp_aes.o(i.CRYP_AES_CCM), (1778 bytes).
    Removing stm32f4xx_cryp_aes.o(i.CRYP_AES_CTR), (466 bytes).
    Removing stm32f4xx_cryp_aes.o(i.CRYP_AES_ECB), (494 bytes).
    Removing stm32f4xx_cryp_aes.o(i.CRYP_AES_GCM), (1308 bytes).
    Removing stm32f4xx_dbgmcu.o(.rev16_text), (4 bytes).
    Removing stm32f4xx_dbgmcu.o(.revsh_text), (4 bytes).
    Removing stm32f4xx_dbgmcu.o(i.DBGMCU_APB1PeriphConfig), (32 bytes).
    Removing stm32f4xx_dbgmcu.o(i.DBGMCU_APB2PeriphConfig), (32 bytes).
    Removing stm32f4xx_dbgmcu.o(i.DBGMCU_Config), (32 bytes).
    Removing stm32f4xx_dbgmcu.o(i.DBGMCU_GetDEVID), (16 bytes).
    Removing stm32f4xx_dbgmcu.o(i.DBGMCU_GetREVID), (12 bytes).
    Removing stm32f4xx_exti.o(.rev16_text), (4 bytes).
    Removing stm32f4xx_exti.o(.revsh_text), (4 bytes).
    Removing stm32f4xx_exti.o(i.EXTI_ClearFlag), (12 bytes).
    Removing stm32f4xx_exti.o(i.EXTI_ClearITPendingBit), (12 bytes).
    Removing stm32f4xx_exti.o(i.EXTI_DeInit), (36 bytes).
    Removing stm32f4xx_exti.o(i.EXTI_GenerateSWInterrupt), (16 bytes).
    Removing stm32f4xx_exti.o(i.EXTI_GetFlagStatus), (24 bytes).
    Removing stm32f4xx_exti.o(i.EXTI_GetITStatus), (24 bytes).
    Removing stm32f4xx_exti.o(i.EXTI_Init), (148 bytes).
    Removing stm32f4xx_exti.o(i.EXTI_StructInit), (16 bytes).
    Removing stm32f4xx_gpio.o(.rev16_text), (4 bytes).
    Removing stm32f4xx_gpio.o(.revsh_text), (4 bytes).
    Removing stm32f4xx_gpio.o(i.GPIO_DeInit), (312 bytes).
    Removing stm32f4xx_gpio.o(i.GPIO_PinLockConfig), (34 bytes).
    Removing stm32f4xx_gpio.o(i.GPIO_ReadInputData), (8 bytes).
    Removing stm32f4xx_gpio.o(i.GPIO_ReadOutputData), (8 bytes).
    Removing stm32f4xx_gpio.o(i.GPIO_ReadOutputDataBit), (18 bytes).
    Removing stm32f4xx_gpio.o(i.GPIO_ResetBits), (4 bytes).
    Removing stm32f4xx_gpio.o(i.GPIO_SetBits), (4 bytes).
    Removing stm32f4xx_gpio.o(i.GPIO_StructInit), (18 bytes).
    Removing stm32f4xx_gpio.o(i.GPIO_ToggleBits), (8 bytes).
    Removing stm32f4xx_gpio.o(i.GPIO_Write), (4 bytes).
    Removing stm32f4xx_gpio.o(i.GPIO_WriteBit), (10 bytes).
    Removing stm32f4xx_i2c.o(.rev16_text), (4 bytes).
    Removing stm32f4xx_i2c.o(.revsh_text), (4 bytes).
    Removing stm32f4xx_i2c.o(i.I2C_ARPCmd), (24 bytes).
    Removing stm32f4xx_i2c.o(i.I2C_AcknowledgeConfig), (24 bytes).
    Removing stm32f4xx_i2c.o(i.I2C_AnalogFilterCmd), (24 bytes).
    Removing stm32f4xx_i2c.o(i.I2C_CalculatePEC), (24 bytes).
    Removing stm32f4xx_i2c.o(i.I2C_CheckEvent), (42 bytes).
    Removing stm32f4xx_i2c.o(i.I2C_ClearFlag), (12 bytes).
    Removing stm32f4xx_i2c.o(i.I2C_ClearITPendingBit), (12 bytes).
    Removing stm32f4xx_i2c.o(i.I2C_Cmd), (24 bytes).
    Removing stm32f4xx_i2c.o(i.I2C_DMACmd), (24 bytes).
    Removing stm32f4xx_i2c.o(i.I2C_DMALastTransferCmd), (24 bytes).
    Removing stm32f4xx_i2c.o(i.I2C_DeInit), (96 bytes).
    Removing stm32f4xx_i2c.o(i.I2C_DigitalFilterConfig), (22 bytes).
    Removing stm32f4xx_i2c.o(i.I2C_DualAddressCmd), (24 bytes).
    Removing stm32f4xx_i2c.o(i.I2C_FastModeDutyCycleConfig), (28 bytes).
    Removing stm32f4xx_i2c.o(i.I2C_GeneralCallCmd), (24 bytes).
    Removing stm32f4xx_i2c.o(i.I2C_GenerateSTART), (24 bytes).
    Removing stm32f4xx_i2c.o(i.I2C_GenerateSTOP), (24 bytes).
    Removing stm32f4xx_i2c.o(i.I2C_GetFlagStatus), (58 bytes).
    Removing stm32f4xx_i2c.o(i.I2C_GetITStatus), (38 bytes).
    Removing stm32f4xx_i2c.o(i.I2C_GetLastEvent), (26 bytes).
    Removing stm32f4xx_i2c.o(i.I2C_GetPEC), (8 bytes).
    Removing stm32f4xx_i2c.o(i.I2C_ITConfig), (18 bytes).
    Removing stm32f4xx_i2c.o(i.I2C_Init), (232 bytes).
    Removing stm32f4xx_i2c.o(i.I2C_NACKPositionConfig), (28 bytes).
    Removing stm32f4xx_i2c.o(i.I2C_OwnAddress2Config), (22 bytes).
    Removing stm32f4xx_i2c.o(i.I2C_PECPositionConfig), (28 bytes).
    Removing stm32f4xx_i2c.o(i.I2C_ReadRegister), (22 bytes).
    Removing stm32f4xx_i2c.o(i.I2C_ReceiveData), (8 bytes).
    Removing stm32f4xx_i2c.o(i.I2C_SMBusAlertConfig), (28 bytes).
    Removing stm32f4xx_i2c.o(i.I2C_Send7bitAddress), (16 bytes).
    Removing stm32f4xx_i2c.o(i.I2C_SendData), (4 bytes).
    Removing stm32f4xx_i2c.o(i.I2C_SoftwareResetCmd), (22 bytes).
    Removing stm32f4xx_i2c.o(i.I2C_StretchClockCmd), (24 bytes).
    Removing stm32f4xx_i2c.o(i.I2C_StructInit), (30 bytes).
    Removing stm32f4xx_i2c.o(i.I2C_TransmitPEC), (24 bytes).
    Removing stm32f4xx_rcc.o(.rev16_text), (4 bytes).
    Removing stm32f4xx_rcc.o(.revsh_text), (4 bytes).
    Removing stm32f4xx_rcc.o(i.RCC_AHB1PeriphClockLPModeCmd), (32 bytes).
    Removing stm32f4xx_rcc.o(i.RCC_AHB1PeriphResetCmd), (32 bytes).
    Removing stm32f4xx_rcc.o(i.RCC_AHB2PeriphClockCmd), (32 bytes).
    Removing stm32f4xx_rcc.o(i.RCC_AHB2PeriphClockLPModeCmd), (32 bytes).
    Removing stm32f4xx_rcc.o(i.RCC_AHB2PeriphResetCmd), (32 bytes).
    Removing stm32f4xx_rcc.o(i.RCC_AHB3PeriphClockCmd), (32 bytes).
    Removing stm32f4xx_rcc.o(i.RCC_AHB3PeriphClockLPModeCmd), (32 bytes).
    Removing stm32f4xx_rcc.o(i.RCC_AHB3PeriphResetCmd), (32 bytes).
    Removing stm32f4xx_rcc.o(i.RCC_APB1PeriphClockLPModeCmd), (32 bytes).
    Removing stm32f4xx_rcc.o(i.RCC_APB1PeriphResetCmd), (32 bytes).
    Removing stm32f4xx_rcc.o(i.RCC_APB2PeriphClockLPModeCmd), (32 bytes).
    Removing stm32f4xx_rcc.o(i.RCC_APB2PeriphResetCmd), (32 bytes).
    Removing stm32f4xx_rcc.o(i.RCC_AdjustHSICalibrationValue), (24 bytes).
    Removing stm32f4xx_rcc.o(i.RCC_BackupResetCmd), (12 bytes).
    Removing stm32f4xx_rcc.o(i.RCC_ClearFlag), (20 bytes).
    Removing stm32f4xx_rcc.o(i.RCC_ClearITPendingBit), (12 bytes).
    Removing stm32f4xx_rcc.o(i.RCC_ClockSecuritySystemCmd), (12 bytes).
    Removing stm32f4xx_rcc.o(i.RCC_DeInit), (100 bytes).
    Removing stm32f4xx_rcc.o(i.RCC_GetFlagStatus), (64 bytes).
    Removing stm32f4xx_rcc.o(i.RCC_GetITStatus), (24 bytes).
    Removing stm32f4xx_rcc.o(i.RCC_GetSYSCLKSource), (16 bytes).
    Removing stm32f4xx_rcc.o(i.RCC_HCLKConfig), (24 bytes).
    Removing stm32f4xx_rcc.o(i.RCC_HSEConfig), (16 bytes).
    Removing stm32f4xx_rcc.o(i.RCC_HSICmd), (12 bytes).
    Removing stm32f4xx_rcc.o(i.RCC_I2SCLKConfig), (12 bytes).
    Removing stm32f4xx_rcc.o(i.RCC_ITConfig), (32 bytes).
    Removing stm32f4xx_rcc.o(i.RCC_LSEConfig), (44 bytes).
    Removing stm32f4xx_rcc.o(i.RCC_LSICmd), (12 bytes).
    Removing stm32f4xx_rcc.o(i.RCC_LTDCCLKDivConfig), (24 bytes).
    Removing stm32f4xx_rcc.o(i.RCC_MCO1Config), (28 bytes).
    Removing stm32f4xx_rcc.o(i.RCC_MCO2Config), (28 bytes).
    Removing stm32f4xx_rcc.o(i.RCC_PCLK1Config), (24 bytes).
    Removing stm32f4xx_rcc.o(i.RCC_PCLK2Config), (24 bytes).
    Removing stm32f4xx_rcc.o(i.RCC_PLLCmd), (12 bytes).
    Removing stm32f4xx_rcc.o(i.RCC_PLLConfig), (36 bytes).
    Removing stm32f4xx_rcc.o(i.RCC_PLLI2SCmd), (12 bytes).
    Removing stm32f4xx_rcc.o(i.RCC_PLLI2SConfig), (16 bytes).
    Removing stm32f4xx_rcc.o(i.RCC_PLLSAICmd), (12 bytes).
    Removing stm32f4xx_rcc.o(i.RCC_PLLSAIConfig), (24 bytes).
    Removing stm32f4xx_rcc.o(i.RCC_RTCCLKCmd), (12 bytes).
    Removing stm32f4xx_rcc.o(i.RCC_RTCCLKConfig), (60 bytes).
    Removing stm32f4xx_rcc.o(i.RCC_SAIBlockACLKConfig), (24 bytes).
    Removing stm32f4xx_rcc.o(i.RCC_SAIBlockBCLKConfig), (24 bytes).
    Removing stm32f4xx_rcc.o(i.RCC_SAIPLLI2SClkDivConfig), (28 bytes).
    Removing stm32f4xx_rcc.o(i.RCC_SAIPLLSAIClkDivConfig), (28 bytes).
    Removing stm32f4xx_rcc.o(i.RCC_SYSCLKConfig), (24 bytes).
    Removing stm32f4xx_rcc.o(i.RCC_TIMCLKPresConfig), (12 bytes).
    Removing stm32f4xx_rcc.o(i.RCC_WaitForHSEStartUp), (56 bytes).
    Removing stm32f4xx_sdio.o(.rev16_text), (4 bytes).
    Removing stm32f4xx_sdio.o(.revsh_text), (4 bytes).
    Removing stm32f4xx_sdio.o(i.SDIO_CEATAITCmd), (16 bytes).
    Removing stm32f4xx_sdio.o(i.SDIO_ClearFlag), (12 bytes).
    Removing stm32f4xx_sdio.o(i.SDIO_ClearITPendingBit), (12 bytes).
    Removing stm32f4xx_sdio.o(i.SDIO_ClockCmd), (12 bytes).
    Removing stm32f4xx_sdio.o(i.SDIO_CmdStructInit), (14 bytes).
    Removing stm32f4xx_sdio.o(i.SDIO_CommandCompletionCmd), (12 bytes).
    Removing stm32f4xx_sdio.o(i.SDIO_DMACmd), (12 bytes).
    Removing stm32f4xx_sdio.o(i.SDIO_DataConfig), (52 bytes).
    Removing stm32f4xx_sdio.o(i.SDIO_DataStructInit), (20 bytes).
    Removing stm32f4xx_sdio.o(i.SDIO_DeInit), (22 bytes).
    Removing stm32f4xx_sdio.o(i.SDIO_GetCommandResponse), (12 bytes).
    Removing stm32f4xx_sdio.o(i.SDIO_GetDataCounter), (12 bytes).
    Removing stm32f4xx_sdio.o(i.SDIO_GetFIFOCount), (12 bytes).
    Removing stm32f4xx_sdio.o(i.SDIO_GetFlagStatus), (24 bytes).
    Removing stm32f4xx_sdio.o(i.SDIO_GetITStatus), (24 bytes).
    Removing stm32f4xx_sdio.o(i.SDIO_GetPowerState), (16 bytes).
    Removing stm32f4xx_sdio.o(i.SDIO_GetResponse), (24 bytes).
    Removing stm32f4xx_sdio.o(i.SDIO_ITConfig), (32 bytes).
    Removing stm32f4xx_sdio.o(i.SDIO_Init), (48 bytes).
    Removing stm32f4xx_sdio.o(i.SDIO_ReadData), (12 bytes).
    Removing stm32f4xx_sdio.o(i.SDIO_SendCEATACmd), (12 bytes).
    Removing stm32f4xx_sdio.o(i.SDIO_SendCommand), (44 bytes).
    Removing stm32f4xx_sdio.o(i.SDIO_SendSDIOSuspendCmd), (12 bytes).
    Removing stm32f4xx_sdio.o(i.SDIO_SetPowerState), (12 bytes).
    Removing stm32f4xx_sdio.o(i.SDIO_SetSDIOOperation), (12 bytes).
    Removing stm32f4xx_sdio.o(i.SDIO_SetSDIOReadWaitMode), (12 bytes).
    Removing stm32f4xx_sdio.o(i.SDIO_StartSDIOReadWait), (12 bytes).
    Removing stm32f4xx_sdio.o(i.SDIO_StopSDIOReadWait), (12 bytes).
    Removing stm32f4xx_sdio.o(i.SDIO_StructInit), (16 bytes).
    Removing stm32f4xx_sdio.o(i.SDIO_WriteData), (12 bytes).
    Removing stm32f4xx_usart.o(.rev16_text), (4 bytes).
    Removing stm32f4xx_usart.o(.revsh_text), (4 bytes).
    Removing stm32f4xx_usart.o(i.USART_ClearFlag), (18 bytes).
    Removing stm32f4xx_usart.o(i.USART_ClearITPendingBit), (30 bytes).
    Removing stm32f4xx_usart.o(i.USART_ClockInit), (32 bytes).
    Removing stm32f4xx_usart.o(i.USART_ClockStructInit), (12 bytes).
    Removing stm32f4xx_usart.o(i.USART_Cmd), (24 bytes).
    Removing stm32f4xx_usart.o(i.USART_DMACmd), (18 bytes).
    Removing stm32f4xx_usart.o(i.USART_DeInit), (240 bytes).
    Removing stm32f4xx_usart.o(i.USART_GetFlagStatus), (26 bytes).
    Removing stm32f4xx_usart.o(i.USART_GetITStatus), (84 bytes).
    Removing stm32f4xx_usart.o(i.USART_HalfDuplexCmd), (24 bytes).
    Removing stm32f4xx_usart.o(i.USART_ITConfig), (74 bytes).
    Removing stm32f4xx_usart.o(i.USART_Init), (212 bytes).
    Removing stm32f4xx_usart.o(i.USART_IrDACmd), (24 bytes).
    Removing stm32f4xx_usart.o(i.USART_IrDAConfig), (18 bytes).
    Removing stm32f4xx_usart.o(i.USART_LINBreakDetectLengthConfig), (18 bytes).
    Removing stm32f4xx_usart.o(i.USART_LINCmd), (24 bytes).
    Removing stm32f4xx_usart.o(i.USART_OneBitMethodCmd), (24 bytes).
    Removing stm32f4xx_usart.o(i.USART_OverSampling8Cmd), (22 bytes).
    Removing stm32f4xx_usart.o(i.USART_ReceiveData), (10 bytes).
    Removing stm32f4xx_usart.o(i.USART_ReceiverWakeUpCmd), (24 bytes).
    Removing stm32f4xx_usart.o(i.USART_SendBreak), (10 bytes).
    Removing stm32f4xx_usart.o(i.USART_SendData), (8 bytes).
    Removing stm32f4xx_usart.o(i.USART_SetAddress), (18 bytes).
    Removing stm32f4xx_usart.o(i.USART_SetGuardTime), (16 bytes).
    Removing stm32f4xx_usart.o(i.USART_SetPrescaler), (16 bytes).
    Removing stm32f4xx_usart.o(i.USART_SmartCardCmd), (24 bytes).
    Removing stm32f4xx_usart.o(i.USART_SmartCardNACKCmd), (24 bytes).
    Removing stm32f4xx_usart.o(i.USART_StructInit), (24 bytes).
    Removing stm32f4xx_usart.o(i.USART_WakeUpConfig), (18 bytes).
    Removing stm32f4xx_crc.o(.rev16_text), (4 bytes).
    Removing stm32f4xx_crc.o(.revsh_text), (4 bytes).
    Removing stm32f4xx_crc.o(i.CRC_CalcBlockCRC), (36 bytes).
    Removing stm32f4xx_crc.o(i.CRC_CalcCRC), (16 bytes).
    Removing stm32f4xx_crc.o(i.CRC_GetCRC), (12 bytes).
    Removing stm32f4xx_crc.o(i.CRC_GetIDRegister), (12 bytes).
    Removing stm32f4xx_crc.o(i.CRC_ResetDR), (12 bytes).
    Removing stm32f4xx_crc.o(i.CRC_SetIDRegister), (12 bytes).
    Removing stm32f4xx_dma.o(.rev16_text), (4 bytes).
    Removing stm32f4xx_dma.o(.revsh_text), (4 bytes).
    Removing stm32f4xx_dma.o(i.DMA_ClearFlag), (52 bytes).
    Removing stm32f4xx_dma.o(i.DMA_ClearITPendingBit), (52 bytes).
    Removing stm32f4xx_dma.o(i.DMA_Cmd), (22 bytes).
    Removing stm32f4xx_dma.o(i.DMA_DeInit), (344 bytes).
    Removing stm32f4xx_dma.o(i.DMA_DoubleBufferModeCmd), (22 bytes).
    Removing stm32f4xx_dma.o(i.DMA_DoubleBufferModeConfig), (24 bytes).
    Removing stm32f4xx_dma.o(i.DMA_FlowControllerConfig), (22 bytes).
    Removing stm32f4xx_dma.o(i.DMA_GetCmdStatus), (20 bytes).
    Removing stm32f4xx_dma.o(i.DMA_GetCurrDataCounter), (8 bytes).
    Removing stm32f4xx_dma.o(i.DMA_GetCurrentMemoryTarget), (20 bytes).
    Removing stm32f4xx_dma.o(i.DMA_GetFIFOStatus), (12 bytes).
    Removing stm32f4xx_dma.o(i.DMA_GetFlagStatus), (68 bytes).
    Removing stm32f4xx_dma.o(i.DMA_GetITStatus), (100 bytes).
    Removing stm32f4xx_dma.o(i.DMA_ITConfig), (58 bytes).
    Removing stm32f4xx_dma.o(i.DMA_Init), (88 bytes).
    Removing stm32f4xx_dma.o(i.DMA_MemoryTargetConfig), (10 bytes).
    Removing stm32f4xx_dma.o(i.DMA_PeriphIncOffsetSizeConfig), (22 bytes).
    Removing stm32f4xx_dma.o(i.DMA_SetCurrDataCounter), (4 bytes).
    Removing stm32f4xx_dma.o(i.DMA_StructInit), (34 bytes).
    Removing stm32f4xx_hash_md5.o(.rev16_text), (4 bytes).
    Removing stm32f4xx_hash_md5.o(.revsh_text), (4 bytes).
    Removing stm32f4xx_hash_md5.o(i.HASH_MD5), (180 bytes).
    Removing stm32f4xx_hash_md5.o(i.HMAC_MD5), (354 bytes).
    Removing stm32f4xx_rtc.o(.rev16_text), (4 bytes).
    Removing stm32f4xx_rtc.o(.revsh_text), (4 bytes).
    Removing stm32f4xx_rtc.o(i.RTC_AlarmCmd), (116 bytes).
    Removing stm32f4xx_rtc.o(i.RTC_AlarmStructInit), (22 bytes).
    Removing stm32f4xx_rtc.o(i.RTC_AlarmSubSecondConfig), (52 bytes).
    Removing stm32f4xx_rtc.o(i.RTC_Bcd2ToByte), (22 bytes).
    Removing stm32f4xx_rtc.o(i.RTC_BypassShadowCmd), (60 bytes).
    Removing stm32f4xx_rtc.o(i.RTC_ByteToBcd2), (28 bytes).
    Removing stm32f4xx_rtc.o(i.RTC_CalibOutputCmd), (60 bytes).
    Removing stm32f4xx_rtc.o(i.RTC_CalibOutputConfig), (48 bytes).
    Removing stm32f4xx_rtc.o(i.RTC_ClearFlag), (28 bytes).
    Removing stm32f4xx_rtc.o(i.RTC_ClearITPendingBit), (32 bytes).
    Removing stm32f4xx_rtc.o(i.RTC_CoarseCalibCmd), (80 bytes).
    Removing stm32f4xx_rtc.o(i.RTC_CoarseCalibConfig), (56 bytes).
    Removing stm32f4xx_rtc.o(i.RTC_DateStructInit), (14 bytes).
    Removing stm32f4xx_rtc.o(i.RTC_DayLightSavingConfig), (56 bytes).
    Removing stm32f4xx_rtc.o(i.RTC_DeInit), (212 bytes).
    Removing stm32f4xx_rtc.o(i.RTC_EnterInitMode), (80 bytes).
    Removing stm32f4xx_rtc.o(i.RTC_ExitInitMode), (20 bytes).
    Removing stm32f4xx_rtc.o(i.RTC_GetAlarm), (116 bytes).
    Removing stm32f4xx_rtc.o(i.RTC_GetAlarmSubSecond), (36 bytes).
    Removing stm32f4xx_rtc.o(i.RTC_GetDate), (76 bytes).
    Removing stm32f4xx_rtc.o(i.RTC_GetFlagStatus), (40 bytes).
    Removing stm32f4xx_rtc.o(i.RTC_GetITStatus), (64 bytes).
    Removing stm32f4xx_rtc.o(i.RTC_GetStoreOperation), (16 bytes).
    Removing stm32f4xx_rtc.o(i.RTC_GetSubSecond), (20 bytes).
    Removing stm32f4xx_rtc.o(i.RTC_GetTime), (80 bytes).
    Removing stm32f4xx_rtc.o(i.RTC_GetTimeStamp), (156 bytes).
    Removing stm32f4xx_rtc.o(i.RTC_GetTimeStampSubSecond), (12 bytes).
    Removing stm32f4xx_rtc.o(i.RTC_GetWakeUpCounter), (12 bytes).
    Removing stm32f4xx_rtc.o(i.RTC_ITConfig), (100 bytes).
    Removing stm32f4xx_rtc.o(i.RTC_Init), (100 bytes).
    Removing stm32f4xx_rtc.o(i.RTC_OutputConfig), (56 bytes).
    Removing stm32f4xx_rtc.o(i.RTC_OutputTypeConfig), (28 bytes).
    Removing stm32f4xx_rtc.o(i.RTC_ReadBackupRegister), (32 bytes).
    Removing stm32f4xx_rtc.o(i.RTC_RefClockCmd), (80 bytes).
    Removing stm32f4xx_rtc.o(i.RTC_SetAlarm), (236 bytes).
    Removing stm32f4xx_rtc.o(i.RTC_SetDate), (200 bytes).
    Removing stm32f4xx_rtc.o(i.RTC_SetTime), (208 bytes).
    Removing stm32f4xx_rtc.o(i.RTC_SetWakeUpCounter), (28 bytes).
    Removing stm32f4xx_rtc.o(i.RTC_SmoothCalibConfig), (96 bytes).
    Removing stm32f4xx_rtc.o(i.RTC_StructInit), (14 bytes).
    Removing stm32f4xx_rtc.o(i.RTC_SynchroShiftConfig), (124 bytes).
    Removing stm32f4xx_rtc.o(i.RTC_TamperCmd), (32 bytes).
    Removing stm32f4xx_rtc.o(i.RTC_TamperFilterConfig), (28 bytes).
    Removing stm32f4xx_rtc.o(i.RTC_TamperPinSelection), (28 bytes).
    Removing stm32f4xx_rtc.o(i.RTC_TamperPinsPrechargeDuration), (28 bytes).
    Removing stm32f4xx_rtc.o(i.RTC_TamperPullUpCmd), (36 bytes).
    Removing stm32f4xx_rtc.o(i.RTC_TamperSamplingFreqConfig), (28 bytes).
    Removing stm32f4xx_rtc.o(i.RTC_TamperTriggerConfig), (36 bytes).
    Removing stm32f4xx_rtc.o(i.RTC_TimeStampCmd), (56 bytes).
    Removing stm32f4xx_rtc.o(i.RTC_TimeStampOnTamperDetectionCmd), (36 bytes).
    Removing stm32f4xx_rtc.o(i.RTC_TimeStampPinSelection), (28 bytes).
    Removing stm32f4xx_rtc.o(i.RTC_TimeStructInit), (12 bytes).
    Removing stm32f4xx_rtc.o(i.RTC_WaitForSynchro), (96 bytes).
    Removing stm32f4xx_rtc.o(i.RTC_WakeUpClockConfig), (48 bytes).
    Removing stm32f4xx_rtc.o(i.RTC_WakeUpCmd), (120 bytes).
    Removing stm32f4xx_rtc.o(i.RTC_WriteBackupRegister), (28 bytes).
    Removing stm32f4xx_rtc.o(i.RTC_WriteProtectionCmd), (28 bytes).
    Removing stm32f4xx_cryp_tdes.o(.rev16_text), (4 bytes).
    Removing stm32f4xx_cryp_tdes.o(.revsh_text), (4 bytes).
    Removing stm32f4xx_cryp_tdes.o(i.CRYP_TDES_CBC), (280 bytes).
    Removing stm32f4xx_cryp_tdes.o(i.CRYP_TDES_ECB), (256 bytes).
    Removing stm32f4xx_ltdc.o(.rev16_text), (4 bytes).
    Removing stm32f4xx_ltdc.o(.revsh_text), (4 bytes).
    Removing stm32f4xx_ltdc.o(i.LTDC_CLUTCmd), (32 bytes).
    Removing stm32f4xx_ltdc.o(i.LTDC_CLUTInit), (32 bytes).
    Removing stm32f4xx_ltdc.o(i.LTDC_CLUTStructInit), (12 bytes).
    Removing stm32f4xx_ltdc.o(i.LTDC_ClearFlag), (12 bytes).
    Removing stm32f4xx_ltdc.o(i.LTDC_ClearITPendingBit), (12 bytes).
    Removing stm32f4xx_ltdc.o(i.LTDC_Cmd), (36 bytes).
    Removing stm32f4xx_ltdc.o(i.LTDC_ColorKeyingConfig), (68 bytes).
    Removing stm32f4xx_ltdc.o(i.LTDC_ColorKeyingStructInit), (10 bytes).
    Removing stm32f4xx_ltdc.o(i.LTDC_DeInit), (22 bytes).
    Removing stm32f4xx_ltdc.o(i.LTDC_DitherCmd), (36 bytes).
    Removing stm32f4xx_ltdc.o(i.LTDC_GetCDStatus), (24 bytes).
    Removing stm32f4xx_ltdc.o(i.LTDC_GetFlagStatus), (24 bytes).
    Removing stm32f4xx_ltdc.o(i.LTDC_GetITStatus), (44 bytes).
    Removing stm32f4xx_ltdc.o(i.LTDC_GetPosStatus), (44 bytes).
    Removing stm32f4xx_ltdc.o(i.LTDC_GetRGBWidth), (64 bytes).
    Removing stm32f4xx_ltdc.o(i.LTDC_ITConfig), (32 bytes).
    Removing stm32f4xx_ltdc.o(i.LTDC_Init), (392 bytes).
    Removing stm32f4xx_ltdc.o(i.LTDC_LIPConfig), (12 bytes).
    Removing stm32f4xx_ltdc.o(i.LTDC_LayerAddress), (4 bytes).
    Removing stm32f4xx_ltdc.o(i.LTDC_LayerAlpha), (4 bytes).
    Removing stm32f4xx_ltdc.o(i.LTDC_LayerCmd), (22 bytes).
    Removing stm32f4xx_ltdc.o(i.LTDC_LayerInit), (276 bytes).
    Removing stm32f4xx_ltdc.o(i.LTDC_LayerPixelFormat), (106 bytes).
    Removing stm32f4xx_ltdc.o(i.LTDC_LayerPosition), (160 bytes).
    Removing stm32f4xx_ltdc.o(i.LTDC_LayerSize), (116 bytes).
    Removing stm32f4xx_ltdc.o(i.LTDC_LayerStructInit), (48 bytes).
    Removing stm32f4xx_ltdc.o(i.LTDC_PosStructInit), (8 bytes).
    Removing stm32f4xx_ltdc.o(i.LTDC_RGBStructInit), (10 bytes).
    Removing stm32f4xx_ltdc.o(i.LTDC_ReloadConfig), (12 bytes).
    Removing stm32f4xx_ltdc.o(i.LTDC_StructInit), (34 bytes).
    Removing stm32f4xx_syscfg.o(.rev16_text), (4 bytes).
    Removing stm32f4xx_syscfg.o(.revsh_text), (4 bytes).
    Removing stm32f4xx_syscfg.o(i.SYSCFG_CompensationCellCmd), (12 bytes).
    Removing stm32f4xx_syscfg.o(i.SYSCFG_DeInit), (22 bytes).
    Removing stm32f4xx_syscfg.o(i.SYSCFG_ETH_MediaInterfaceConfig), (12 bytes).
    Removing stm32f4xx_syscfg.o(i.SYSCFG_EXTILineConfig), (64 bytes).
    Removing stm32f4xx_syscfg.o(i.SYSCFG_GetCompensationCellStatus), (24 bytes).
    Removing stm32f4xx_syscfg.o(i.SYSCFG_MemoryRemapConfig), (12 bytes).
    Removing stm32f4xx_syscfg.o(i.SYSCFG_MemorySwappingBank), (12 bytes).
    Removing main.o(.rev16_text), (4 bytes).
    Removing main.o(.revsh_text), (4 bytes).
    Removing main.o(i.Delay), (24 bytes).
    Removing main.o(i.setpulse), (10 bytes).
    Removing stm32f4xx_it.o(.rev16_text), (4 bytes).
    Removing stm32f4xx_it.o(.revsh_text), (4 bytes).
    Removing stm32f4xx_it.o(i.Clear_CMD_Freq), (84 bytes).

742 unused section(s) (total 34266 bytes) removed from the image.

==============================================================================

Image Symbol Table

    Local Symbols

    Symbol Name                              Value     Ov Type        Size  Object(Section)

    ../clib/../cmprslib/zerorunl2.c          0x00000000   Number         0  __dczerorl2.o ABSOLUTE
    ../clib/microlib/init/entry.s            0x00000000   Number         0  entry11a.o ABSOLUTE
    ../clib/microlib/init/entry.s            0x00000000   Number         0  entry10b.o ABSOLUTE
    ../clib/microlib/init/entry.s            0x00000000   Number         0  entry10a.o ABSOLUTE
    ../clib/microlib/init/entry.s            0x00000000   Number         0  entry9b.o ABSOLUTE
    ../clib/microlib/init/entry.s            0x00000000   Number         0  entry9a.o ABSOLUTE
    ../clib/microlib/init/entry.s            0x00000000   Number         0  entry8a.o ABSOLUTE
    ../clib/microlib/init/entry.s            0x00000000   Number         0  entry7a.o ABSOLUTE
    ../clib/microlib/init/entry.s            0x00000000   Number         0  entry7b.o ABSOLUTE
    ../clib/microlib/init/entry.s            0x00000000   Number         0  entry11b.o ABSOLUTE
    ../clib/microlib/init/entry.s            0x00000000   Number         0  entry.o ABSOLUTE
    ../clib/microlib/init/entry.s            0x00000000   Number         0  entry8b.o ABSOLUTE
    ../clib/microlib/init/entry.s            0x00000000   Number         0  entry2.o ABSOLUTE
    ../clib/microlib/init/entry.s            0x00000000   Number         0  entry5.o ABSOLUTE
    ../clib/microlib/longlong.c              0x00000000   Number         0  llshl.o ABSOLUTE
    ../clib/microlib/longlong.c              0x00000000   Number         0  llushr.o ABSOLUTE
    ../clib/microlib/longlong.c              0x00000000   Number         0  llsshr.o ABSOLUTE
    ../clib/microlib/stubs.s                 0x00000000   Number         0  iusefp.o ABSOLUTE
    ../fplib/microlib/fpadd.c                0x00000000   Number         0  dadd.o ABSOLUTE
    ../fplib/microlib/fpdiv.c                0x00000000   Number         0  ddiv.o ABSOLUTE
    ../fplib/microlib/fpepilogue.c           0x00000000   Number         0  depilogue.o ABSOLUTE
    ../fplib/microlib/fpfix.c                0x00000000   Number         0  dfixui.o ABSOLUTE
    ../fplib/microlib/fpfix.c                0x00000000   Number         0  dfixi.o ABSOLUTE
    ../fplib/microlib/fpflt.c                0x00000000   Number         0  dflti.o ABSOLUTE
    ../fplib/microlib/fpflt.c                0x00000000   Number         0  dfltui.o ABSOLUTE
    ../fplib/microlib/fpmul.c                0x00000000   Number         0  dmul.o ABSOLUTE
    ..\..\..\Libraries\CMSIS\Device\ST\STM32F4xx\Source\Templates\arm\startup_stm32f40_41xxx.s 0x00000000   Number         0  startup_stm32f40_41xxx.o ABSOLUTE
    ..\..\..\Libraries\STM32F4xx_StdPeriph_Driver\src\misc.c 0x00000000   Number         0  misc.o ABSOLUTE
    ..\..\..\Libraries\STM32F4xx_StdPeriph_Driver\src\stm32f4xx_adc.c 0x00000000   Number         0  stm32f4xx_adc.o ABSOLUTE
    ..\..\..\Libraries\STM32F4xx_StdPeriph_Driver\src\stm32f4xx_can.c 0x00000000   Number         0  stm32f4xx_can.o ABSOLUTE
    ..\..\..\Libraries\STM32F4xx_StdPeriph_Driver\src\stm32f4xx_crc.c 0x00000000   Number         0  stm32f4xx_crc.o ABSOLUTE
    ..\..\..\Libraries\STM32F4xx_StdPeriph_Driver\src\stm32f4xx_cryp.c 0x00000000   Number         0  stm32f4xx_cryp.o ABSOLUTE
    ..\..\..\Libraries\STM32F4xx_StdPeriph_Driver\src\stm32f4xx_cryp_aes.c 0x00000000   Number         0  stm32f4xx_cryp_aes.o ABSOLUTE
    ..\..\..\Libraries\STM32F4xx_StdPeriph_Driver\src\stm32f4xx_cryp_des.c 0x00000000   Number         0  stm32f4xx_cryp_des.o ABSOLUTE
    ..\..\..\Libraries\STM32F4xx_StdPeriph_Driver\src\stm32f4xx_cryp_tdes.c 0x00000000   Number         0  stm32f4xx_cryp_tdes.o ABSOLUTE
    ..\..\..\Libraries\STM32F4xx_StdPeriph_Driver\src\stm32f4xx_dac.c 0x00000000   Number         0  stm32f4xx_dac.o ABSOLUTE
    ..\..\..\Libraries\STM32F4xx_StdPeriph_Driver\src\stm32f4xx_dbgmcu.c 0x00000000   Number         0  stm32f4xx_dbgmcu.o ABSOLUTE
    ..\..\..\Libraries\STM32F4xx_StdPeriph_Driver\src\stm32f4xx_dcmi.c 0x00000000   Number         0  stm32f4xx_dcmi.o ABSOLUTE
    ..\..\..\Libraries\STM32F4xx_StdPeriph_Driver\src\stm32f4xx_dma.c 0x00000000   Number         0  stm32f4xx_dma.o ABSOLUTE
    ..\..\..\Libraries\STM32F4xx_StdPeriph_Driver\src\stm32f4xx_dma2d.c 0x00000000   Number         0  stm32f4xx_dma2d.o ABSOLUTE
    ..\..\..\Libraries\STM32F4xx_StdPeriph_Driver\src\stm32f4xx_exti.c 0x00000000   Number         0  stm32f4xx_exti.o ABSOLUTE
    ..\..\..\Libraries\STM32F4xx_StdPeriph_Driver\src\stm32f4xx_flash.c 0x00000000   Number         0  stm32f4xx_flash.o ABSOLUTE
    ..\..\..\Libraries\STM32F4xx_StdPeriph_Driver\src\stm32f4xx_fsmc.c 0x00000000   Number         0  stm32f4xx_fsmc.o ABSOLUTE
    ..\..\..\Libraries\STM32F4xx_StdPeriph_Driver\src\stm32f4xx_gpio.c 0x00000000   Number         0  stm32f4xx_gpio.o ABSOLUTE
    ..\..\..\Libraries\STM32F4xx_StdPeriph_Driver\src\stm32f4xx_hash.c 0x00000000   Number         0  stm32f4xx_hash.o ABSOLUTE
    ..\..\..\Libraries\STM32F4xx_StdPeriph_Driver\src\stm32f4xx_hash_md5.c 0x00000000   Number         0  stm32f4xx_hash_md5.o ABSOLUTE
    ..\..\..\Libraries\STM32F4xx_StdPeriph_Driver\src\stm32f4xx_hash_sha1.c 0x00000000   Number         0  stm32f4xx_hash_sha1.o ABSOLUTE
    ..\..\..\Libraries\STM32F4xx_StdPeriph_Driver\src\stm32f4xx_i2c.c 0x00000000   Number         0  stm32f4xx_i2c.o ABSOLUTE
    ..\..\..\Libraries\STM32F4xx_StdPeriph_Driver\src\stm32f4xx_iwdg.c 0x00000000   Number         0  stm32f4xx_iwdg.o ABSOLUTE
    ..\..\..\Libraries\STM32F4xx_StdPeriph_Driver\src\stm32f4xx_ltdc.c 0x00000000   Number         0  stm32f4xx_ltdc.o ABSOLUTE
    ..\..\..\Libraries\STM32F4xx_StdPeriph_Driver\src\stm32f4xx_pwr.c 0x00000000   Number         0  stm32f4xx_pwr.o ABSOLUTE
    ..\..\..\Libraries\STM32F4xx_StdPeriph_Driver\src\stm32f4xx_rcc.c 0x00000000   Number         0  stm32f4xx_rcc.o ABSOLUTE
    ..\..\..\Libraries\STM32F4xx_StdPeriph_Driver\src\stm32f4xx_rng.c 0x00000000   Number         0  stm32f4xx_rng.o ABSOLUTE
    ..\..\..\Libraries\STM32F4xx_StdPeriph_Driver\src\stm32f4xx_rtc.c 0x00000000   Number         0  stm32f4xx_rtc.o ABSOLUTE
    ..\..\..\Libraries\STM32F4xx_StdPeriph_Driver\src\stm32f4xx_sai.c 0x00000000   Number         0  stm32f4xx_sai.o ABSOLUTE
    ..\..\..\Libraries\STM32F4xx_StdPeriph_Driver\src\stm32f4xx_sdio.c 0x00000000   Number         0  stm32f4xx_sdio.o ABSOLUTE
    ..\..\..\Libraries\STM32F4xx_StdPeriph_Driver\src\stm32f4xx_spi.c 0x00000000   Number         0  stm32f4xx_spi.o ABSOLUTE
    ..\..\..\Libraries\STM32F4xx_StdPeriph_Driver\src\stm32f4xx_syscfg.c 0x00000000   Number         0  stm32f4xx_syscfg.o ABSOLUTE
    ..\..\..\Libraries\STM32F4xx_StdPeriph_Driver\src\stm32f4xx_tim.c 0x00000000   Number         0  stm32f4xx_tim.o ABSOLUTE
    ..\..\..\Libraries\STM32F4xx_StdPeriph_Driver\src\stm32f4xx_usart.c 0x00000000   Number         0  stm32f4xx_usart.o ABSOLUTE
    ..\..\..\Libraries\STM32F4xx_StdPeriph_Driver\src\stm32f4xx_wwdg.c 0x00000000   Number         0  stm32f4xx_wwdg.o ABSOLUTE
    ..\\..\\..\\Libraries\\STM32F4xx_StdPeriph_Driver\\src\\misc.c 0x00000000   Number         0  misc.o ABSOLUTE
    ..\\..\\..\\Libraries\\STM32F4xx_StdPeriph_Driver\\src\\stm32f4xx_adc.c 0x00000000   Number         0  stm32f4xx_adc.o ABSOLUTE
    ..\\..\\..\\Libraries\\STM32F4xx_StdPeriph_Driver\\src\\stm32f4xx_can.c 0x00000000   Number         0  stm32f4xx_can.o ABSOLUTE
    ..\\..\\..\\Libraries\\STM32F4xx_StdPeriph_Driver\\src\\stm32f4xx_crc.c 0x00000000   Number         0  stm32f4xx_crc.o ABSOLUTE
    ..\\..\\..\\Libraries\\STM32F4xx_StdPeriph_Driver\\src\\stm32f4xx_cryp.c 0x00000000   Number         0  stm32f4xx_cryp.o ABSOLUTE
    ..\\..\\..\\Libraries\\STM32F4xx_StdPeriph_Driver\\src\\stm32f4xx_cryp_aes.c 0x00000000   Number         0  stm32f4xx_cryp_aes.o ABSOLUTE
    ..\\..\\..\\Libraries\\STM32F4xx_StdPeriph_Driver\\src\\stm32f4xx_cryp_des.c 0x00000000   Number         0  stm32f4xx_cryp_des.o ABSOLUTE
    ..\\..\\..\\Libraries\\STM32F4xx_StdPeriph_Driver\\src\\stm32f4xx_cryp_tdes.c 0x00000000   Number         0  stm32f4xx_cryp_tdes.o ABSOLUTE
    ..\\..\\..\\Libraries\\STM32F4xx_StdPeriph_Driver\\src\\stm32f4xx_dac.c 0x00000000   Number         0  stm32f4xx_dac.o ABSOLUTE
    ..\\..\\..\\Libraries\\STM32F4xx_StdPeriph_Driver\\src\\stm32f4xx_dbgmcu.c 0x00000000   Number         0  stm32f4xx_dbgmcu.o ABSOLUTE
    ..\\..\\..\\Libraries\\STM32F4xx_StdPeriph_Driver\\src\\stm32f4xx_dcmi.c 0x00000000   Number         0  stm32f4xx_dcmi.o ABSOLUTE
    ..\\..\\..\\Libraries\\STM32F4xx_StdPeriph_Driver\\src\\stm32f4xx_dma.c 0x00000000   Number         0  stm32f4xx_dma.o ABSOLUTE
    ..\\..\\..\\Libraries\\STM32F4xx_StdPeriph_Driver\\src\\stm32f4xx_dma2d.c 0x00000000   Number         0  stm32f4xx_dma2d.o ABSOLUTE
    ..\\..\\..\\Libraries\\STM32F4xx_StdPeriph_Driver\\src\\stm32f4xx_exti.c 0x00000000   Number         0  stm32f4xx_exti.o ABSOLUTE
    ..\\..\\..\\Libraries\\STM32F4xx_StdPeriph_Driver\\src\\stm32f4xx_flash.c 0x00000000   Number         0  stm32f4xx_flash.o ABSOLUTE
    ..\\..\\..\\Libraries\\STM32F4xx_StdPeriph_Driver\\src\\stm32f4xx_fsmc.c 0x00000000   Number         0  stm32f4xx_fsmc.o ABSOLUTE
    ..\\..\\..\\Libraries\\STM32F4xx_StdPeriph_Driver\\src\\stm32f4xx_gpio.c 0x00000000   Number         0  stm32f4xx_gpio.o ABSOLUTE
    ..\\..\\..\\Libraries\\STM32F4xx_StdPeriph_Driver\\src\\stm32f4xx_hash.c 0x00000000   Number         0  stm32f4xx_hash.o ABSOLUTE
    ..\\..\\..\\Libraries\\STM32F4xx_StdPeriph_Driver\\src\\stm32f4xx_hash_md5.c 0x00000000   Number         0  stm32f4xx_hash_md5.o ABSOLUTE
    ..\\..\\..\\Libraries\\STM32F4xx_StdPeriph_Driver\\src\\stm32f4xx_hash_sha1.c 0x00000000   Number         0  stm32f4xx_hash_sha1.o ABSOLUTE
    ..\\..\\..\\Libraries\\STM32F4xx_StdPeriph_Driver\\src\\stm32f4xx_i2c.c 0x00000000   Number         0  stm32f4xx_i2c.o ABSOLUTE
    ..\\..\\..\\Libraries\\STM32F4xx_StdPeriph_Driver\\src\\stm32f4xx_iwdg.c 0x00000000   Number         0  stm32f4xx_iwdg.o ABSOLUTE
    ..\\..\\..\\Libraries\\STM32F4xx_StdPeriph_Driver\\src\\stm32f4xx_ltdc.c 0x00000000   Number         0  stm32f4xx_ltdc.o ABSOLUTE
    ..\\..\\..\\Libraries\\STM32F4xx_StdPeriph_Driver\\src\\stm32f4xx_pwr.c 0x00000000   Number         0  stm32f4xx_pwr.o ABSOLUTE
    ..\\..\\..\\Libraries\\STM32F4xx_StdPeriph_Driver\\src\\stm32f4xx_rcc.c 0x00000000   Number         0  stm32f4xx_rcc.o ABSOLUTE
    ..\\..\\..\\Libraries\\STM32F4xx_StdPeriph_Driver\\src\\stm32f4xx_rng.c 0x00000000   Number         0  stm32f4xx_rng.o ABSOLUTE
    ..\\..\\..\\Libraries\\STM32F4xx_StdPeriph_Driver\\src\\stm32f4xx_rtc.c 0x00000000   Number         0  stm32f4xx_rtc.o ABSOLUTE
    ..\\..\\..\\Libraries\\STM32F4xx_StdPeriph_Driver\\src\\stm32f4xx_sai.c 0x00000000   Number         0  stm32f4xx_sai.o ABSOLUTE
    ..\\..\\..\\Libraries\\STM32F4xx_StdPeriph_Driver\\src\\stm32f4xx_sdio.c 0x00000000   Number         0  stm32f4xx_sdio.o ABSOLUTE
    ..\\..\\..\\Libraries\\STM32F4xx_StdPeriph_Driver\\src\\stm32f4xx_spi.c 0x00000000   Number         0  stm32f4xx_spi.o ABSOLUTE
    ..\\..\\..\\Libraries\\STM32F4xx_StdPeriph_Driver\\src\\stm32f4xx_syscfg.c 0x00000000   Number         0  stm32f4xx_syscfg.o ABSOLUTE
    ..\\..\\..\\Libraries\\STM32F4xx_StdPeriph_Driver\\src\\stm32f4xx_tim.c 0x00000000   Number         0  stm32f4xx_tim.o ABSOLUTE
    ..\\..\\..\\Libraries\\STM32F4xx_StdPeriph_Driver\\src\\stm32f4xx_usart.c 0x00000000   Number         0  stm32f4xx_usart.o ABSOLUTE
    ..\\..\\..\\Libraries\\STM32F4xx_StdPeriph_Driver\\src\\stm32f4xx_wwdg.c 0x00000000   Number         0  stm32f4xx_wwdg.o ABSOLUTE
    ..\\main.c                               0x00000000   Number         0  main.o ABSOLUTE
    ..\\stm32f4xx_it.c                       0x00000000   Number         0  stm32f4xx_it.o ABSOLUTE
    ..\\system_stm32f4xx.c                   0x00000000   Number         0  system_stm32f4xx.o ABSOLUTE
    ..\main.c                                0x00000000   Number         0  main.o ABSOLUTE
    ..\stm32f4xx_it.c                        0x00000000   Number         0  stm32f4xx_it.o ABSOLUTE
    ..\system_stm32f4xx.c                    0x00000000   Number         0  system_stm32f4xx.o ABSOLUTE
    cdcmple.s                                0x00000000   Number         0  cdcmple.o ABSOLUTE
    cdrcmple.s                               0x00000000   Number         0  cdrcmple.o ABSOLUTE
    dc.s                                     0x00000000   Number         0  dc.o ABSOLUTE
    handlers.s                               0x00000000   Number         0  handlers.o ABSOLUTE
    init.s                                   0x00000000   Number         0  init.o ABSOLUTE
    RESET                                    0x08000000   Section      392  startup_stm32f40_41xxx.o(RESET)
    .ARM.Collect$$$$00000000                 0x08000188   Section        0  entry.o(.ARM.Collect$$$$00000000)
    .ARM.Collect$$$$00000001                 0x08000188   Section        4  entry2.o(.ARM.Collect$$$$00000001)
    .ARM.Collect$$$$00000004                 0x0800018c   Section        4  entry5.o(.ARM.Collect$$$$00000004)
    .ARM.Collect$$$$00000008                 0x08000190   Section        0  entry7b.o(.ARM.Collect$$$$00000008)
    .ARM.Collect$$$$0000000A                 0x08000190   Section        0  entry8b.o(.ARM.Collect$$$$0000000A)
    .ARM.Collect$$$$0000000B                 0x08000190   Section        8  entry9a.o(.ARM.Collect$$$$0000000B)
    .ARM.Collect$$$$0000000D                 0x08000198   Section        0  entry10a.o(.ARM.Collect$$$$0000000D)
    .ARM.Collect$$$$0000000F                 0x08000198   Section        0  entry11a.o(.ARM.Collect$$$$0000000F)
    .ARM.Collect$$$$00002712                 0x08000198   Section        4  entry2.o(.ARM.Collect$$$$00002712)
    __lit__00000000                          0x08000198   Data           4  entry2.o(.ARM.Collect$$$$00002712)
    .text                                    0x0800019c   Section       36  startup_stm32f40_41xxx.o(.text)
    $v0                                      0x0800019c   Number         0  startup_stm32f40_41xxx.o(.text)
    .text                                    0x080001c0   Section        0  dadd.o(.text)
    .text                                    0x0800030e   Section        0  dmul.o(.text)
    .text                                    0x080003f2   Section        0  ddiv.o(.text)
    .text                                    0x080004d0   Section        0  dflti.o(.text)
    .text                                    0x080004f2   Section        0  dfltui.o(.text)
    .text                                    0x0800050c   Section        0  dfixi.o(.text)
    .text                                    0x0800054a   Section        0  dfixui.o(.text)
    .text                                    0x0800057c   Section       40  cdcmple.o(.text)
    .text                                    0x080005a4   Section       40  cdrcmple.o(.text)
    .text                                    0x080005cc   Section        0  llshl.o(.text)
    .text                                    0x080005ea   Section        0  llushr.o(.text)
    .text                                    0x0800060a   Section        0  llsshr.o(.text)
    .text                                    0x0800062e   Section        0  depilogue.o(.text)
    .text                                    0x0800062e   Section        0  iusefp.o(.text)
    .text                                    0x080006e4   Section       36  init.o(.text)
    .text                                    0x08000708   Section        0  __dczerorl2.o(.text)
    i.BusFault_Handler                       0x0800075e   Section        0  stm32f4xx_it.o(i.BusFault_Handler)
    i.Clear_All                              0x08000764   Section        0  stm32f4xx_it.o(i.Clear_All)
    i.Clear_Distance                         0x0800088c   Section        0  stm32f4xx_it.o(i.Clear_Distance)
    i.DebugMon_Handler                       0x08000964   Section        0  stm32f4xx_it.o(i.DebugMon_Handler)
    i.DriveInit                              0x08000968   Section        0  main.o(i.DriveInit)
    i.GPIO_Init                              0x080009a4   Section        0  stm32f4xx_gpio.o(i.GPIO_Init)
    i.GPIO_PinAFConfig                       0x08000a34   Section        0  stm32f4xx_gpio.o(i.GPIO_PinAFConfig)
    i.GPIO_ReadInputDataBit                  0x08000a7a   Section        0  stm32f4xx_gpio.o(i.GPIO_ReadInputDataBit)
    i.HardFault_Handler                      0x08000a8c   Section        0  stm32f4xx_it.o(i.HardFault_Handler)
    i.HeartBeat                              0x08000a90   Section        0  stm32f4xx_it.o(i.HeartBeat)
    i.MemManage_Handler                      0x08000ae4   Section        0  stm32f4xx_it.o(i.MemManage_Handler)
    i.Move_Backward                          0x08000ae8   Section        0  main.o(i.Move_Backward)
    i.Move_Forward                           0x08000b00   Section        0  main.o(i.Move_Forward)
    i.NMI_Handler                            0x08000b18   Section        0  stm32f4xx_it.o(i.NMI_Handler)
    i.NVIC_Init                              0x08000b1c   Section        0  misc.o(i.NVIC_Init)
    i.PendSV_Handler                         0x08000b94   Section        0  stm32f4xx_it.o(i.PendSV_Handler)
    i.PreScale_TIME_Init                     0x08000b98   Section        0  main.o(i.PreScale_TIME_Init)
    i.RCC_AHB1PeriphClockCmd                 0x08000c80   Section        0  stm32f4xx_rcc.o(i.RCC_AHB1PeriphClockCmd)
    i.RCC_APB1PeriphClockCmd                 0x08000ca0   Section        0  stm32f4xx_rcc.o(i.RCC_APB1PeriphClockCmd)
    i.RCC_APB2PeriphClockCmd                 0x08000cc0   Section        0  stm32f4xx_rcc.o(i.RCC_APB2PeriphClockCmd)
    i.RCC_GetClocksFreq                      0x08000ce0   Section        0  stm32f4xx_rcc.o(i.RCC_GetClocksFreq)
    i.SVC_Handler                            0x08000dc8   Section        0  stm32f4xx_it.o(i.SVC_Handler)
    i.SetLeftBackWheelPwm                    0x08000dcc   Section        0  main.o(i.SetLeftBackWheelPwm)
    i.SetLeftFrontWheelPwm                   0x08000de4   Section        0  main.o(i.SetLeftFrontWheelPwm)
    i.SetRightBackWheelPwm                   0x08000dfc   Section        0  main.o(i.SetRightBackWheelPwm)
    i.SetRightFrontWheelPwm                  0x08000e14   Section        0  main.o(i.SetRightFrontWheelPwm)
    i.SetSysClock                            0x08000e2c   Section        0  system_stm32f4xx.o(i.SetSysClock)
    SetSysClock                              0x08000e2d   Thumb Code   220  system_stm32f4xx.o(i.SetSysClock)
    i.SysTick_Handler                        0x08000f18   Section        0  stm32f4xx_it.o(i.SysTick_Handler)
    i.SystemInit                             0x08001424   Section        0  system_stm32f4xx.o(i.SystemInit)
    i.TI1_Config                             0x0800148c   Section        0  stm32f4xx_tim.o(i.TI1_Config)
    TI1_Config                               0x0800148d   Thumb Code    58  stm32f4xx_tim.o(i.TI1_Config)
    i.TI2_Config                             0x080014c6   Section        0  stm32f4xx_tim.o(i.TI2_Config)
    TI2_Config                               0x080014c7   Thumb Code    80  stm32f4xx_tim.o(i.TI2_Config)
    i.TI3_Config                             0x08001516   Section        0  stm32f4xx_tim.o(i.TI3_Config)
    TI3_Config                               0x08001517   Thumb Code    72  stm32f4xx_tim.o(i.TI3_Config)
    i.TI4_Config                             0x0800155e   Section        0  stm32f4xx_tim.o(i.TI4_Config)
    TI4_Config                               0x0800155f   Thumb Code    80  stm32f4xx_tim.o(i.TI4_Config)
    i.TIM1_CC_IRQHandler                     0x080015b0   Section        0  stm32f4xx_it.o(i.TIM1_CC_IRQHandler)
    i.TIM2_IRQHandler                        0x080016a4   Section        0  stm32f4xx_it.o(i.TIM2_IRQHandler)
    i.TIM3_Config                            0x0800173c   Section        0  main.o(i.TIM3_Config)
    i.TIM4_IRQHandler                        0x080017a4   Section        0  stm32f4xx_it.o(i.TIM4_IRQHandler)
    i.TIM5_IRQHandler                        0x0800183c   Section        0  stm32f4xx_it.o(i.TIM5_IRQHandler)
    i.TIM7_Config                            0x080018d4   Section        0  main.o(i.TIM7_Config)
    i.TIM7_IRQHandler                        0x08001930   Section        0  stm32f4xx_it.o(i.TIM7_IRQHandler)
    i.TIM_ARRPreloadConfig                   0x08001e34   Section        0  stm32f4xx_tim.o(i.TIM_ARRPreloadConfig)
    i.TIM_ClearITPendingBit                  0x08001e4c   Section        0  stm32f4xx_tim.o(i.TIM_ClearITPendingBit)
    i.TIM_Cmd                                0x08001e52   Section        0  stm32f4xx_tim.o(i.TIM_Cmd)
    i.TIM_Config                             0x08001e6c   Section        0  main.o(i.TIM_Config)
    i.TIM_GetCapture1                        0x08001fb8   Section        0  stm32f4xx_tim.o(i.TIM_GetCapture1)
    i.TIM_GetCapture2                        0x08001fbe   Section        0  stm32f4xx_tim.o(i.TIM_GetCapture2)
    i.TIM_GetITStatus                        0x08001fc4   Section        0  stm32f4xx_tim.o(i.TIM_GetITStatus)
    i.TIM_ICInit                             0x08001fe6   Section        0  stm32f4xx_tim.o(i.TIM_ICInit)
    i.TIM_ITConfig                           0x08002054   Section        0  stm32f4xx_tim.o(i.TIM_ITConfig)
    i.TIM_OC1Init                            0x08002068   Section        0  stm32f4xx_tim.o(i.TIM_OC1Init)
    i.TIM_OC1PreloadConfig                   0x080020e4   Section        0  stm32f4xx_tim.o(i.TIM_OC1PreloadConfig)
    i.TIM_OC2Init                            0x080020f8   Section        0  stm32f4xx_tim.o(i.TIM_OC2Init)
    i.TIM_OC2PreloadConfig                   0x0800219c   Section        0  stm32f4xx_tim.o(i.TIM_OC2PreloadConfig)
    i.TIM_OC3Init                            0x080021b8   Section        0  stm32f4xx_tim.o(i.TIM_OC3Init)
    i.TIM_OC3PreloadConfig                   0x08002258   Section        0  stm32f4xx_tim.o(i.TIM_OC3PreloadConfig)
    i.TIM_OC4Init                            0x0800226c   Section        0  stm32f4xx_tim.o(i.TIM_OC4Init)
    i.TIM_OC4PreloadConfig                   0x080022e4   Section        0  stm32f4xx_tim.o(i.TIM_OC4PreloadConfig)
    i.TIM_PWMIConfig                         0x080022fe   Section        0  stm32f4xx_tim.o(i.TIM_PWMIConfig)
    i.TIM_SelectInputTrigger                 0x0800237a   Section        0  stm32f4xx_tim.o(i.TIM_SelectInputTrigger)
    i.TIM_SelectMasterSlaveMode              0x0800238c   Section        0  stm32f4xx_tim.o(i.TIM_SelectMasterSlaveMode)
    i.TIM_SelectSlaveMode                    0x0800239e   Section        0  stm32f4xx_tim.o(i.TIM_SelectSlaveMode)
    i.TIM_SetIC1Prescaler                    0x080023b0   Section        0  stm32f4xx_tim.o(i.TIM_SetIC1Prescaler)
    i.TIM_SetIC2Prescaler                    0x080023c2   Section        0  stm32f4xx_tim.o(i.TIM_SetIC2Prescaler)
    i.TIM_SetIC3Prescaler                    0x080023dc   Section        0  stm32f4xx_tim.o(i.TIM_SetIC3Prescaler)
    i.TIM_SetIC4Prescaler                    0x080023ee   Section        0  stm32f4xx_tim.o(i.TIM_SetIC4Prescaler)
    i.TIM_TimeBaseInit                       0x08002408   Section        0  stm32f4xx_tim.o(i.TIM_TimeBaseInit)
    i.TMR3_PWM_Init                          0x0800248c   Section        0  main.o(i.TMR3_PWM_Init)
    i.Test                                   0x0800256c   Section        0  main.o(i.Test)
    i.TimingDelay_Decrement                  0x080025d8   Section        0  main.o(i.TimingDelay_Decrement)
    i.UsageFault_Handler                     0x080025f0   Section        0  stm32f4xx_it.o(i.UsageFault_Handler)
    i.__scatterload_copy                     0x080025f4   Section       14  handlers.o(i.__scatterload_copy)
    i.__scatterload_null                     0x08002602   Section        2  handlers.o(i.__scatterload_null)
    i.__scatterload_zeroinit                 0x08002604   Section       14  handlers.o(i.__scatterload_zeroinit)
    i.main                                   0x08002614   Section        0  main.o(i.main)
    i.mainInit                               0x080027ac   Section        0  main.o(i.mainInit)
    i.setpwm                                 0x080027bc   Section        0  main.o(i.setpwm)
    .data                                    0x20000000   Section       20  system_stm32f4xx.o(.data)
    .data                                    0x20000014   Section       16  stm32f4xx_rcc.o(.data)
    APBAHBPrescTable                         0x20000014   Data          16  stm32f4xx_rcc.o(.data)
    .data                                    0x20000024   Section       20  main.o(.data)
    duty                                     0x20000024   Data           1  main.o(.data)
    rightFrontDuty                           0x20000025   Data           1  main.o(.data)
    rightBackDuty                            0x20000026   Data           1  main.o(.data)
    leftFrontDuty                            0x20000027   Data           1  main.o(.data)
    leftBackDuty                             0x20000028   Data           1  main.o(.data)
    currDuty                                 0x20000029   Data           1  main.o(.data)
    uwTimingDelay                            0x2000002c   Data           4  main.o(.data)
    .data                                    0x20000038   Section      400  stm32f4xx_it.o(.data)
    .bss                                     0x200001c8   Section       60  main.o(.bss)
    STACK                                    0x20000208   Section     1024  startup_stm32f40_41xxx.o(STACK)

    Global Symbols

    Symbol Name                              Value     Ov Type        Size  Object(Section)

    BuildAttributes$$THM_ISAv4$E$P$D$K$B$S$7EM$VFPi3$EXTD16$VFPS$VFMA$PE$A:L22UL41UL21$X:L11$S22US41US21$IEEE1$IW$USESV6$~STKCKD$USESV7$~SHL$OSPACE$ROPI$EBA8$MICROLIB$REQ8$PRES8$EABIv2 0x00000000   Number         0  anon$$obj.o ABSOLUTE
    __ARM_use_no_argv                        0x00000000   Number         0  main.o ABSOLUTE
    __cpp_initialize__aeabi_                  - Undefined Weak Reference
    __cxa_finalize                            - Undefined Weak Reference
    _clock_init                               - Undefined Weak Reference
    _microlib_exit                            - Undefined Weak Reference
    __Vectors_Size                           0x00000188   Number         0  startup_stm32f40_41xxx.o ABSOLUTE
    __Vectors                                0x08000000   Data           4  startup_stm32f40_41xxx.o(RESET)
    __Vectors_End                            0x08000188   Data           0  startup_stm32f40_41xxx.o(RESET)
    __main                                   0x08000189   Thumb Code     0  entry.o(.ARM.Collect$$$$00000000)
    _main_stk                                0x08000189   Thumb Code     0  entry2.o(.ARM.Collect$$$$00000001)
    _main_scatterload                        0x0800018d   Thumb Code     0  entry5.o(.ARM.Collect$$$$00000004)
    __main_after_scatterload                 0x08000191   Thumb Code     0  entry5.o(.ARM.Collect$$$$00000004)
    _main_clock                              0x08000191   Thumb Code     0  entry7b.o(.ARM.Collect$$$$00000008)
    _main_cpp_init                           0x08000191   Thumb Code     0  entry8b.o(.ARM.Collect$$$$0000000A)
    _main_init                               0x08000191   Thumb Code     0  entry9a.o(.ARM.Collect$$$$0000000B)
    __rt_final_cpp                           0x08000199   Thumb Code     0  entry10a.o(.ARM.Collect$$$$0000000D)
    __rt_final_exit                          0x08000199   Thumb Code     0  entry11a.o(.ARM.Collect$$$$0000000F)
    Reset_Handler                            0x0800019d   Thumb Code     8  startup_stm32f40_41xxx.o(.text)
    ADC_IRQHandler                           0x080001b7   Thumb Code     0  startup_stm32f40_41xxx.o(.text)
    CAN1_RX0_IRQHandler                      0x080001b7   Thumb Code     0  startup_stm32f40_41xxx.o(.text)
    CAN1_RX1_IRQHandler                      0x080001b7   Thumb Code     0  startup_stm32f40_41xxx.o(.text)
    CAN1_SCE_IRQHandler                      0x080001b7   Thumb Code     0  startup_stm32f40_41xxx.o(.text)
    CAN1_TX_IRQHandler                       0x080001b7   Thumb Code     0  startup_stm32f40_41xxx.o(.text)
    CAN2_RX0_IRQHandler                      0x080001b7   Thumb Code     0  startup_stm32f40_41xxx.o(.text)
    CAN2_RX1_IRQHandler                      0x080001b7   Thumb Code     0  startup_stm32f40_41xxx.o(.text)
    CAN2_SCE_IRQHandler                      0x080001b7   Thumb Code     0  startup_stm32f40_41xxx.o(.text)
    CAN2_TX_IRQHandler                       0x080001b7   Thumb Code     0  startup_stm32f40_41xxx.o(.text)
    CRYP_IRQHandler                          0x080001b7   Thumb Code     0  startup_stm32f40_41xxx.o(.text)
    DCMI_IRQHandler                          0x080001b7   Thumb Code     0  startup_stm32f40_41xxx.o(.text)
    DMA1_Stream0_IRQHandler                  0x080001b7   Thumb Code     0  startup_stm32f40_41xxx.o(.text)
    DMA1_Stream1_IRQHandler                  0x080001b7   Thumb Code     0  startup_stm32f40_41xxx.o(.text)
    DMA1_Stream2_IRQHandler                  0x080001b7   Thumb Code     0  startup_stm32f40_41xxx.o(.text)
    DMA1_Stream3_IRQHandler                  0x080001b7   Thumb Code     0  startup_stm32f40_41xxx.o(.text)
    DMA1_Stream4_IRQHandler                  0x080001b7   Thumb Code     0  startup_stm32f40_41xxx.o(.text)
    DMA1_Stream5_IRQHandler                  0x080001b7   Thumb Code     0  startup_stm32f40_41xxx.o(.text)
    DMA1_Stream6_IRQHandler                  0x080001b7   Thumb Code     0  startup_stm32f40_41xxx.o(.text)
    DMA1_Stream7_IRQHandler                  0x080001b7   Thumb Code     0  startup_stm32f40_41xxx.o(.text)
    DMA2_Stream0_IRQHandler                  0x080001b7   Thumb Code     0  startup_stm32f40_41xxx.o(.text)
    DMA2_Stream1_IRQHandler                  0x080001b7   Thumb Code     0  startup_stm32f40_41xxx.o(.text)
    DMA2_Stream2_IRQHandler                  0x080001b7   Thumb Code     0  startup_stm32f40_41xxx.o(.text)
    DMA2_Stream3_IRQHandler                  0x080001b7   Thumb Code     0  startup_stm32f40_41xxx.o(.text)
    DMA2_Stream4_IRQHandler                  0x080001b7   Thumb Code     0  startup_stm32f40_41xxx.o(.text)
    DMA2_Stream5_IRQHandler                  0x080001b7   Thumb Code     0  startup_stm32f40_41xxx.o(.text)
    DMA2_Stream6_IRQHandler                  0x080001b7   Thumb Code     0  startup_stm32f40_41xxx.o(.text)
    DMA2_Stream7_IRQHandler                  0x080001b7   Thumb Code     0  startup_stm32f40_41xxx.o(.text)
    ETH_IRQHandler                           0x080001b7   Thumb Code     0  startup_stm32f40_41xxx.o(.text)
    ETH_WKUP_IRQHandler                      0x080001b7   Thumb Code     0  startup_stm32f40_41xxx.o(.text)
    EXTI0_IRQHandler                         0x080001b7   Thumb Code     0  startup_stm32f40_41xxx.o(.text)
    EXTI15_10_IRQHandler                     0x080001b7   Thumb Code     0  startup_stm32f40_41xxx.o(.text)
    EXTI1_IRQHandler                         0x080001b7   Thumb Code     0  startup_stm32f40_41xxx.o(.text)
    EXTI2_IRQHandler                         0x080001b7   Thumb Code     0  startup_stm32f40_41xxx.o(.text)
    EXTI3_IRQHandler                         0x080001b7   Thumb Code     0  startup_stm32f40_41xxx.o(.text)
    EXTI4_IRQHandler                         0x080001b7   Thumb Code     0  startup_stm32f40_41xxx.o(.text)
    EXTI9_5_IRQHandler                       0x080001b7   Thumb Code     0  startup_stm32f40_41xxx.o(.text)
    FLASH_IRQHandler                         0x080001b7   Thumb Code     0  startup_stm32f40_41xxx.o(.text)
    FPU_IRQHandler                           0x080001b7   Thumb Code     0  startup_stm32f40_41xxx.o(.text)
    FSMC_IRQHandler                          0x080001b7   Thumb Code     0  startup_stm32f40_41xxx.o(.text)
    HASH_RNG_IRQHandler                      0x080001b7   Thumb Code     0  startup_stm32f40_41xxx.o(.text)
    I2C1_ER_IRQHandler                       0x080001b7   Thumb Code     0  startup_stm32f40_41xxx.o(.text)
    I2C1_EV_IRQHandler                       0x080001b7   Thumb Code     0  startup_stm32f40_41xxx.o(.text)
    I2C2_ER_IRQHandler                       0x080001b7   Thumb Code     0  startup_stm32f40_41xxx.o(.text)
    I2C2_EV_IRQHandler                       0x080001b7   Thumb Code     0  startup_stm32f40_41xxx.o(.text)
    I2C3_ER_IRQHandler                       0x080001b7   Thumb Code     0  startup_stm32f40_41xxx.o(.text)
    I2C3_EV_IRQHandler                       0x080001b7   Thumb Code     0  startup_stm32f40_41xxx.o(.text)
    OTG_FS_IRQHandler                        0x080001b7   Thumb Code     0  startup_stm32f40_41xxx.o(.text)
    OTG_FS_WKUP_IRQHandler                   0x080001b7   Thumb Code     0  startup_stm32f40_41xxx.o(.text)
    OTG_HS_EP1_IN_IRQHandler                 0x080001b7   Thumb Code     0  startup_stm32f40_41xxx.o(.text)
    OTG_HS_EP1_OUT_IRQHandler                0x080001b7   Thumb Code     0  startup_stm32f40_41xxx.o(.text)
    OTG_HS_IRQHandler                        0x080001b7   Thumb Code     0  startup_stm32f40_41xxx.o(.text)
    OTG_HS_WKUP_IRQHandler                   0x080001b7   Thumb Code     0  startup_stm32f40_41xxx.o(.text)
    PVD_IRQHandler                           0x080001b7   Thumb Code     0  startup_stm32f40_41xxx.o(.text)
    RCC_IRQHandler                           0x080001b7   Thumb Code     0  startup_stm32f40_41xxx.o(.text)
    RTC_Alarm_IRQHandler                     0x080001b7   Thumb Code     0  startup_stm32f40_41xxx.o(.text)
    RTC_WKUP_IRQHandler                      0x080001b7   Thumb Code     0  startup_stm32f40_41xxx.o(.text)
    SDIO_IRQHandler                          0x080001b7   Thumb Code     0  startup_stm32f40_41xxx.o(.text)
    SPI1_IRQHandler                          0x080001b7   Thumb Code     0  startup_stm32f40_41xxx.o(.text)
    SPI2_IRQHandler                          0x080001b7   Thumb Code     0  startup_stm32f40_41xxx.o(.text)
    SPI3_IRQHandler                          0x080001b7   Thumb Code     0  startup_stm32f40_41xxx.o(.text)
    TAMP_STAMP_IRQHandler                    0x080001b7   Thumb Code     0  startup_stm32f40_41xxx.o(.text)
    TIM1_BRK_TIM9_IRQHandler                 0x080001b7   Thumb Code     0  startup_stm32f40_41xxx.o(.text)
    TIM1_TRG_COM_TIM11_IRQHandler            0x080001b7   Thumb Code     0  startup_stm32f40_41xxx.o(.text)
    TIM1_UP_TIM10_IRQHandler                 0x080001b7   Thumb Code     0  startup_stm32f40_41xxx.o(.text)
    TIM3_IRQHandler                          0x080001b7   Thumb Code     0  startup_stm32f40_41xxx.o(.text)
    TIM6_DAC_IRQHandler                      0x080001b7   Thumb Code     0  startup_stm32f40_41xxx.o(.text)
    TIM8_BRK_TIM12_IRQHandler                0x080001b7   Thumb Code     0  startup_stm32f40_41xxx.o(.text)
    TIM8_CC_IRQHandler                       0x080001b7   Thumb Code     0  startup_stm32f40_41xxx.o(.text)
    TIM8_TRG_COM_TIM14_IRQHandler            0x080001b7   Thumb Code     0  startup_stm32f40_41xxx.o(.text)
    TIM8_UP_TIM13_IRQHandler                 0x080001b7   Thumb Code     0  startup_stm32f40_41xxx.o(.text)
    UART4_IRQHandler                         0x080001b7   Thumb Code     0  startup_stm32f40_41xxx.o(.text)
    UART5_IRQHandler                         0x080001b7   Thumb Code     0  startup_stm32f40_41xxx.o(.text)
    USART1_IRQHandler                        0x080001b7   Thumb Code     0  startup_stm32f40_41xxx.o(.text)
    USART2_IRQHandler                        0x080001b7   Thumb Code     0  startup_stm32f40_41xxx.o(.text)
    USART3_IRQHandler                        0x080001b7   Thumb Code     0  startup_stm32f40_41xxx.o(.text)
    USART6_IRQHandler                        0x080001b7   Thumb Code     0  startup_stm32f40_41xxx.o(.text)
    WWDG_IRQHandler                          0x080001b7   Thumb Code     0  startup_stm32f40_41xxx.o(.text)
    __aeabi_dadd                             0x080001c1   Thumb Code   322  dadd.o(.text)
    __aeabi_dsub                             0x08000303   Thumb Code     6  dadd.o(.text)
    __aeabi_drsub                            0x08000309   Thumb Code     6  dadd.o(.text)
    __aeabi_dmul                             0x0800030f   Thumb Code   228  dmul.o(.text)
    __aeabi_ddiv                             0x080003f3   Thumb Code   222  ddiv.o(.text)
    __aeabi_i2d                              0x080004d1   Thumb Code    34  dflti.o(.text)
    __aeabi_ui2d                             0x080004f3   Thumb Code    26  dfltui.o(.text)
    __aeabi_d2iz                             0x0800050d   Thumb Code    62  dfixi.o(.text)
    __aeabi_d2uiz                            0x0800054b   Thumb Code    50  dfixui.o(.text)
    __aeabi_cdcmpeq                          0x0800057d   Thumb Code     0  cdcmple.o(.text)
    __aeabi_cdcmple                          0x0800057d   Thumb Code    38  cdcmple.o(.text)
    __aeabi_cdrcmple                         0x080005a5   Thumb Code    38  cdrcmple.o(.text)
    __aeabi_llsl                             0x080005cd   Thumb Code    30  llshl.o(.text)
    _ll_shift_l                              0x080005cd   Thumb Code     0  llshl.o(.text)
    __aeabi_llsr                             0x080005eb   Thumb Code    32  llushr.o(.text)
    _ll_ushift_r                             0x080005eb   Thumb Code     0  llushr.o(.text)
    __aeabi_lasr                             0x0800060b   Thumb Code    36  llsshr.o(.text)
    _ll_sshift_r                             0x0800060b   Thumb Code     0  llsshr.o(.text)
    __I$use$fp                               0x0800062f   Thumb Code     0  iusefp.o(.text)
    _double_round                            0x0800062f   Thumb Code    26  depilogue.o(.text)
    _double_epilogue                         0x08000649   Thumb Code   156  depilogue.o(.text)
    __scatterload                            0x080006e5   Thumb Code    28  init.o(.text)
    __scatterload_rt2                        0x080006e5   Thumb Code     0  init.o(.text)
    __decompress                             0x08000709   Thumb Code     0  __dczerorl2.o(.text)
    __decompress1                            0x08000709   Thumb Code    86  __dczerorl2.o(.text)
    BusFault_Handler                         0x0800075f   Thumb Code     4  stm32f4xx_it.o(i.BusFault_Handler)
    Clear_All                                0x08000765   Thumb Code   184  stm32f4xx_it.o(i.Clear_All)
    Clear_Distance                           0x0800088d   Thumb Code   142  stm32f4xx_it.o(i.Clear_Distance)
    DebugMon_Handler                         0x08000965   Thumb Code     2  stm32f4xx_it.o(i.DebugMon_Handler)
    DriveInit                                0x08000969   Thumb Code    54  main.o(i.DriveInit)
    GPIO_Init                                0x080009a5   Thumb Code   144  stm32f4xx_gpio.o(i.GPIO_Init)
    GPIO_PinAFConfig                         0x08000a35   Thumb Code    70  stm32f4xx_gpio.o(i.GPIO_PinAFConfig)
    GPIO_ReadInputDataBit                    0x08000a7b   Thumb Code    18  stm32f4xx_gpio.o(i.GPIO_ReadInputDataBit)
    HardFault_Handler                        0x08000a8d   Thumb Code     4  stm32f4xx_it.o(i.HardFault_Handler)
    HeartBeat                                0x08000a91   Thumb Code    72  stm32f4xx_it.o(i.HeartBeat)
    MemManage_Handler                        0x08000ae5   Thumb Code     4  stm32f4xx_it.o(i.MemManage_Handler)
    Move_Backward                            0x08000ae9   Thumb Code    20  main.o(i.Move_Backward)
    Move_Forward                             0x08000b01   Thumb Code    20  main.o(i.Move_Forward)
    NMI_Handler                              0x08000b19   Thumb Code     2  stm32f4xx_it.o(i.NMI_Handler)
    NVIC_Init                                0x08000b1d   Thumb Code   106  misc.o(i.NVIC_Init)
    PendSV_Handler                           0x08000b95   Thumb Code     2  stm32f4xx_it.o(i.PendSV_Handler)
    PreScale_TIME_Init                       0x08000b99   Thumb Code   206  main.o(i.PreScale_TIME_Init)
    RCC_AHB1PeriphClockCmd                   0x08000c81   Thumb Code    26  stm32f4xx_rcc.o(i.RCC_AHB1PeriphClockCmd)
    RCC_APB1PeriphClockCmd                   0x08000ca1   Thumb Code    26  stm32f4xx_rcc.o(i.RCC_APB1PeriphClockCmd)
    RCC_APB2PeriphClockCmd                   0x08000cc1   Thumb Code    26  stm32f4xx_rcc.o(i.RCC_APB2PeriphClockCmd)
    RCC_GetClocksFreq                        0x08000ce1   Thumb Code   214  stm32f4xx_rcc.o(i.RCC_GetClocksFreq)
    SVC_Handler                              0x08000dc9   Thumb Code     2  stm32f4xx_it.o(i.SVC_Handler)
    SetLeftBackWheelPwm                      0x08000dcd   Thumb Code    18  main.o(i.SetLeftBackWheelPwm)
    SetLeftFrontWheelPwm                     0x08000de5   Thumb Code    18  main.o(i.SetLeftFrontWheelPwm)
    SetRightBackWheelPwm                     0x08000dfd   Thumb Code    18  main.o(i.SetRightBackWheelPwm)
    SetRightFrontWheelPwm                    0x08000e15   Thumb Code    18  main.o(i.SetRightFrontWheelPwm)
    SysTick_Handler                          0x08000f19   Thumb Code  1268  stm32f4xx_it.o(i.SysTick_Handler)
    SystemInit                               0x08001425   Thumb Code    88  system_stm32f4xx.o(i.SystemInit)
    TIM1_CC_IRQHandler                       0x080015b1   Thumb Code   208  stm32f4xx_it.o(i.TIM1_CC_IRQHandler)
    TIM2_IRQHandler                          0x080016a5   Thumb Code   130  stm32f4xx_it.o(i.TIM2_IRQHandler)
    TIM3_Config                              0x0800173d   Thumb Code    98  main.o(i.TIM3_Config)
    TIM4_IRQHandler                          0x080017a5   Thumb Code   126  stm32f4xx_it.o(i.TIM4_IRQHandler)
    TIM5_IRQHandler                          0x0800183d   Thumb Code   126  stm32f4xx_it.o(i.TIM5_IRQHandler)
    TIM7_Config                              0x080018d5   Thumb Code    78  main.o(i.TIM7_Config)
    TIM7_IRQHandler                          0x08001931   Thumb Code  1266  stm32f4xx_it.o(i.TIM7_IRQHandler)
    TIM_ARRPreloadConfig                     0x08001e35   Thumb Code    24  stm32f4xx_tim.o(i.TIM_ARRPreloadConfig)
    TIM_ClearITPendingBit                    0x08001e4d   Thumb Code     6  stm32f4xx_tim.o(i.TIM_ClearITPendingBit)
    TIM_Cmd                                  0x08001e53   Thumb Code    24  stm32f4xx_tim.o(i.TIM_Cmd)
    TIM_Config                               0x08001e6d   Thumb Code   318  main.o(i.TIM_Config)
    TIM_GetCapture1                          0x08001fb9   Thumb Code     6  stm32f4xx_tim.o(i.TIM_GetCapture1)
    TIM_GetCapture2                          0x08001fbf   Thumb Code     6  stm32f4xx_tim.o(i.TIM_GetCapture2)
    TIM_GetITStatus                          0x08001fc5   Thumb Code    34  stm32f4xx_tim.o(i.TIM_GetITStatus)
    TIM_ICInit                               0x08001fe7   Thumb Code   110  stm32f4xx_tim.o(i.TIM_ICInit)
    TIM_ITConfig                             0x08002055   Thumb Code    18  stm32f4xx_tim.o(i.TIM_ITConfig)
    TIM_OC1Init                              0x08002069   Thumb Code   114  stm32f4xx_tim.o(i.TIM_OC1Init)
    TIM_OC1PreloadConfig                     0x080020e5   Thumb Code    18  stm32f4xx_tim.o(i.TIM_OC1PreloadConfig)
    TIM_OC2Init                              0x080020f9   Thumb Code   154  stm32f4xx_tim.o(i.TIM_OC2Init)
    TIM_OC2PreloadConfig                     0x0800219d   Thumb Code    26  stm32f4xx_tim.o(i.TIM_OC2PreloadConfig)
    TIM_OC3Init                              0x080021b9   Thumb Code   150  stm32f4xx_tim.o(i.TIM_OC3Init)
    TIM_OC3PreloadConfig                     0x08002259   Thumb Code    18  stm32f4xx_tim.o(i.TIM_OC3PreloadConfig)
    TIM_OC4Init                              0x0800226d   Thumb Code   112  stm32f4xx_tim.o(i.TIM_OC4Init)
    TIM_OC4PreloadConfig                     0x080022e5   Thumb Code    26  stm32f4xx_tim.o(i.TIM_OC4PreloadConfig)
    TIM_PWMIConfig                           0x080022ff   Thumb Code   124  stm32f4xx_tim.o(i.TIM_PWMIConfig)
    TIM_SelectInputTrigger                   0x0800237b   Thumb Code    18  stm32f4xx_tim.o(i.TIM_SelectInputTrigger)
    TIM_SelectMasterSlaveMode                0x0800238d   Thumb Code    18  stm32f4xx_tim.o(i.TIM_SelectMasterSlaveMode)
    TIM_SelectSlaveMode                      0x0800239f   Thumb Code    18  stm32f4xx_tim.o(i.TIM_SelectSlaveMode)
    TIM_SetIC1Prescaler                      0x080023b1   Thumb Code    18  stm32f4xx_tim.o(i.TIM_SetIC1Prescaler)
    TIM_SetIC2Prescaler                      0x080023c3   Thumb Code    26  stm32f4xx_tim.o(i.TIM_SetIC2Prescaler)
    TIM_SetIC3Prescaler                      0x080023dd   Thumb Code    18  stm32f4xx_tim.o(i.TIM_SetIC3Prescaler)
    TIM_SetIC4Prescaler                      0x080023ef   Thumb Code    26  stm32f4xx_tim.o(i.TIM_SetIC4Prescaler)
    TIM_TimeBaseInit                         0x08002409   Thumb Code   104  stm32f4xx_tim.o(i.TIM_TimeBaseInit)
    TMR3_PWM_Init                            0x0800248d   Thumb Code   200  main.o(i.TMR3_PWM_Init)
    Test                                     0x0800256d   Thumb Code    98  main.o(i.Test)
    TimingDelay_Decrement                    0x080025d9   Thumb Code    18  main.o(i.TimingDelay_Decrement)
    UsageFault_Handler                       0x080025f1   Thumb Code     4  stm32f4xx_it.o(i.UsageFault_Handler)
    __scatterload_copy                       0x080025f5   Thumb Code    14  handlers.o(i.__scatterload_copy)
    __scatterload_null                       0x08002603   Thumb Code     2  handlers.o(i.__scatterload_null)
    __scatterload_zeroinit                   0x08002605   Thumb Code    14  handlers.o(i.__scatterload_zeroinit)
    main                                     0x08002615   Thumb Code   364  main.o(i.main)
    mainInit                                 0x080027ad   Thumb Code    16  main.o(i.mainInit)
    setpwm                                   0x080027bd   Thumb Code    44  main.o(i.setpwm)
    Region$$Table$$Base                      0x080027f0   Number         0  anon$$obj.o(Region$$Table)
    Region$$Table$$Limit                     0x08002810   Number         0  anon$$obj.o(Region$$Table)
    SystemCoreClock                          0x20000000   Data           4  system_stm32f4xx.o(.data)
    AHBPrescTable                            0x20000004   Data          16  system_stm32f4xx.o(.data)
    PrescalerValue                           0x2000002a   Data           2  main.o(.data)
    straight                                 0x20000030   Data           4  main.o(.data)
    go                                       0x20000034   Data           4  main.o(.data)
    IC4Value                                 0x20000038   Data           2  stm32f4xx_it.o(.data)
    DutyCycle4                               0x2000003a   Data           2  stm32f4xx_it.o(.data)
    Frequency4                               0x2000003c   Data           4  stm32f4xx_it.o(.data)
    IC2Value                                 0x20000040   Data           2  stm32f4xx_it.o(.data)
    DutyCycle2                               0x20000042   Data           2  stm32f4xx_it.o(.data)
    Frequency2                               0x20000044   Data           4  stm32f4xx_it.o(.data)
    IC5Value                                 0x20000048   Data           2  stm32f4xx_it.o(.data)
    DutyCycle5                               0x2000004a   Data           2  stm32f4xx_it.o(.data)
    Frequency5                               0x2000004c   Data           4  stm32f4xx_it.o(.data)
    uhIC3ReadValue1                          0x20000050   Data           2  stm32f4xx_it.o(.data)
    uhIC3ReadValue2                          0x20000052   Data           2  stm32f4xx_it.o(.data)
    uhCaptureNumber                          0x20000054   Data           2  stm32f4xx_it.o(.data)
    uwCapture                                0x20000058   Data           4  stm32f4xx_it.o(.data)
    uwTIM1Freq                               0x2000005c   Data           4  stm32f4xx_it.o(.data)
    error5                                   0x20000060   Data           4  stm32f4xx_it.o(.data)
    integral5                                0x20000064   Data           4  stm32f4xx_it.o(.data)
    diff5                                    0x20000068   Data           4  stm32f4xx_it.o(.data)
    last_error5                              0x2000006c   Data           4  stm32f4xx_it.o(.data)
    Kp                                       0x20000070   Data           8  stm32f4xx_it.o(.data)
    Ki                                       0x20000078   Data           8  stm32f4xx_it.o(.data)
    Kd                                       0x20000080   Data           8  stm32f4xx_it.o(.data)
    Kp1                                      0x20000088   Data           8  stm32f4xx_it.o(.data)
    Ki1                                      0x20000090   Data           8  stm32f4xx_it.o(.data)
    Kd1                                      0x20000098   Data           8  stm32f4xx_it.o(.data)
    PWM_Out5                                 0x200000a0   Data           1  stm32f4xx_it.o(.data)
    freq5                                    0x200000a4   Data           4  stm32f4xx_it.o(.data)
    d5                                       0x200000a8   Data           8  stm32f4xx_it.o(.data)
    od5                                      0x200000b0   Data           8  stm32f4xx_it.o(.data)
    error1                                   0x200000b8   Data           4  stm32f4xx_it.o(.data)
    integral1                                0x200000bc   Data           4  stm32f4xx_it.o(.data)
    diff1                                    0x200000c0   Data           4  stm32f4xx_it.o(.data)
    last_error1                              0x200000c4   Data           4  stm32f4xx_it.o(.data)
    PWM_Out1                                 0x200000c8   Data           1  stm32f4xx_it.o(.data)
    freq1                                    0x200000cc   Data           4  stm32f4xx_it.o(.data)
    d1                                       0x200000d0   Data           8  stm32f4xx_it.o(.data)
    od1                                      0x200000d8   Data           8  stm32f4xx_it.o(.data)
    error2                                   0x200000e0   Data           4  stm32f4xx_it.o(.data)
    integral2                                0x200000e4   Data           4  stm32f4xx_it.o(.data)
    diff2                                    0x200000e8   Data           4  stm32f4xx_it.o(.data)
    last_error2                              0x200000ec   Data           4  stm32f4xx_it.o(.data)
    PWM_Out2                                 0x200000f0   Data           1  stm32f4xx_it.o(.data)
    freq2                                    0x200000f4   Data           4  stm32f4xx_it.o(.data)
    d2                                       0x200000f8   Data           8  stm32f4xx_it.o(.data)
    od2                                      0x20000100   Data           8  stm32f4xx_it.o(.data)
    error4                                   0x20000108   Data           4  stm32f4xx_it.o(.data)
    integral4                                0x2000010c   Data           4  stm32f4xx_it.o(.data)
    diff4                                    0x20000110   Data           4  stm32f4xx_it.o(.data)
    last_error4                              0x20000114   Data           4  stm32f4xx_it.o(.data)
    PWM_Out4                                 0x20000118   Data           1  stm32f4xx_it.o(.data)
    freq4                                    0x2000011c   Data           4  stm32f4xx_it.o(.data)
    d4                                       0x20000120   Data           8  stm32f4xx_it.o(.data)
    od4                                      0x20000128   Data           8  stm32f4xx_it.o(.data)
    errorRight                               0x20000130   Data           4  stm32f4xx_it.o(.data)
    integralRight                            0x20000134   Data           4  stm32f4xx_it.o(.data)
    diffRight                                0x20000138   Data           4  stm32f4xx_it.o(.data)
    last_errorRight                          0x2000013c   Data           4  stm32f4xx_it.o(.data)
    errorLeft                                0x20000140   Data           4  stm32f4xx_it.o(.data)
    integralLeft                             0x20000144   Data           4  stm32f4xx_it.o(.data)
    diffLeft                                 0x20000148   Data           4  stm32f4xx_it.o(.data)
    last_errorLeft                           0x2000014c   Data           4  stm32f4xx_it.o(.data)
    pid_out1                                 0x20000150   Data           4  stm32f4xx_it.o(.data)
    pid_out2                                 0x20000154   Data           4  stm32f4xx_it.o(.data)
    pid_out5                                 0x20000158   Data           4  stm32f4xx_it.o(.data)
    pid_out4                                 0x2000015c   Data           4  stm32f4xx_it.o(.data)
    cmdDistanceLeft                          0x20000160   Data           8  stm32f4xx_it.o(.data)
    cmdDistanceRight                         0x20000168   Data           8  stm32f4xx_it.o(.data)
    cmdODR                                   0x20000170   Data           8  stm32f4xx_it.o(.data)
    cmdODL                                   0x20000178   Data           8  stm32f4xx_it.o(.data)
    averageLeft                              0x20000180   Data           8  stm32f4xx_it.o(.data)
    averageRight                             0x20000188   Data           8  stm32f4xx_it.o(.data)
    r                                        0x20000190   Data           8  stm32f4xx_it.o(.data)
    t                                        0x20000198   Data           8  stm32f4xx_it.o(.data)
    CMDL                                     0x200001a0   Data           4  stm32f4xx_it.o(.data)
    CMDR                                     0x200001a4   Data           4  stm32f4xx_it.o(.data)
    count                                    0x200001a8   Data           4  stm32f4xx_it.o(.data)
    heart                                    0x200001ac   Data           4  stm32f4xx_it.o(.data)
    pause                                    0x200001b0   Data           4  stm32f4xx_it.o(.data)
    BACK                                     0x200001b4   Data           4  stm32f4xx_it.o(.data)
    FORWARD                                  0x200001b8   Data           4  stm32f4xx_it.o(.data)
    STOP                                     0x200001bc   Data           4  stm32f4xx_it.o(.data)
    RAMPUP                                   0x200001c0   Data           4  stm32f4xx_it.o(.data)
    RAMPDOWN                                 0x200001c4   Data           4  stm32f4xx_it.o(.data)
    TIM_ICInitStructure                      0x200001c8   Data          10  main.o(.bss)
    TIM_TimeBaseStructure                    0x200001d4   Data          12  main.o(.bss)
    TIM_OCInitStructure                      0x200001e0   Data          20  main.o(.bss)
    RCC_Clocks                               0x200001f4   Data          16  main.o(.bss)
    __initial_sp                             0x20000608   Data           0  startup_stm32f40_41xxx.o(STACK)



==============================================================================

Memory Map of the image

  Image Entry point : 0x08000189

  Load Region LR_IROM1 (Base: 0x08000000, Size: 0x000029d8, Max: 0x00100000, ABSOLUTE, COMPRESSED[0x00002864])

    Execution Region ER_IROM1 (Base: 0x08000000, Size: 0x00002810, Max: 0x00100000, ABSOLUTE)

    Base Addr    Size         Type   Attr      Idx    E Section Name        Object

    0x08000000   0x00000188   Data   RO          143    RESET               startup_stm32f40_41xxx.o
    0x08000188   0x00000000   Code   RO         5255  * .ARM.Collect$$$$00000000  mc_w.l(entry.o)
    0x08000188   0x00000004   Code   RO         5276    .ARM.Collect$$$$00000001  mc_w.l(entry2.o)
    0x0800018c   0x00000004   Code   RO         5279    .ARM.Collect$$$$00000004  mc_w.l(entry5.o)
    0x08000190   0x00000000   Code   RO         5281    .ARM.Collect$$$$00000008  mc_w.l(entry7b.o)
    0x08000190   0x00000000   Code   RO         5283    .ARM.Collect$$$$0000000A  mc_w.l(entry8b.o)
    0x08000190   0x00000008   Code   RO         5284    .ARM.Collect$$$$0000000B  mc_w.l(entry9a.o)
    0x08000198   0x00000000   Code   RO         5286    .ARM.Collect$$$$0000000D  mc_w.l(entry10a.o)
    0x08000198   0x00000000   Code   RO         5288    .ARM.Collect$$$$0000000F  mc_w.l(entry11a.o)
    0x08000198   0x00000004   Code   RO         5277    .ARM.Collect$$$$00002712  mc_w.l(entry2.o)
    0x0800019c   0x00000024   Code   RO          144    .text               startup_stm32f40_41xxx.o
    0x080001c0   0x0000014e   Code   RO         5258    .text               mf_w.l(dadd.o)
    0x0800030e   0x000000e4   Code   RO         5260    .text               mf_w.l(dmul.o)
    0x080003f2   0x000000de   Code   RO         5262    .text               mf_w.l(ddiv.o)
    0x080004d0   0x00000022   Code   RO         5264    .text               mf_w.l(dflti.o)
    0x080004f2   0x0000001a   Code   RO         5266    .text               mf_w.l(dfltui.o)
    0x0800050c   0x0000003e   Code   RO         5268    .text               mf_w.l(dfixi.o)
    0x0800054a   0x00000032   Code   RO         5270    .text               mf_w.l(dfixui.o)
    0x0800057c   0x00000028   Code   RO         5272    .text               mf_w.l(cdcmple.o)
    0x080005a4   0x00000028   Code   RO         5274    .text               mf_w.l(cdrcmple.o)
    0x080005cc   0x0000001e   Code   RO         5290    .text               mc_w.l(llshl.o)
    0x080005ea   0x00000020   Code   RO         5292    .text               mc_w.l(llushr.o)
    0x0800060a   0x00000024   Code   RO         5294    .text               mc_w.l(llsshr.o)
    0x0800062e   0x00000000   Code   RO         5296    .text               mc_w.l(iusefp.o)
    0x0800062e   0x000000b6   Code   RO         5297    .text               mf_w.l(depilogue.o)
    0x080006e4   0x00000024   Code   RO         5299    .text               mc_w.l(init.o)
    0x08000708   0x00000056   Code   RO         5309    .text               mc_w.l(__dczerorl2.o)
    0x0800075e   0x00000004   Code   RO         5109    i.BusFault_Handler  stm32f4xx_it.o
    0x08000762   0x00000002   PAD
    0x08000764   0x00000128   Code   RO         5110    i.Clear_All         stm32f4xx_it.o
    0x0800088c   0x000000d8   Code   RO         5112    i.Clear_Distance    stm32f4xx_it.o
    0x08000964   0x00000002   Code   RO         5113    i.DebugMon_Handler  stm32f4xx_it.o
    0x08000966   0x00000002   PAD
    0x08000968   0x0000003c   Code   RO         4970    i.DriveInit         main.o
    0x080009a4   0x00000090   Code   RO         3080    i.GPIO_Init         stm32f4xx_gpio.o
    0x08000a34   0x00000046   Code   RO         3081    i.GPIO_PinAFConfig  stm32f4xx_gpio.o
    0x08000a7a   0x00000012   Code   RO         3084    i.GPIO_ReadInputDataBit  stm32f4xx_gpio.o
    0x08000a8c   0x00000004   Code   RO         5114    i.HardFault_Handler  stm32f4xx_it.o
    0x08000a90   0x00000054   Code   RO         5115    i.HeartBeat         stm32f4xx_it.o
    0x08000ae4   0x00000004   Code   RO         5116    i.MemManage_Handler  stm32f4xx_it.o
    0x08000ae8   0x00000018   Code   RO         4971    i.Move_Backward     main.o
    0x08000b00   0x00000018   Code   RO         4972    i.Move_Forward      main.o
    0x08000b18   0x00000002   Code   RO         5117    i.NMI_Handler       stm32f4xx_it.o
    0x08000b1a   0x00000002   PAD
    0x08000b1c   0x00000078   Code   RO          150    i.NVIC_Init         misc.o
    0x08000b94   0x00000002   Code   RO         5118    i.PendSV_Handler    stm32f4xx_it.o
    0x08000b96   0x00000002   PAD
    0x08000b98   0x000000e8   Code   RO         4973    i.PreScale_TIME_Init  main.o
    0x08000c80   0x00000020   Code   RO         3407    i.RCC_AHB1PeriphClockCmd  stm32f4xx_rcc.o
    0x08000ca0   0x00000020   Code   RO         3416    i.RCC_APB1PeriphClockCmd  stm32f4xx_rcc.o
    0x08000cc0   0x00000020   Code   RO         3419    i.RCC_APB2PeriphClockCmd  stm32f4xx_rcc.o
    0x08000ce0   0x000000e8   Code   RO         3428    i.RCC_GetClocksFreq  stm32f4xx_rcc.o
    0x08000dc8   0x00000002   Code   RO         5119    i.SVC_Handler       stm32f4xx_it.o
    0x08000dca   0x00000002   PAD
    0x08000dcc   0x00000018   Code   RO         4974    i.SetLeftBackWheelPwm  main.o
    0x08000de4   0x00000018   Code   RO         4975    i.SetLeftFrontWheelPwm  main.o
    0x08000dfc   0x00000018   Code   RO         4976    i.SetRightBackWheelPwm  main.o
    0x08000e14   0x00000018   Code   RO         4977    i.SetRightFrontWheelPwm  main.o
    0x08000e2c   0x000000ec   Code   RO            3    i.SetSysClock       system_stm32f4xx.o
    0x08000f18   0x0000050c   Code   RO         5120    i.SysTick_Handler   stm32f4xx_it.o
    0x08001424   0x00000068   Code   RO            5    i.SystemInit        system_stm32f4xx.o
    0x0800148c   0x0000003a   Code   RO         2054    i.TI1_Config        stm32f4xx_tim.o
    0x080014c6   0x00000050   Code   RO         2055    i.TI2_Config        stm32f4xx_tim.o
    0x08001516   0x00000048   Code   RO         2056    i.TI3_Config        stm32f4xx_tim.o
    0x0800155e   0x00000050   Code   RO         2057    i.TI4_Config        stm32f4xx_tim.o
    0x080015ae   0x00000002   PAD
    0x080015b0   0x000000f4   Code   RO         5121    i.TIM1_CC_IRQHandler  stm32f4xx_it.o
    0x080016a4   0x00000098   Code   RO         5122    i.TIM2_IRQHandler   stm32f4xx_it.o
    0x0800173c   0x00000068   Code   RO         4978    i.TIM3_Config       main.o
    0x080017a4   0x00000098   Code   RO         5123    i.TIM4_IRQHandler   stm32f4xx_it.o
    0x0800183c   0x00000098   Code   RO         5124    i.TIM5_IRQHandler   stm32f4xx_it.o
    0x080018d4   0x0000005c   Code   RO         4979    i.TIM7_Config       main.o
    0x08001930   0x00000504   Code   RO         5125    i.TIM7_IRQHandler   stm32f4xx_it.o
    0x08001e34   0x00000018   Code   RO         2058    i.TIM_ARRPreloadConfig  stm32f4xx_tim.o
    0x08001e4c   0x00000006   Code   RO         2065    i.TIM_ClearITPendingBit  stm32f4xx_tim.o
    0x08001e52   0x00000018   Code   RO         2070    i.TIM_Cmd           stm32f4xx_tim.o
    0x08001e6a   0x00000002   PAD
    0x08001e6c   0x0000014c   Code   RO         4980    i.TIM_Config        main.o
    0x08001fb8   0x00000006   Code   RO         2085    i.TIM_GetCapture1   stm32f4xx_tim.o
    0x08001fbe   0x00000006   Code   RO         2086    i.TIM_GetCapture2   stm32f4xx_tim.o
    0x08001fc4   0x00000022   Code   RO         2091    i.TIM_GetITStatus   stm32f4xx_tim.o
    0x08001fe6   0x0000006e   Code   RO         2093    i.TIM_ICInit        stm32f4xx_tim.o
    0x08002054   0x00000012   Code   RO         2095    i.TIM_ITConfig      stm32f4xx_tim.o
    0x08002066   0x00000002   PAD
    0x08002068   0x0000007c   Code   RO         2099    i.TIM_OC1Init       stm32f4xx_tim.o
    0x080020e4   0x00000012   Code   RO         2102    i.TIM_OC1PreloadConfig  stm32f4xx_tim.o
    0x080020f6   0x00000002   PAD
    0x080020f8   0x000000a4   Code   RO         2104    i.TIM_OC2Init       stm32f4xx_tim.o
    0x0800219c   0x0000001a   Code   RO         2107    i.TIM_OC2PreloadConfig  stm32f4xx_tim.o
    0x080021b6   0x00000002   PAD
    0x080021b8   0x000000a0   Code   RO         2109    i.TIM_OC3Init       stm32f4xx_tim.o
    0x08002258   0x00000012   Code   RO         2112    i.TIM_OC3PreloadConfig  stm32f4xx_tim.o
    0x0800226a   0x00000002   PAD
    0x0800226c   0x00000078   Code   RO         2114    i.TIM_OC4Init       stm32f4xx_tim.o
    0x080022e4   0x0000001a   Code   RO         2116    i.TIM_OC4PreloadConfig  stm32f4xx_tim.o
    0x080022fe   0x0000007c   Code   RO         2118    i.TIM_PWMIConfig    stm32f4xx_tim.o
    0x0800237a   0x00000012   Code   RO         2124    i.TIM_SelectInputTrigger  stm32f4xx_tim.o
    0x0800238c   0x00000012   Code   RO         2125    i.TIM_SelectMasterSlaveMode  stm32f4xx_tim.o
    0x0800239e   0x00000012   Code   RO         2129    i.TIM_SelectSlaveMode  stm32f4xx_tim.o
    0x080023b0   0x00000012   Code   RO         2137    i.TIM_SetIC1Prescaler  stm32f4xx_tim.o
    0x080023c2   0x0000001a   Code   RO         2138    i.TIM_SetIC2Prescaler  stm32f4xx_tim.o
    0x080023dc   0x00000012   Code   RO         2139    i.TIM_SetIC3Prescaler  stm32f4xx_tim.o
    0x080023ee   0x0000001a   Code   RO         2140    i.TIM_SetIC4Prescaler  stm32f4xx_tim.o
    0x08002408   0x00000084   Code   RO         2142    i.TIM_TimeBaseInit  stm32f4xx_tim.o
    0x0800248c   0x000000e0   Code   RO         4981    i.TMR3_PWM_Init     main.o
    0x0800256c   0x0000006c   Code   RO         4982    i.Test              main.o
    0x080025d8   0x00000018   Code   RO         4983    i.TimingDelay_Decrement  main.o
    0x080025f0   0x00000004   Code   RO         5126    i.UsageFault_Handler  stm32f4xx_it.o
    0x080025f4   0x0000000e   Code   RO         5303    i.__scatterload_copy  mc_w.l(handlers.o)
    0x08002602   0x00000002   Code   RO         5304    i.__scatterload_null  mc_w.l(handlers.o)
    0x08002604   0x0000000e   Code   RO         5305    i.__scatterload_zeroinit  mc_w.l(handlers.o)
    0x08002612   0x00000002   PAD
    0x08002614   0x00000198   Code   RO         4984    i.main              main.o
    0x080027ac   0x00000010   Code   RO         4985    i.mainInit          main.o
    0x080027bc   0x00000034   Code   RO         4987    i.setpwm            main.o
    0x080027f0   0x00000020   Data   RO         5301    Region$$Table       anon$$obj.o


    Execution Region RW_IRAM1 (Base: 0x20000000, Size: 0x00000608, Max: 0x00020000, ABSOLUTE, COMPRESSED[0x00000054])

    Base Addr    Size         Type   Attr      Idx    E Section Name        Object

    0x20000000   0x00000014   Data   RW            6    .data               system_stm32f4xx.o
    0x20000014   0x00000010   Data   RW         3459    .data               stm32f4xx_rcc.o
    0x20000024   0x00000014   Data   RW         4989    .data               main.o
    0x20000038   0x00000190   Data   RW         5127    .data               stm32f4xx_it.o
    0x200001c8   0x0000003c   Zero   RW         4988    .bss                main.o
    0x20000204   0x00000004   PAD
    0x20000208   0x00000400   Zero   RW          141    STACK               startup_stm32f40_41xxx.o


==============================================================================

Image component sizes


      Code (inc. data)   RO Data    RW Data    ZI Data      Debug   Object Name

      1796        190          0         20         60      39169   main.o
       120         14          0          0          0       3300   misc.o
        36          8        392          0       1024       1052   startup_stm32f40_41xxx.o
       232          0          0          0          0      10159   stm32f4xx_gpio.o
      3896        678          0        400          0      14684   stm32f4xx_it.o
       328         36          0         16          0      20947   stm32f4xx_rcc.o
      1572         66          0          0          0      44066   stm32f4xx_tim.o
       340         32          0         20          0     277801   system_stm32f4xx.o

    ----------------------------------------------------------------------
      8342       1024        424        456       1088     411178   Object Totals
         0          0         32          0          0          0   (incl. Generated)
        22          0          0          0          4          0   (incl. Padding)

    ----------------------------------------------------------------------

      Code (inc. data)   RO Data    RW Data    ZI Data      Debug   Library Member Name

        86          0          0          0          0          0   __dczerorl2.o
         0          0          0          0          0          0   entry.o
         0          0          0          0          0          0   entry10a.o
         0          0          0          0          0          0   entry11a.o
         8          4          0          0          0          0   entry2.o
         4          0          0          0          0          0   entry5.o
         0          0          0          0          0          0   entry7b.o
         0          0          0          0          0          0   entry8b.o
         8          4          0          0          0          0   entry9a.o
        30          0          0          0          0          0   handlers.o
        36          8          0          0          0         68   init.o
         0          0          0          0          0          0   iusefp.o
        30          0          0          0          0         68   llshl.o
        36          0          0          0          0         68   llsshr.o
        32          0          0          0          0         68   llushr.o
        40          2          0          0          0         68   cdcmple.o
        40          2          0          0          0         68   cdrcmple.o
       334          0          0          0          0        148   dadd.o
       222          0          0          0          0        100   ddiv.o
       182          0          0          0          0        176   depilogue.o
        62          0          0          0          0         80   dfixi.o
        50          0          0          0          0         76   dfixui.o
        34          0          0          0          0         76   dflti.o
        26          0          0          0          0         76   dfltui.o
       228          0          0          0          0         96   dmul.o

    ----------------------------------------------------------------------
      1490         20          0          0          0       1236   Library Totals
         2          0          0          0          0          0   (incl. Padding)

    ----------------------------------------------------------------------

      Code (inc. data)   RO Data    RW Data    ZI Data      Debug   Library Name

       270         16          0          0          0        272   mc_w.l
      1218          4          0          0          0        964   mf_w.l

    ----------------------------------------------------------------------
      1490         20          0          0          0       1236   Library Totals

    ----------------------------------------------------------------------

==============================================================================


      Code (inc. data)   RO Data    RW Data    ZI Data      Debug   

      9832       1044        424        456       1088     405474   Grand Totals
      9832       1044        424         84       1088     405474   ELF Image Totals (compressed)
      9832       1044        424         84          0          0   ROM Totals

==============================================================================

    Total RO  Size (Code + RO Data)                10256 (  10.02kB)
    Total RW  Size (RW Data + ZI Data)              1544 (   1.51kB)
    Total ROM Size (Code + RO Data + RW Data)      10340 (  10.10kB)

==============================================================================

