<html>
<body>
<pre>
<h1>µVision Build Log</h1>
<h2>Project:</h2>
C:\Users\Sabrina\ECE_Folders\404_GitHub\Bullseye\Bullseye_STM32\STM32\STM32F4xx_DSP_StdPeriph_Lib_V1.3.0\Project\STM32F4xx_StdPeriph_Templates\MDK-ARM\Project.uvproj
Project File Date:  01/28/2015

<h2>Output:</h2>
Build target 'STM32F40_41xxx'
linking...
Program Size: Code=7692 RO-data=424 RW-data=404 ZI-data=1084  
".\STM32F40_41xxx\STM32F40_41xxx.axf" - 0 Error(s), 0 Warning(s).
Load "C:\\Users\\Sabrina\\ECE_Folders\\404_GitHub\\Bullseye\\Bullseye_STM32\\STM32\\STM32F4xx_DSP_StdPeriph_Lib_V1.3.0\\Project\\STM32F4xx_StdPeriph_Templates\\MDK-ARM\\STM32F40_41xxx\\STM32F40_41xxx.axf" 
Erase Done.
Programming Done.
Verify OK.
e "pwm2" was declared but never referenced
  int   pwm2 = 1;
..\main.c(247): warning:  #177-D: variable "error" was declared but never referenced
        uint32_t error;
..\main.c(248): warning:  #177-D: variable "integral" was declared but never referenced
  uint32_t integral;
..\main.c(249): warning:  #177-D: variable "diff" was declared but never referenced
  uint32_t diff;
..\main.c(250): warning:  #177-D: variable "old_error" was declared but never referenced
  uint32_t old_error;
..\main.c(251): warning:  #177-D: variable "kp" was declared but never referenced
  uint32_t kp;
..\main.c(252): warning:  #177-D: variable "ki" was declared but never referenced
  uint32_t ki;
..\main.c(253): warning:  #177-D: variable "kd" was declared but never referenced
  uint32_t kd;
..\main.c(254): warning:  #177-D: variable "pwmout" was declared but never referenced
  unsigned char pwmout;
..\main.c(5): warning:  #177-D: variable "duty" was declared but never referenced
  static unsigned char duty = 0;
..\main.c(6): warning:  #177-D: variable "currDuty" was declared but never referenced
  static unsigned char currDuty = 0;
..\main.c(477): warning:  #177-D: function "Delay" was declared but never referenced
  void Delay(__IO uint32_t nTime){ 
..\main.c: 15 warnings, 0 errors
linking...
Program Size: Code=7692 RO-data=424 RW-data=404 ZI-data=1084  
".\STM32F40_41xxx\STM32F40_41xxx.axf" - 0 Error(s), 15 Warning(s).
Load "C:\\Users\\Sabrina\\ECE_Folders\\404_GitHub\\Bullseye\\Bullseye_STM32\\STM32\\STM32F4xx_DSP_StdPeriph_Lib_V1.3.0\\Project\\STM32F4xx_StdPeriph_Templates\\MDK-ARM\\STM32F40_41xxx\\STM32F40_41xxx.axf" 
Erase Done.
Programming Done.
Verify OK.
4xx_it.c(376): warning:  #186-D: pointless comparison of unsigned integer with zero
        if (PWM_Out2<0)
..\stm32f4xx_it.c: 4 warnings, 0 errors
linking...
.\STM32F40_41xxx\STM32F40_41xxx.axf: Error: L6200E: Symbol heart multiply defined (by stm32f4xx_it.o and main.o).
Not enough information to list image symbols.
Not enough information to list the image map.
Finished: 2 information, 0 warning and 1 error messages.
".\STM32F40_41xxx\STM32F40_41xxx.axf" - 1 Error(s), 19 Warning(s).
Target not created
gramming Done.
Verify OK.
tatic unsigned char currDuty = 0;
..\main.c(452): warning:  #177-D: function "Delay" was declared but never referenced
  void Delay(__IO uint32_t nTime){ 
..\main.c: 15 warnings, 0 errors
compiling stm32f4xx_it.c...
..\stm32f4xx_it.c(315): warning:  #186-D: pointless comparison of unsigned integer with zero
        if (PWM_Out5<0)
..\stm32f4xx_it.c(335): warning:  #186-D: pointless comparison of unsigned integer with zero
        if (PWM_Out1<0)
..\stm32f4xx_it.c(355): warning:  #186-D: pointless comparison of unsigned integer with zero
        if (PWM_Out4<0)
..\stm32f4xx_it.c(375): warning:  #186-D: pointless comparison of unsigned integer with zero
        if (PWM_Out2<0)
..\stm32f4xx_it.c: 4 warnings, 0 errors
linking...
Program Size: Code=7440 RO-data=424 RW-data=396 ZI-data=1084  
".\STM32F40_41xxx\STM32F40_41xxx.axf" - 0 Error(s), 19 Warning(s).
Load "C:\\Users\\Sabrina\\ECE_Folders\\404_GitHub\\Bullseye\\Bullseye_STM32\\STM32\\STM32F4xx_DSP_StdPeriph_Lib_V1.3.0\\Project\\STM32F4xx_StdPeriph_Templates\\MDK-ARM\\STM32F40_41xxx\\STM32F40_41xxx.axf" 
Erase Done.
Programming Done.
Verify OK.
