<html>
<body>
<pre>
<h1>µVision Build Log</h1>
<h2>Project:</h2>
C:\Users\Sabrina\ECE_Folders\404_GitHub\Bullseye\Bullseye_STM32\STM32\STM32F4xx_DSP_StdPeriph_Lib_V1.3.0\Project\STM32F4xx_StdPeriph_Templates\MDK-ARM\Project.uvproj
Project File Date:  02/05/2015

<h2>Output:</h2>
Build target 'STM32F40_41xxx'
compiling stm32f4xx_it.c...
linking...
Program Size: Code=7540 RO-data=424 RW-data=232 ZI-data=1088  
".\STM32F40_41xxx\STM32F40_41xxx.axf" - 0 Error(s), 0 Warning(s).
Load "C:\\Users\\Sabrina\\ECE_Folders\\404_GitHub\\Bullseye\\Bullseye_STM32\\STM32\\STM32F4xx_DSP_StdPeriph_Lib_V1.3.0\\Project\\STM32F4xx_StdPeriph_Templates\\MDK-ARM\\STM32F40_41xxx\\STM32F40_41xxx.axf" 
Erase Done.
Programming Done.
Verify OK.
