<html>
<body>
<pre>
<h1>µVision Build Log</h1>
<h2>Project:</h2>
C:\Users\Sabrina\ECE_Folders\404_GitHub\Bullseye\Bullseye_STM32\STM32\STM32F4xx_DSP_StdPeriph_Lib_V1.3.0\Project\STM32F4xx_StdPeriph_Templates\MDK-ARM\Project.uvproj
Project File Date:  01/28/2015

<h2>Output:</h2>
Build target 'STM32F40_41xxx'
compiling stm32f4xx_it.c...
..\stm32f4xx_it.c(317): warning:  #186-D: pointless comparison of unsigned integer with zero
        if (PWM_Out5<0)
..\stm32f4xx_it.c(337): warning:  #186-D: pointless comparison of unsigned integer with zero
        if (PWM_Out1<0)
..\stm32f4xx_it.c(357): warning:  #186-D: pointless comparison of unsigned integer with zero
        if (PWM_Out4<0)
..\stm32f4xx_it.c(377): warning:  #186-D: pointless comparison of unsigned integer with zero
        if (PWM_Out2<0)
..\stm32f4xx_it.c: 4 warnings, 0 errors
linking...
Program Size: Code=7508 RO-data=424 RW-data=316 ZI-data=1084  
".\STM32F40_41xxx\STM32F40_41xxx.axf" - 0 Error(s), 4 Warning(s).
237): warning:  #177-D: variable "diff" was declared but never referenced
  uint32_t diff;
..\main.c(238): warning:  #177-D: variable "old_error" was declared but never referenced
  uint32_t old_error;
..\main.c(239): warning:  #177-D: variable "kp" was declared but never referenced
  uint32_t kp;
..\main.c(240): warning:  #177-D: variable "ki" was declared but never referenced
  uint32_t ki;
..\main.c(241): warning:  #177-D: variable "kd" was declared but never referenced
  uint32_t kd;
..\main.c(242): warning:  #177-D: variable "pwmout" was declared but never referenced
  unsigned char pwmout;
..\main.c(5): warning:  #177-D: variable "duty" was declared but never referenced
  static unsigned char duty = 0;
..\main.c(6): warning:  #177-D: variable "currDuty" was declared but never referenced
  static unsigned char currDuty = 0;
..\main.c(444): warning:  #177-D: function "Delay" was declared but never referenced
  void Delay(__IO uint32_t nTime){ 
..\main.c: 15 warnings, 0 errors
linking...
Program Size: Code=7508 RO-data=424 RW-data=316 ZI-data=1084  
".\STM32F40_41xxx\STM32F40_41xxx.axf" - 0 Error(s), 15 Warning(s).
Load "C:\\Users\\Sabrina\\ECE_Folders\\404_GitHub\\Bullseye\\Bullseye_STM32\\STM32\\STM32F4xx_DSP_StdPeriph_Lib_V1.3.0\\Project\\STM32F4xx_StdPeriph_Templates\\MDK-ARM\\STM32F40_41xxx\\STM32F40_41xxx.axf" 
Erase Done.
Programming Done.
Verify OK.
has been cancelled
Load "C:\\Users\\Sabrina\\ECE_Folders\\404_GitHub\\Bullseye\\Bullseye_STM32\\STM32\\STM32F4xx_DSP_StdPeriph_Lib_V1.3.0\\Project\\STM32F4xx_StdPeriph_Templates\\MDK-ARM\\STM32F40_41xxx\\STM32F40_41xxx.axf" 
Erase Done.
Programming Done.
Verify OK.
pwmout" was declared but never referenced
  unsigned char pwmout;
..\main.c(5): warning:  #177-D: variable "duty" was declared but never referenced
  static unsigned char duty = 0;
..\main.c(6): warning:  #177-D: variable "currDuty" was declared but never referenced
  static unsigned char currDuty = 0;
..\main.c(421): warning:  #177-D: function "Delay" was declared but never referenced
  void Delay(__IO uint32_t nTime){ 
..\main.c: 15 warnings, 0 errors
compiling stm32f4xx_it.c...
..\stm32f4xx_it.c(307): warning:  #186-D: pointless comparison of unsigned integer with zero
        if (PWM_Out5<0)
..\stm32f4xx_it.c(327): warning:  #186-D: pointless comparison of unsigned integer with zero
        if (PWM_Out1<0)
..\stm32f4xx_it.c(347): warning:  #186-D: pointless comparison of unsigned integer with zero
        if (PWM_Out4<0)
..\stm32f4xx_it.c(367): warning:  #186-D: pointless comparison of unsigned integer with zero
        if (PWM_Out2<0)
..\stm32f4xx_it.c: 4 warnings, 0 errors
linking...
Program Size: Code=7564 RO-data=424 RW-data=316 ZI-data=1084  
".\STM32F40_41xxx\STM32F40_41xxx.axf" - 0 Error(s), 19 Warning(s).
