Component: ARM Compiler 5.05 update 1 (build 106) Tool: armlink [4d0efa]

==============================================================================

Section Cross References

    system_stm32f4xx.o(i.SystemCoreClockUpdate) refers to system_stm32f4xx.o(.data) for SystemCoreClock
    system_stm32f4xx.o(i.SystemInit) refers to system_stm32f4xx.o(i.SetSysClock) for SetSysClock
    startup_stm32f40_41xxx.o(RESET) refers to startup_stm32f40_41xxx.o(STACK) for __initial_sp
    startup_stm32f40_41xxx.o(RESET) refers to startup_stm32f40_41xxx.o(.text) for Reset_Handler
    startup_stm32f40_41xxx.o(RESET) refers to stm32f4xx_it.o(i.NMI_Handler) for NMI_Handler
    startup_stm32f40_41xxx.o(RESET) refers to stm32f4xx_it.o(i.HardFault_Handler) for HardFault_Handler
    startup_stm32f40_41xxx.o(RESET) refers to stm32f4xx_it.o(i.MemManage_Handler) for MemManage_Handler
    startup_stm32f40_41xxx.o(RESET) refers to stm32f4xx_it.o(i.BusFault_Handler) for BusFault_Handler
    startup_stm32f40_41xxx.o(RESET) refers to stm32f4xx_it.o(i.UsageFault_Handler) for UsageFault_Handler
    startup_stm32f40_41xxx.o(RESET) refers to stm32f4xx_it.o(i.SVC_Handler) for SVC_Handler
    startup_stm32f40_41xxx.o(RESET) refers to stm32f4xx_it.o(i.DebugMon_Handler) for DebugMon_Handler
    startup_stm32f40_41xxx.o(RESET) refers to stm32f4xx_it.o(i.PendSV_Handler) for PendSV_Handler
    startup_stm32f40_41xxx.o(RESET) refers to stm32f4xx_it.o(i.SysTick_Handler) for SysTick_Handler
    startup_stm32f40_41xxx.o(RESET) refers to stm32f4xx_it.o(i.TIM1_CC_IRQHandler) for TIM1_CC_IRQHandler
    startup_stm32f40_41xxx.o(RESET) refers to stm32f4xx_it.o(i.TIM2_IRQHandler) for TIM2_IRQHandler
    startup_stm32f40_41xxx.o(RESET) refers to stm32f4xx_it.o(i.TIM4_IRQHandler) for TIM4_IRQHandler
    startup_stm32f40_41xxx.o(RESET) refers to stm32f4xx_it.o(i.EXTI15_10_IRQHandler) for EXTI15_10_IRQHandler
    startup_stm32f40_41xxx.o(RESET) refers to stm32f4xx_it.o(i.TIM5_IRQHandler) for TIM5_IRQHandler
    startup_stm32f40_41xxx.o(RESET) refers to stm32f4xx_it.o(i.TIM7_IRQHandler) for TIM7_IRQHandler
    startup_stm32f40_41xxx.o(.text) refers to system_stm32f4xx.o(i.SystemInit) for SystemInit
    startup_stm32f40_41xxx.o(.text) refers to entry.o(.ARM.Collect$$$$00000000) for __main
    stm32f4xx_can.o(i.CAN_DeInit) refers to stm32f4xx_rcc.o(i.RCC_APB1PeriphResetCmd) for RCC_APB1PeriphResetCmd
    stm32f4xx_can.o(i.CAN_GetITStatus) refers to stm32f4xx_can.o(i.CheckITStatus) for CheckITStatus
    stm32f4xx_cryp.o(i.CRYP_DeInit) refers to stm32f4xx_rcc.o(i.RCC_AHB2PeriphResetCmd) for RCC_AHB2PeriphResetCmd
    stm32f4xx_cryp_des.o(i.CRYP_DES_CBC) refers to stm32f4xx_cryp.o(i.CRYP_KeyStructInit) for CRYP_KeyStructInit
    stm32f4xx_cryp_des.o(i.CRYP_DES_CBC) refers to stm32f4xx_cryp.o(i.CRYP_Init) for CRYP_Init
    stm32f4xx_cryp_des.o(i.CRYP_DES_CBC) refers to stm32f4xx_cryp.o(i.CRYP_KeyInit) for CRYP_KeyInit
    stm32f4xx_cryp_des.o(i.CRYP_DES_CBC) refers to stm32f4xx_cryp.o(i.CRYP_IVInit) for CRYP_IVInit
    stm32f4xx_cryp_des.o(i.CRYP_DES_CBC) refers to stm32f4xx_cryp.o(i.CRYP_FIFOFlush) for CRYP_FIFOFlush
    stm32f4xx_cryp_des.o(i.CRYP_DES_CBC) refers to stm32f4xx_cryp.o(i.CRYP_Cmd) for CRYP_Cmd
    stm32f4xx_cryp_des.o(i.CRYP_DES_CBC) refers to stm32f4xx_cryp.o(i.CRYP_GetCmdStatus) for CRYP_GetCmdStatus
    stm32f4xx_cryp_des.o(i.CRYP_DES_CBC) refers to stm32f4xx_cryp.o(i.CRYP_DataIn) for CRYP_DataIn
    stm32f4xx_cryp_des.o(i.CRYP_DES_CBC) refers to stm32f4xx_cryp.o(i.CRYP_GetFlagStatus) for CRYP_GetFlagStatus
    stm32f4xx_cryp_des.o(i.CRYP_DES_CBC) refers to stm32f4xx_cryp.o(i.CRYP_DataOut) for CRYP_DataOut
    stm32f4xx_cryp_des.o(i.CRYP_DES_ECB) refers to stm32f4xx_cryp.o(i.CRYP_KeyStructInit) for CRYP_KeyStructInit
    stm32f4xx_cryp_des.o(i.CRYP_DES_ECB) refers to stm32f4xx_cryp.o(i.CRYP_Init) for CRYP_Init
    stm32f4xx_cryp_des.o(i.CRYP_DES_ECB) refers to stm32f4xx_cryp.o(i.CRYP_KeyInit) for CRYP_KeyInit
    stm32f4xx_cryp_des.o(i.CRYP_DES_ECB) refers to stm32f4xx_cryp.o(i.CRYP_FIFOFlush) for CRYP_FIFOFlush
    stm32f4xx_cryp_des.o(i.CRYP_DES_ECB) refers to stm32f4xx_cryp.o(i.CRYP_Cmd) for CRYP_Cmd
    stm32f4xx_cryp_des.o(i.CRYP_DES_ECB) refers to stm32f4xx_cryp.o(i.CRYP_GetCmdStatus) for CRYP_GetCmdStatus
    stm32f4xx_cryp_des.o(i.CRYP_DES_ECB) refers to stm32f4xx_cryp.o(i.CRYP_DataIn) for CRYP_DataIn
    stm32f4xx_cryp_des.o(i.CRYP_DES_ECB) refers to stm32f4xx_cryp.o(i.CRYP_GetFlagStatus) for CRYP_GetFlagStatus
    stm32f4xx_cryp_des.o(i.CRYP_DES_ECB) refers to stm32f4xx_cryp.o(i.CRYP_DataOut) for CRYP_DataOut
    stm32f4xx_dac.o(i.DAC_DeInit) refers to stm32f4xx_rcc.o(i.RCC_APB1PeriphResetCmd) for RCC_APB1PeriphResetCmd
    stm32f4xx_dma2d.o(i.DMA2D_DeInit) refers to stm32f4xx_rcc.o(i.RCC_AHB1PeriphResetCmd) for RCC_AHB1PeriphResetCmd
    stm32f4xx_flash.o(i.FLASH_EraseAllBank1Sectors) refers to stm32f4xx_flash.o(i.FLASH_WaitForLastOperation) for FLASH_WaitForLastOperation
[...]
    Removing stm32f4xx_ltdc.o(i.LTDC_CLUTInit), (32 bytes).
    Removing stm32f4xx_ltdc.o(i.LTDC_CLUTStructInit), (12 bytes).
    Removing stm32f4xx_ltdc.o(i.LTDC_ClearFlag), (12 bytes).
    Removing stm32f4xx_ltdc.o(i.LTDC_ClearITPendingBit), (12 bytes).
    Removing stm32f4xx_ltdc.o(i.LTDC_Cmd), (36 bytes).
    Removing stm32f4xx_ltdc.o(i.LTDC_ColorKeyingConfig), (68 bytes).
    Removing stm32f4xx_ltdc.o(i.LTDC_ColorKeyingStructInit), (10 bytes).
    Removing stm32f4xx_ltdc.o(i.LTDC_DeInit), (22 bytes).
    Removing stm32f4xx_ltdc.o(i.LTDC_DitherCmd), (36 bytes).
    Removing stm32f4xx_ltdc.o(i.LTDC_GetCDStatus), (24 bytes).
    Removing stm32f4xx_ltdc.o(i.LTDC_GetFlagStatus), (24 bytes).
    Removing stm32f4xx_ltdc.o(i.LTDC_GetITStatus), (44 bytes).
    Removing stm32f4xx_ltdc.o(i.LTDC_GetPosStatus), (44 bytes).
    Removing stm32f4xx_ltdc.o(i.LTDC_GetRGBWidth), (64 bytes).
    Removing stm32f4xx_ltdc.o(i.LTDC_ITConfig), (32 bytes).
    Removing stm32f4xx_ltdc.o(i.LTDC_Init), (392 bytes).
    Removing stm32f4xx_ltdc.o(i.LTDC_LIPConfig), (12 bytes).
    Removing stm32f4xx_ltdc.o(i.LTDC_LayerAddress), (4 bytes).
    Removing stm32f4xx_ltdc.o(i.LTDC_LayerAlpha), (4 bytes).
    Removing stm32f4xx_ltdc.o(i.LTDC_LayerCmd), (22 bytes).
    Removing stm32f4xx_ltdc.o(i.LTDC_LayerInit), (276 bytes).
    Removing stm32f4xx_ltdc.o(i.LTDC_LayerPixelFormat), (106 bytes).
    Removing stm32f4xx_ltdc.o(i.LTDC_LayerPosition), (160 bytes).
    Removing stm32f4xx_ltdc.o(i.LTDC_LayerSize), (116 bytes).
    Removing stm32f4xx_ltdc.o(i.LTDC_LayerStructInit), (48 bytes).
    Removing stm32f4xx_ltdc.o(i.LTDC_PosStructInit), (8 bytes).
    Removing stm32f4xx_ltdc.o(i.LTDC_RGBStructInit), (10 bytes).
    Removing stm32f4xx_ltdc.o(i.LTDC_ReloadConfig), (12 bytes).
    Removing stm32f4xx_ltdc.o(i.LTDC_StructInit), (34 bytes).
    Removing stm32f4xx_syscfg.o(.rev16_text), (4 bytes).
    Removing stm32f4xx_syscfg.o(.revsh_text), (4 bytes).
    Removing stm32f4xx_syscfg.o(i.SYSCFG_CompensationCellCmd), (12 bytes).
    Removing stm32f4xx_syscfg.o(i.SYSCFG_DeInit), (22 bytes).
    Removing stm32f4xx_syscfg.o(i.SYSCFG_ETH_MediaInterfaceConfig), (12 bytes).
    Removing stm32f4xx_syscfg.o(i.SYSCFG_EXTILineConfig), (64 bytes).
    Removing stm32f4xx_syscfg.o(i.SYSCFG_GetCompensationCellStatus), (24 bytes).
    Removing stm32f4xx_syscfg.o(i.SYSCFG_MemoryRemapConfig), (12 bytes).
    Removing stm32f4xx_syscfg.o(i.SYSCFG_MemorySwappingBank), (12 bytes).
    Removing main.o(.rev16_text), (4 bytes).
    Removing main.o(.revsh_text), (4 bytes).
    Removing stm32f4xx_it.o(.rev16_text), (4 bytes).
    Removing stm32f4xx_it.o(.revsh_text), (4 bytes).
    Removing i2c.o(.rev16_text), (4 bytes).
    Removing i2c.o(.revsh_text), (4 bytes).
    Removing i2c.o(i.I2cReadMag), (444 bytes).
    Removing i2c.o(i.I2cWrite), (292 bytes).
    Removing i2c.o(i.I2cWriteMag), (320 bytes).
    Removing imu.o(.rev16_text), (4 bytes).
    Removing imu.o(.revsh_text), (4 bytes).
    Removing speaker.o(.rev16_text), (4 bytes).
    Removing speaker.o(.revsh_text), (4 bytes).
    Removing drive.o(.rev16_text), (4 bytes).
    Removing drive.o(.revsh_text), (4 bytes).
    Removing drive.o(i.SetRotation_Left), (2 bytes).
    Removing drive.o(i.SetRotation_Right), (2 bytes).
    Removing sonar.o(.rev16_text), (4 bytes).
    Removing sonar.o(.revsh_text), (4 bytes).
    Removing run.o(.rev16_text), (4 bytes).
    Removing run.o(.revsh_text), (4 bytes).

733 unused section(s) (total 33990 bytes) removed from the image.

==============================================================================

Image Symbol Table

    Local Symbols

    Symbol Name                              Value     Ov Type        Size  Object(Section)

    ../clib/../cmprslib/zerorunl2.c          0x00000000   Number         0  __dczerorl2.o ABSOLUTE
    ../clib/microlib/init/entry.s            0x00000000   Number         0  entry7b.o ABSOLUTE
    ../clib/microlib/init/entry.s            0x00000000   Number         0  entry11b.o ABSOLUTE
    ../clib/microlib/init/entry.s            0x00000000   Number         0  entry11a.o ABSOLUTE
    ../clib/microlib/init/entry.s            0x00000000   Number         0  entry10b.o ABSOLUTE
    ../clib/microlib/init/entry.s            0x00000000   Number         0  entry.o ABSOLUTE
    ../clib/microlib/init/entry.s            0x00000000   Number         0  entry8a.o ABSOLUTE
    ../clib/microlib/init/entry.s            0x00000000   Number         0  entry10a.o ABSOLUTE
    ../clib/microlib/init/entry.s            0x00000000   Number         0  entry2.o ABSOLUTE
    ../clib/microlib/init/entry.s            0x00000000   Number         0  entry9b.o ABSOLUTE
    ../clib/microlib/init/entry.s            0x00000000   Number         0  entry9a.o ABSOLUTE
    ../clib/microlib/init/entry.s            0x00000000   Number         0  entry5.o ABSOLUTE
    ../clib/microlib/init/entry.s            0x00000000   Number         0  entry8b.o ABSOLUTE
    ../clib/microlib/init/entry.s            0x00000000   Number         0  entry7a.o ABSOLUTE
    ../clib/microlib/longlong.c              0x00000000   Number         0  llsshr.o ABSOLUTE
    ../clib/microlib/longlong.c              0x00000000   Number         0  llshl.o ABSOLUTE
    ../clib/microlib/longlong.c              0x00000000   Number         0  llushr.o ABSOLUTE
    ../clib/microlib/string/memcpy.c         0x00000000   Number         0  memcpyb.o ABSOLUTE
    ../clib/microlib/string/memcpy.c         0x00000000   Number         0  memcpya.o ABSOLUTE
    ../clib/microlib/string/memset.c         0x00000000   Number         0  memseta.o ABSOLUTE
    ../clib/microlib/stubs.s                 0x00000000   Number         0  iusefp.o ABSOLUTE
    ../fplib/microlib/fpadd.c                0x00000000   Number         0  dadd.o ABSOLUTE
    ../fplib/microlib/fpdiv.c                0x00000000   Number         0  ddiv.o ABSOLUTE
    ../fplib/microlib/fpepilogue.c           0x00000000   Number         0  depilogue.o ABSOLUTE
    ../fplib/microlib/fpfix.c                0x00000000   Number         0  dfixi.o ABSOLUTE
    ../fplib/microlib/fpfix.c                0x00000000   Number         0  dfixui.o ABSOLUTE
    ../fplib/microlib/fpflt.c                0x00000000   Number         0  dflti.o ABSOLUTE
    ../fplib/microlib/fpflt.c                0x00000000   Number         0  dfltui.o ABSOLUTE
    ../fplib/microlib/fpmul.c                0x00000000   Number         0  dmul.o ABSOLUTE
    ..\..\..\Libraries\CMSIS\Device\ST\STM32F4xx\Source\Templates\arm\startup_stm32f40_41xxx.s 0x00000000   Number         0  startup_stm32f40_41xxx.o ABSOLUTE
    ..\..\..\Libraries\STM32F4xx_StdPeriph_Driver\src\misc.c 0x00000000   Number         0  misc.o ABSOLUTE
    ..\..\..\Libraries\STM32F4xx_StdPeriph_Driver\src\stm32f4xx_adc.c 0x00000000   Number         0  stm32f4xx_adc.o ABSOLUTE
    ..\..\..\Libraries\STM32F4xx_StdPeriph_Driver\src\stm32f4xx_can.c 0x00000000   Number         0  stm32f4xx_can.o ABSOLUTE
    ..\..\..\Libraries\STM32F4xx_StdPeriph_Driver\src\stm32f4xx_crc.c 0x00000000   Number         0  stm32f4xx_crc.o ABSOLUTE
    ..\..\..\Libraries\STM32F4xx_StdPeriph_Driver\src\stm32f4xx_cryp.c 0x00000000   Number         0  stm32f4xx_cryp.o ABSOLUTE
    ..\..\..\Libraries\STM32F4xx_StdPeriph_Driver\src\stm32f4xx_cryp_aes.c 0x00000000   Number         0  stm32f4xx_cryp_aes.o ABSOLUTE
    ..\..\..\Libraries\STM32F4xx_StdPeriph_Driver\src\stm32f4xx_cryp_des.c 0x00000000   Number         0  stm32f4xx_cryp_des.o ABSOLUTE
    ..\..\..\Libraries\STM32F4xx_StdPeriph_Driver\src\stm32f4xx_cryp_tdes.c 0x00000000   Number         0  stm32f4xx_cryp_tdes.o ABSOLUTE
    ..\..\..\Libraries\STM32F4xx_StdPeriph_Driver\src\stm32f4xx_dac.c 0x00000000   Number         0  stm32f4xx_dac.o ABSOLUTE
    ..\..\..\Libraries\STM32F4xx_StdPeriph_Driver\src\stm32f4xx_dbgmcu.c 0x00000000   Number         0  stm32f4xx_dbgmcu.o ABSOLUTE
    ..\..\..\Libraries\STM32F4xx_StdPeriph_Driver\src\stm32f4xx_dcmi.c 0x00000000   Number         0  stm32f4xx_dcmi.o ABSOLUTE
    ..\..\..\Libraries\STM32F4xx_StdPeriph_Driver\src\stm32f4xx_dma.c 0x00000000   Number         0  stm32f4xx_dma.o ABSOLUTE
    ..\..\..\Libraries\STM32F4xx_StdPeriph_Driver\src\stm32f4xx_dma2d.c 0x00000000   Number         0  stm32f4xx_dma2d.o ABSOLUTE
    ..\..\..\Libraries\STM32F4xx_StdPeriph_Driver\src\stm32f4xx_exti.c 0x00000000   Number         0  stm32f4xx_exti.o ABSOLUTE
    ..\..\..\Libraries\STM32F4xx_StdPeriph_Driver\src\stm32f4xx_flash.c 0x00000000   Number         0  stm32f4xx_flash.o ABSOLUTE
    ..\..\..\Libraries\STM32F4xx_StdPeriph_Driver\src\stm32f4xx_fsmc.c 0x00000000   Number         0  stm32f4xx_fsmc.o ABSOLUTE
    ..\..\..\Libraries\STM32F4xx_StdPeriph_Driver\src\stm32f4xx_gpio.c 0x00000000   Number         0  stm32f4xx_gpio.o ABSOLUTE
    ..\..\..\Libraries\STM32F4xx_StdPeriph_Driver\src\stm32f4xx_hash.c 0x00000000   Number         0  stm32f4xx_hash.o ABSOLUTE
    ..\..\..\Libraries\STM32F4xx_StdPeriph_Driver\src\stm32f4xx_hash_md5.c 0x00000000   Number         0  stm32f4xx_hash_md5.o ABSOLUTE
    ..\..\..\Libraries\STM32F4xx_StdPeriph_Driver\src\stm32f4xx_hash_sha1.c 0x00000000   Number         0  stm32f4xx_hash_sha1.o ABSOLUTE
    ..\..\..\Libraries\STM32F4xx_StdPeriph_Driver\src\stm32f4xx_i2c.c 0x00000000   Number         0  stm32f4xx_i2c.o ABSOLUTE
    ..\..\..\Libraries\STM32F4xx_StdPeriph_Driver\src\stm32f4xx_iwdg.c 0x00000000   Number         0  stm32f4xx_iwdg.o ABSOLUTE
    ..\..\..\Libraries\STM32F4xx_StdPeriph_Driver\src\stm32f4xx_ltdc.c 0x00000000   Number         0  stm32f4xx_ltdc.o ABSOLUTE
    ..\..\..\Libraries\STM32F4xx_StdPeriph_Driver\src\stm32f4xx_pwr.c 0x00000000   Number         0  stm32f4xx_pwr.o ABSOLUTE
    ..\..\..\Libraries\STM32F4xx_StdPeriph_Driver\src\stm32f4xx_rcc.c 0x00000000   Number         0  stm32f4xx_rcc.o ABSOLUTE
    ..\..\..\Libraries\STM32F4xx_StdPeriph_Driver\src\stm32f4xx_rng.c 0x00000000   Number         0  stm32f4xx_rng.o ABSOLUTE
    ..\..\..\Libraries\STM32F4xx_StdPeriph_Driver\src\stm32f4xx_rtc.c 0x00000000   Number         0  stm32f4xx_rtc.o ABSOLUTE
    ..\..\..\Libraries\STM32F4xx_StdPeriph_Driver\src\stm32f4xx_sai.c 0x00000000   Number         0  stm32f4xx_sai.o ABSOLUTE
    ..\..\..\Libraries\STM32F4xx_StdPeriph_Driver\src\stm32f4xx_sdio.c 0x00000000   Number         0  stm32f4xx_sdio.o ABSOLUTE
    ..\..\..\Libraries\STM32F4xx_StdPeriph_Driver\src\stm32f4xx_spi.c 0x00000000   Number         0  stm32f4xx_spi.o ABSOLUTE
    ..\..\..\Libraries\STM32F4xx_StdPeriph_Driver\src\stm32f4xx_syscfg.c 0x00000000   Number         0  stm32f4xx_syscfg.o ABSOLUTE
    ..\..\..\Libraries\STM32F4xx_StdPeriph_Driver\src\stm32f4xx_tim.c 0x00000000   Number         0  stm32f4xx_tim.o ABSOLUTE
    ..\..\..\Libraries\STM32F4xx_StdPeriph_Driver\src\stm32f4xx_usart.c 0x00000000   Number         0  stm32f4xx_usart.o ABSOLUTE
    ..\..\..\Libraries\STM32F4xx_StdPeriph_Driver\src\stm32f4xx_wwdg.c 0x00000000   Number         0  stm32f4xx_wwdg.o ABSOLUTE
    ..\\..\\..\\Libraries\\STM32F4xx_StdPeriph_Driver\\src\\misc.c 0x00000000   Number         0  misc.o ABSOLUTE
    ..\\..\\..\\Libraries\\STM32F4xx_StdPeriph_Driver\\src\\stm32f4xx_adc.c 0x00000000   Number         0  stm32f4xx_adc.o ABSOLUTE
    ..\\..\\..\\Libraries\\STM32F4xx_StdPeriph_Driver\\src\\stm32f4xx_can.c 0x00000000   Number         0  stm32f4xx_can.o ABSOLUTE
    ..\\..\\..\\Libraries\\STM32F4xx_StdPeriph_Driver\\src\\stm32f4xx_crc.c 0x00000000   Number         0  stm32f4xx_crc.o ABSOLUTE
    ..\\..\\..\\Libraries\\STM32F4xx_StdPeriph_Driver\\src\\stm32f4xx_cryp.c 0x00000000   Number         0  stm32f4xx_cryp.o ABSOLUTE
    ..\\..\\..\\Libraries\\STM32F4xx_StdPeriph_Driver\\src\\stm32f4xx_cryp_aes.c 0x00000000   Number         0  stm32f4xx_cryp_aes.o ABSOLUTE
    ..\\..\\..\\Libraries\\STM32F4xx_StdPeriph_Driver\\src\\stm32f4xx_cryp_des.c 0x00000000   Number         0  stm32f4xx_cryp_des.o ABSOLUTE
    ..\\..\\..\\Libraries\\STM32F4xx_StdPeriph_Driver\\src\\stm32f4xx_cryp_tdes.c 0x00000000   Number         0  stm32f4xx_cryp_tdes.o ABSOLUTE
    ..\\..\\..\\Libraries\\STM32F4xx_StdPeriph_Driver\\src\\stm32f4xx_dac.c 0x00000000   Number         0  stm32f4xx_dac.o ABSOLUTE
    ..\\..\\..\\Libraries\\STM32F4xx_StdPeriph_Driver\\src\\stm32f4xx_dbgmcu.c 0x00000000   Number         0  stm32f4xx_dbgmcu.o ABSOLUTE
    ..\\..\\..\\Libraries\\STM32F4xx_StdPeriph_Driver\\src\\stm32f4xx_dcmi.c 0x00000000   Number         0  stm32f4xx_dcmi.o ABSOLUTE
    ..\\..\\..\\Libraries\\STM32F4xx_StdPeriph_Driver\\src\\stm32f4xx_dma.c 0x00000000   Number         0  stm32f4xx_dma.o ABSOLUTE
    ..\\..\\..\\Libraries\\STM32F4xx_StdPeriph_Driver\\src\\stm32f4xx_dma2d.c 0x00000000   Number         0  stm32f4xx_dma2d.o ABSOLUTE
    ..\\..\\..\\Libraries\\STM32F4xx_StdPeriph_Driver\\src\\stm32f4xx_exti.c 0x00000000   Number         0  stm32f4xx_exti.o ABSOLUTE
    ..\\..\\..\\Libraries\\STM32F4xx_StdPeriph_Driver\\src\\stm32f4xx_flash.c 0x00000000   Number         0  stm32f4xx_flash.o ABSOLUTE
    ..\\..\\..\\Libraries\\STM32F4xx_StdPeriph_Driver\\src\\stm32f4xx_fsmc.c 0x00000000   Number         0  stm32f4xx_fsmc.o ABSOLUTE
    ..\\..\\..\\Libraries\\STM32F4xx_StdPeriph_Driver\\src\\stm32f4xx_gpio.c 0x00000000   Number         0  stm32f4xx_gpio.o ABSOLUTE
    ..\\..\\..\\Libraries\\STM32F4xx_StdPeriph_Driver\\src\\stm32f4xx_hash.c 0x00000000   Number         0  stm32f4xx_hash.o ABSOLUTE
    ..\\..\\..\\Libraries\\STM32F4xx_StdPeriph_Driver\\src\\stm32f4xx_hash_md5.c 0x00000000   Number         0  stm32f4xx_hash_md5.o ABSOLUTE
    ..\\..\\..\\Libraries\\STM32F4xx_StdPeriph_Driver\\src\\stm32f4xx_hash_sha1.c 0x00000000   Number         0  stm32f4xx_hash_sha1.o ABSOLUTE
    ..\\..\\..\\Libraries\\STM32F4xx_StdPeriph_Driver\\src\\stm32f4xx_i2c.c 0x00000000   Number         0  stm32f4xx_i2c.o ABSOLUTE
    ..\\..\\..\\Libraries\\STM32F4xx_StdPeriph_Driver\\src\\stm32f4xx_iwdg.c 0x00000000   Number         0  stm32f4xx_iwdg.o ABSOLUTE
    ..\\..\\..\\Libraries\\STM32F4xx_StdPeriph_Driver\\src\\stm32f4xx_ltdc.c 0x00000000   Number         0  stm32f4xx_ltdc.o ABSOLUTE
    ..\\..\\..\\Libraries\\STM32F4xx_StdPeriph_Driver\\src\\stm32f4xx_pwr.c 0x00000000   Number         0  stm32f4xx_pwr.o ABSOLUTE
    ..\\..\\..\\Libraries\\STM32F4xx_StdPeriph_Driver\\src\\stm32f4xx_rcc.c 0x00000000   Number         0  stm32f4xx_rcc.o ABSOLUTE
    ..\\..\\..\\Libraries\\STM32F4xx_StdPeriph_Driver\\src\\stm32f4xx_rng.c 0x00000000   Number         0  stm32f4xx_rng.o ABSOLUTE
    ..\\..\\..\\Libraries\\STM32F4xx_StdPeriph_Driver\\src\\stm32f4xx_rtc.c 0x00000000   Number         0  stm32f4xx_rtc.o ABSOLUTE
    ..\\..\\..\\Libraries\\STM32F4xx_StdPeriph_Driver\\src\\stm32f4xx_sai.c 0x00000000   Number         0  stm32f4xx_sai.o ABSOLUTE
    ..\\..\\..\\Libraries\\STM32F4xx_StdPeriph_Driver\\src\\stm32f4xx_sdio.c 0x00000000   Number         0  stm32f4xx_sdio.o ABSOLUTE
    ..\\..\\..\\Libraries\\STM32F4xx_StdPeriph_Driver\\src\\stm32f4xx_spi.c 0x00000000   Number         0  stm32f4xx_spi.o ABSOLUTE
    ..\\..\\..\\Libraries\\STM32F4xx_StdPeriph_Driver\\src\\stm32f4xx_syscfg.c 0x00000000   Number         0  stm32f4xx_syscfg.o ABSOLUTE
    ..\\..\\..\\Libraries\\STM32F4xx_StdPeriph_Driver\\src\\stm32f4xx_tim.c 0x00000000   Number         0  stm32f4xx_tim.o ABSOLUTE
    ..\\..\\..\\Libraries\\STM32F4xx_StdPeriph_Driver\\src\\stm32f4xx_usart.c 0x00000000   Number         0  stm32f4xx_usart.o ABSOLUTE
    ..\\..\\..\\Libraries\\STM32F4xx_StdPeriph_Driver\\src\\stm32f4xx_wwdg.c 0x00000000   Number         0  stm32f4xx_wwdg.o ABSOLUTE
    ..\\drive.c                              0x00000000   Number         0  drive.o ABSOLUTE
    ..\\i2c.c                                0x00000000   Number         0  i2c.o ABSOLUTE
    ..\\imu.c                                0x00000000   Number         0  imu.o ABSOLUTE
    ..\\main.c                               0x00000000   Number         0  main.o ABSOLUTE
    ..\\run.c                                0x00000000   Number         0  run.o ABSOLUTE
    ..\\sonar.c                              0x00000000   Number         0  sonar.o ABSOLUTE
    ..\\speaker.c                            0x00000000   Number         0  speaker.o ABSOLUTE
    ..\\stm32f4xx_it.c                       0x00000000   Number         0  stm32f4xx_it.o ABSOLUTE
    ..\\system_stm32f4xx.c                   0x00000000   Number         0  system_stm32f4xx.o ABSOLUTE
    ..\drive.c                               0x00000000   Number         0  drive.o ABSOLUTE
    ..\i2c.c                                 0x00000000   Number         0  i2c.o ABSOLUTE
    ..\imu.c                                 0x00000000   Number         0  imu.o ABSOLUTE
    ..\main.c                                0x00000000   Number         0  main.o ABSOLUTE
    ..\run.c                                 0x00000000   Number         0  run.o ABSOLUTE
    ..\sonar.c                               0x00000000   Number         0  sonar.o ABSOLUTE
    ..\speaker.c                             0x00000000   Number         0  speaker.o ABSOLUTE
    ..\stm32f4xx_it.c                        0x00000000   Number         0  stm32f4xx_it.o ABSOLUTE
    ..\system_stm32f4xx.c                    0x00000000   Number         0  system_stm32f4xx.o ABSOLUTE
    cdcmple.s                                0x00000000   Number         0  cdcmple.o ABSOLUTE
    dc.s                                     0x00000000   Number         0  dc.o ABSOLUTE
    handlers.s                               0x00000000   Number         0  handlers.o ABSOLUTE
    init.s                                   0x00000000   Number         0  init.o ABSOLUTE
    RESET                                    0x08000000   Section      392  startup_stm32f40_41xxx.o(RESET)
    .ARM.Collect$$$$00000000                 0x08000188   Section        0  entry.o(.ARM.Collect$$$$00000000)
    .ARM.Collect$$$$00000001                 0x08000188   Section        4  entry2.o(.ARM.Collect$$$$00000001)
    .ARM.Collect$$$$00000004                 0x0800018c   Section        4  entry5.o(.ARM.Collect$$$$00000004)
    .ARM.Collect$$$$00000008                 0x08000190   Section        0  entry7b.o(.ARM.Collect$$$$00000008)
    .ARM.Collect$$$$0000000A                 0x08000190   Section        0  entry8b.o(.ARM.Collect$$$$0000000A)
    .ARM.Collect$$$$0000000B                 0x08000190   Section        8  entry9a.o(.ARM.Collect$$$$0000000B)
    .ARM.Collect$$$$0000000D                 0x08000198   Section        0  entry10a.o(.ARM.Collect$$$$0000000D)
    .ARM.Collect$$$$0000000F                 0x08000198   Section        0  entry11a.o(.ARM.Collect$$$$0000000F)
    .ARM.Collect$$$$00002712                 0x08000198   Section        4  entry2.o(.ARM.Collect$$$$00002712)
    __lit__00000000                          0x08000198   Data           4  entry2.o(.ARM.Collect$$$$00002712)
    .text                                    0x0800019c   Section       36  startup_stm32f40_41xxx.o(.text)
    $v0                                      0x0800019c   Number         0  startup_stm32f40_41xxx.o(.text)
    .text                                    0x080001c0   Section        0  memcpya.o(.text)
    .text                                    0x080001e4   Section        0  memseta.o(.text)
    .text                                    0x08000208   Section        0  dadd.o(.text)
    .text                                    0x08000356   Section        0  dmul.o(.text)
    .text                                    0x0800043a   Section        0  ddiv.o(.text)
    .text                                    0x08000518   Section        0  dflti.o(.text)
    .text                                    0x0800053a   Section        0  dfltui.o(.text)
    .text                                    0x08000554   Section        0  dfixi.o(.text)
    .text                                    0x08000592   Section        0  dfixui.o(.text)
    .text                                    0x080005c4   Section       48  cdcmple.o(.text)
    .text                                    0x080005f4   Section        0  llshl.o(.text)
    .text                                    0x08000612   Section        0  llushr.o(.text)
    .text                                    0x08000632   Section        0  llsshr.o(.text)
    .text                                    0x08000656   Section        0  depilogue.o(.text)
    .text                                    0x08000656   Section        0  iusefp.o(.text)
    .text                                    0x08000710   Section       36  init.o(.text)
    .text                                    0x08000734   Section        0  __dczerorl2.o(.text)
    i.BusFault_Handler                       0x0800078a   Section        0  stm32f4xx_it.o(i.BusFault_Handler)
    i.CalibrateIMU                           0x08000790   Section        0  imu.o(i.CalibrateIMU)
    i.DAC_Ch2_SineWaveConfig                 0x08000808   Section        0  speaker.o(i.DAC_Ch2_SineWaveConfig)
    DAC_Ch2_SineWaveConfig                   0x08000809   Thumb Code   126  speaker.o(i.DAC_Ch2_SineWaveConfig)
    i.DAC_Cmd                                0x08000898   Section        0  stm32f4xx_dac.o(i.DAC_Cmd)
    i.DAC_DMACmd                             0x080008c0   Section        0  stm32f4xx_dac.o(i.DAC_DMACmd)
    i.DAC_DeInit                             0x080008ec   Section        0  stm32f4xx_dac.o(i.DAC_DeInit)
    i.DAC_Init                               0x08000904   Section        0  stm32f4xx_dac.o(i.DAC_Init)
    i.DMA_Cmd                                0x08000938   Section        0  stm32f4xx_dma.o(i.DMA_Cmd)
    i.DMA_DeInit                             0x08000950   Section        0  stm32f4xx_dma.o(i.DMA_DeInit)
    i.DMA_Init                               0x08000aa8   Section        0  stm32f4xx_dma.o(i.DMA_Init)
    i.DebugMon_Handler                       0x08000b00   Section        0  stm32f4xx_it.o(i.DebugMon_Handler)
    i.Delay                                  0x08000b04   Section        0  main.o(i.Delay)
    Delay                                    0x08000b05   Thumb Code    20  main.o(i.Delay)
    i.DriveInit                              0x08000b1c   Section        0  drive.o(i.DriveInit)
    i.EXTI15_10_IRQHandler                   0x08000b8c   Section        0  stm32f4xx_it.o(i.EXTI15_10_IRQHandler)
    i.EXTI_ClearITPendingBit                 0x08000bbc   Section        0  stm32f4xx_exti.o(i.EXTI_ClearITPendingBit)
    i.EXTI_GetITStatus                       0x08000bc8   Section        0  stm32f4xx_exti.o(i.EXTI_GetITStatus)
    i.GPIO_Init                              0x08000be0   Section        0  stm32f4xx_gpio.o(i.GPIO_Init)
    i.GPIO_PinAFConfig                       0x08000c70   Section        0  stm32f4xx_gpio.o(i.GPIO_PinAFConfig)
    i.GPIO_ReadInputDataBit                  0x08000cb6   Section        0  stm32f4xx_gpio.o(i.GPIO_ReadInputDataBit)
    i.HardFault_Handler                      0x08000cc8   Section        0  stm32f4xx_it.o(i.HardFault_Handler)
    i.I2CInit                                0x08000ccc   Section        0  i2c.o(i.I2CInit)
    i.I2C_AcknowledgeConfig                  0x08000dc4   Section        0  stm32f4xx_i2c.o(i.I2C_AcknowledgeConfig)
    i.I2C_CheckEvent                         0x08000ddc   Section        0  stm32f4xx_i2c.o(i.I2C_CheckEvent)
    i.I2C_DeInit                             0x08000e08   Section        0  stm32f4xx_i2c.o(i.I2C_DeInit)
    i.I2C_GenerateSTART                      0x08000e68   Section        0  stm32f4xx_i2c.o(i.I2C_GenerateSTART)
    i.I2C_GenerateSTOP                       0x08000e80   Section        0  stm32f4xx_i2c.o(i.I2C_GenerateSTOP)
    i.I2C_GetFlagStatus                      0x08000e98   Section        0  stm32f4xx_i2c.o(i.I2C_GetFlagStatus)
    i.I2C_Init                               0x08000ed4   Section        0  stm32f4xx_i2c.o(i.I2C_Init)
    i.I2C_ReceiveData                        0x08000fbc   Section        0  stm32f4xx_i2c.o(i.I2C_ReceiveData)
    i.I2C_Send7bitAddress                    0x08000fc4   Section        0  stm32f4xx_i2c.o(i.I2C_Send7bitAddress)
    i.I2C_SendData                           0x08000fd4   Section        0  stm32f4xx_i2c.o(i.I2C_SendData)
    i.I2C_SoftwareResetCmd                   0x08000fd8   Section        0  stm32f4xx_i2c.o(i.I2C_SoftwareResetCmd)
    i.I2cRead                                0x08000ff0   Section        0  i2c.o(i.I2cRead)
    i.I2cSonarRead                           0x08001198   Section        0  i2c.o(i.I2cSonarRead)
    i.I2cWriteConfig                         0x080012a4   Section        0  i2c.o(i.I2cWriteConfig)
    i.IMU_Init                               0x080013b8   Section        0  imu.o(i.IMU_Init)
    i.IMU_Update                             0x08001420   Section        0  imu.o(i.IMU_Update)
    i.MemManage_Handler                      0x08001704   Section        0  stm32f4xx_it.o(i.MemManage_Handler)
    i.Moo_OFF                                0x08001708   Section        0  speaker.o(i.Moo_OFF)
    i.Moo_ON                                 0x08001728   Section        0  speaker.o(i.Moo_ON)
    i.NMI_Handler                            0x0800174c   Section        0  stm32f4xx_it.o(i.NMI_Handler)
    i.NVIC_Init                              0x08001750   Section        0  misc.o(i.NVIC_Init)
    i.PendSV_Handler                         0x080017c8   Section        0  stm32f4xx_it.o(i.PendSV_Handler)
    i.PreScale_TIME_Init                     0x080017cc   Section        0  drive.o(i.PreScale_TIME_Init)
    i.RCC_AHB1PeriphClockCmd                 0x0800188c   Section        0  stm32f4xx_rcc.o(i.RCC_AHB1PeriphClockCmd)
    i.RCC_APB1PeriphClockCmd                 0x080018ac   Section        0  stm32f4xx_rcc.o(i.RCC_APB1PeriphClockCmd)
    i.RCC_APB1PeriphResetCmd                 0x080018cc   Section        0  stm32f4xx_rcc.o(i.RCC_APB1PeriphResetCmd)
    i.RCC_APB2PeriphClockCmd                 0x080018ec   Section        0  stm32f4xx_rcc.o(i.RCC_APB2PeriphClockCmd)
    i.RCC_GetClocksFreq                      0x0800190c   Section        0  stm32f4xx_rcc.o(i.RCC_GetClocksFreq)
    i.RunSwitchInit                          0x080019f4   Section        0  run.o(i.RunSwitchInit)
    i.SVC_Handler                            0x08001a28   Section        0  stm32f4xx_it.o(i.SVC_Handler)
    i.SetDirection_Backward                  0x08001a2c   Section        0  drive.o(i.SetDirection_Backward)
    i.SetDirection_Forward                   0x08001a5c   Section        0  drive.o(i.SetDirection_Forward)
    i.SetLeftBackWheelPwm                    0x08001a8c   Section        0  drive.o(i.SetLeftBackWheelPwm)
    i.SetLeftFrontWheelPwm                   0x08001aa4   Section        0  drive.o(i.SetLeftFrontWheelPwm)
    i.SetRightBackWheelPwm                   0x08001abc   Section        0  drive.o(i.SetRightBackWheelPwm)
    i.SetRightFrontWheelPwm                  0x08001ad4   Section        0  drive.o(i.SetRightFrontWheelPwm)
    i.SetSysClock                            0x08001aec   Section        0  system_stm32f4xx.o(i.SetSysClock)
    SetSysClock                              0x08001aed   Thumb Code   220  system_stm32f4xx.o(i.SetSysClock)
    i.SpeakerGPIO_Config                     0x08001bd8   Section        0  speaker.o(i.SpeakerGPIO_Config)
    SpeakerGPIO_Config                       0x08001bd9   Thumb Code    74  speaker.o(i.SpeakerGPIO_Config)
    i.Speaker_Config                         0x08001c28   Section        0  speaker.o(i.Speaker_Config)
    i.SysTick_Handler                        0x08001c3c   Section        0  stm32f4xx_it.o(i.SysTick_Handler)
    i.SystemInit                             0x08001d74   Section        0  system_stm32f4xx.o(i.SystemInit)
    i.TI1_Config                             0x08001ddc   Section        0  stm32f4xx_tim.o(i.TI1_Config)
    TI1_Config                               0x08001ddd   Thumb Code    58  stm32f4xx_tim.o(i.TI1_Config)
    i.TI2_Config                             0x08001e16   Section        0  stm32f4xx_tim.o(i.TI2_Config)
    TI2_Config                               0x08001e17   Thumb Code    80  stm32f4xx_tim.o(i.TI2_Config)
    i.TI3_Config                             0x08001e66   Section        0  stm32f4xx_tim.o(i.TI3_Config)
    TI3_Config                               0x08001e67   Thumb Code    72  stm32f4xx_tim.o(i.TI3_Config)
    i.TI4_Config                             0x08001eae   Section        0  stm32f4xx_tim.o(i.TI4_Config)
    TI4_Config                               0x08001eaf   Thumb Code    80  stm32f4xx_tim.o(i.TI4_Config)
    i.TIM1_CC_IRQHandler                     0x08001f00   Section        0  stm32f4xx_it.o(i.TIM1_CC_IRQHandler)
    i.TIM2_IRQHandler                        0x08002008   Section        0  stm32f4xx_it.o(i.TIM2_IRQHandler)
    i.TIM3_Config                            0x080020a0   Section        0  drive.o(i.TIM3_Config)
    i.TIM3_Pin_Init                          0x080020b0   Section        0  drive.o(i.TIM3_Pin_Init)
    i.TIM4_IRQHandler                        0x08002118   Section        0  stm32f4xx_it.o(i.TIM4_IRQHandler)
    i.TIM5_IRQHandler                        0x080021b0   Section        0  stm32f4xx_it.o(i.TIM5_IRQHandler)
    i.TIM6_Config                            0x08002248   Section        0  speaker.o(i.TIM6_Config)
    TIM6_Config                              0x08002249   Thumb Code    62  speaker.o(i.TIM6_Config)
    i.TIM7_Config                            0x0800228c   Section        0  drive.o(i.TIM7_Config)
    i.TIM7_IRQHandler                        0x080022e8   Section        0  stm32f4xx_it.o(i.TIM7_IRQHandler)
    i.TIM_ARRPreloadConfig                   0x08002c88   Section        0  stm32f4xx_tim.o(i.TIM_ARRPreloadConfig)
    i.TIM_ClearITPendingBit                  0x08002ca0   Section        0  stm32f4xx_tim.o(i.TIM_ClearITPendingBit)
    i.TIM_Cmd                                0x08002ca6   Section        0  stm32f4xx_tim.o(i.TIM_Cmd)
    i.TIM_Config                             0x08002cc0   Section        0  drive.o(i.TIM_Config)
    i.TIM_GetCapture1                        0x08002ef4   Section        0  stm32f4xx_tim.o(i.TIM_GetCapture1)
    i.TIM_GetCapture2                        0x08002efa   Section        0  stm32f4xx_tim.o(i.TIM_GetCapture2)
    i.TIM_GetITStatus                        0x08002f00   Section        0  stm32f4xx_tim.o(i.TIM_GetITStatus)
    i.TIM_ICInit                             0x08002f22   Section        0  stm32f4xx_tim.o(i.TIM_ICInit)
    i.TIM_ITConfig                           0x08002f90   Section        0  stm32f4xx_tim.o(i.TIM_ITConfig)
    i.TIM_OC1Init                            0x08002fa4   Section        0  stm32f4xx_tim.o(i.TIM_OC1Init)
    i.TIM_OC1PreloadConfig                   0x08003020   Section        0  stm32f4xx_tim.o(i.TIM_OC1PreloadConfig)
    i.TIM_OC2Init                            0x08003034   Section        0  stm32f4xx_tim.o(i.TIM_OC2Init)
    i.TIM_OC2PreloadConfig                   0x080030d8   Section        0  stm32f4xx_tim.o(i.TIM_OC2PreloadConfig)
    i.TIM_OC3Init                            0x080030f4   Section        0  stm32f4xx_tim.o(i.TIM_OC3Init)
    i.TIM_OC3PreloadConfig                   0x08003194   Section        0  stm32f4xx_tim.o(i.TIM_OC3PreloadConfig)
    i.TIM_OC4Init                            0x080031a8   Section        0  stm32f4xx_tim.o(i.TIM_OC4Init)
    i.TIM_OC4PreloadConfig                   0x08003220   Section        0  stm32f4xx_tim.o(i.TIM_OC4PreloadConfig)
    i.TIM_PWMIConfig                         0x0800323a   Section        0  stm32f4xx_tim.o(i.TIM_PWMIConfig)
    i.TIM_SelectInputTrigger                 0x080032b6   Section        0  stm32f4xx_tim.o(i.TIM_SelectInputTrigger)
    i.TIM_SelectMasterSlaveMode              0x080032c8   Section        0  stm32f4xx_tim.o(i.TIM_SelectMasterSlaveMode)
    i.TIM_SelectOutputTrigger                0x080032da   Section        0  stm32f4xx_tim.o(i.TIM_SelectOutputTrigger)
    i.TIM_SelectSlaveMode                    0x080032ec   Section        0  stm32f4xx_tim.o(i.TIM_SelectSlaveMode)
    i.TIM_SetIC1Prescaler                    0x080032fe   Section        0  stm32f4xx_tim.o(i.TIM_SetIC1Prescaler)
    i.TIM_SetIC2Prescaler                    0x08003310   Section        0  stm32f4xx_tim.o(i.TIM_SetIC2Prescaler)
    i.TIM_SetIC3Prescaler                    0x0800332a   Section        0  stm32f4xx_tim.o(i.TIM_SetIC3Prescaler)
    i.TIM_SetIC4Prescaler                    0x0800333c   Section        0  stm32f4xx_tim.o(i.TIM_SetIC4Prescaler)
    i.TIM_TimeBaseInit                       0x08003358   Section        0  stm32f4xx_tim.o(i.TIM_TimeBaseInit)
    i.TIM_TimeBaseStructInit                 0x080033dc   Section        0  stm32f4xx_tim.o(i.TIM_TimeBaseStructInit)
    i.TMR3_PWM_Init                          0x080033f0   Section        0  drive.o(i.TMR3_PWM_Init)
    i.TimingDelay_Decrement                  0x080034c8   Section        0  main.o(i.TimingDelay_Decrement)
    i.UsageFault_Handler                     0x080034e0   Section        0  stm32f4xx_it.o(i.UsageFault_Handler)
    i.__scatterload_copy                     0x080034e4   Section       14  handlers.o(i.__scatterload_copy)
    i.__scatterload_null                     0x080034f2   Section        2  handlers.o(i.__scatterload_null)
    i.__scatterload_zeroinit                 0x080034f4   Section       14  handlers.o(i.__scatterload_zeroinit)
    i.initAK8975A                            0x08003504   Section        0  imu.o(i.initAK8975A)
    i.main                                   0x080035d8   Section        0  main.o(i.main)
    .constdata                               0x08003a48   Section       64  speaker.o(.constdata)
    .data                                    0x20000000   Section       20  system_stm32f4xx.o(.data)
    .data                                    0x20000014   Section       16  stm32f4xx_rcc.o(.data)
    APBAHBPrescTable                         0x20000014   Data          16  stm32f4xx_rcc.o(.data)
    .data                                    0x20000024   Section        8  main.o(.data)
    uwTimingDelay                            0x20000024   Data           4  main.o(.data)
    .data                                    0x20000030   Section      528  stm32f4xx_it.o(.data)
    .data                                    0x20000240   Section       80  imu.o(.data)
    delaytime                                0x2000028c   Data           4  imu.o(.data)
    .data                                    0x20000290   Section        3  speaker.o(.data)
    .data                                    0x20000293   Section        2  sonar.o(.data)
    .data                                    0x20000298   Section        4  run.o(.data)
    .bss                                     0x200002a0   Section      110  imu.o(.bss)
    .bss                                     0x20000310   Section       80  speaker.o(.bss)
    .bss                                     0x20000360   Section       60  drive.o(.bss)
    STACK                                    0x200003a0   Section     1024  startup_stm32f40_41xxx.o(STACK)

    Global Symbols

    Symbol Name                              Value     Ov Type        Size  Object(Section)

    BuildAttributes$$THM_ISAv4$E$P$D$K$B$S$7EM$VFPi3$EXTD16$VFPS$VFMA$PE$A:L22UL41UL21$X:L11$S22US41US21$IEEE1$IW$USESV6$~STKCKD$USESV7$~SHL$OSPACE$ROPI$EBA8$MICROLIB$REQ8$PRES8$EABIv2 0x00000000   Number         0  anon$$obj.o ABSOLUTE
    __ARM_use_no_argv                        0x00000000   Number         0  main.o ABSOLUTE
    __cpp_initialize__aeabi_                  - Undefined Weak Reference
    __cxa_finalize                            - Undefined Weak Reference
    _clock_init                               - Undefined Weak Reference
    _microlib_exit                            - Undefined Weak Reference
    __Vectors_Size                           0x00000188   Number         0  startup_stm32f40_41xxx.o ABSOLUTE
    __Vectors                                0x08000000   Data           4  startup_stm32f40_41xxx.o(RESET)
    __Vectors_End                            0x08000188   Data           0  startup_stm32f40_41xxx.o(RESET)
    __main                                   0x08000189   Thumb Code     0  entry.o(.ARM.Collect$$$$00000000)
    _main_stk                                0x08000189   Thumb Code     0  entry2.o(.ARM.Collect$$$$00000001)
    _main_scatterload                        0x0800018d   Thumb Code     0  entry5.o(.ARM.Collect$$$$00000004)
    __main_after_scatterload                 0x08000191   Thumb Code     0  entry5.o(.ARM.Collect$$$$00000004)
    _main_clock                              0x08000191   Thumb Code     0  entry7b.o(.ARM.Collect$$$$00000008)
    _main_cpp_init                           0x08000191   Thumb Code     0  entry8b.o(.ARM.Collect$$$$0000000A)
    _main_init                               0x08000191   Thumb Code     0  entry9a.o(.ARM.Collect$$$$0000000B)
    __rt_final_cpp                           0x08000199   Thumb Code     0  entry10a.o(.ARM.Collect$$$$0000000D)
    __rt_final_exit                          0x08000199   Thumb Code     0  entry11a.o(.ARM.Collect$$$$0000000F)
    Reset_Handler                            0x0800019d   Thumb Code     8  startup_stm32f40_41xxx.o(.text)
    ADC_IRQHandler                           0x080001b7   Thumb Code     0  startup_stm32f40_41xxx.o(.text)
    CAN1_RX0_IRQHandler                      0x080001b7   Thumb Code     0  startup_stm32f40_41xxx.o(.text)
    CAN1_RX1_IRQHandler                      0x080001b7   Thumb Code     0  startup_stm32f40_41xxx.o(.text)
    CAN1_SCE_IRQHandler                      0x080001b7   Thumb Code     0  startup_stm32f40_41xxx.o(.text)
    CAN1_TX_IRQHandler                       0x080001b7   Thumb Code     0  startup_stm32f40_41xxx.o(.text)
    CAN2_RX0_IRQHandler                      0x080001b7   Thumb Code     0  startup_stm32f40_41xxx.o(.text)
    CAN2_RX1_IRQHandler                      0x080001b7   Thumb Code     0  startup_stm32f40_41xxx.o(.text)
    CAN2_SCE_IRQHandler                      0x080001b7   Thumb Code     0  startup_stm32f40_41xxx.o(.text)
    CAN2_TX_IRQHandler                       0x080001b7   Thumb Code     0  startup_stm32f40_41xxx.o(.text)
    CRYP_IRQHandler                          0x080001b7   Thumb Code     0  startup_stm32f40_41xxx.o(.text)
    DCMI_IRQHandler                          0x080001b7   Thumb Code     0  startup_stm32f40_41xxx.o(.text)
    DMA1_Stream0_IRQHandler                  0x080001b7   Thumb Code     0  startup_stm32f40_41xxx.o(.text)
    DMA1_Stream1_IRQHandler                  0x080001b7   Thumb Code     0  startup_stm32f40_41xxx.o(.text)
    DMA1_Stream2_IRQHandler                  0x080001b7   Thumb Code     0  startup_stm32f40_41xxx.o(.text)
    DMA1_Stream3_IRQHandler                  0x080001b7   Thumb Code     0  startup_stm32f40_41xxx.o(.text)
    DMA1_Stream4_IRQHandler                  0x080001b7   Thumb Code     0  startup_stm32f40_41xxx.o(.text)
    DMA1_Stream5_IRQHandler                  0x080001b7   Thumb Code     0  startup_stm32f40_41xxx.o(.text)
    DMA1_Stream6_IRQHandler                  0x080001b7   Thumb Code     0  startup_stm32f40_41xxx.o(.text)
    DMA1_Stream7_IRQHandler                  0x080001b7   Thumb Code     0  startup_stm32f40_41xxx.o(.text)
    DMA2_Stream0_IRQHandler                  0x080001b7   Thumb Code     0  startup_stm32f40_41xxx.o(.text)
    DMA2_Stream1_IRQHandler                  0x080001b7   Thumb Code     0  startup_stm32f40_41xxx.o(.text)
    DMA2_Stream2_IRQHandler                  0x080001b7   Thumb Code     0  startup_stm32f40_41xxx.o(.text)
    DMA2_Stream3_IRQHandler                  0x080001b7   Thumb Code     0  startup_stm32f40_41xxx.o(.text)
    DMA2_Stream4_IRQHandler                  0x080001b7   Thumb Code     0  startup_stm32f40_41xxx.o(.text)
    DMA2_Stream5_IRQHandler                  0x080001b7   Thumb Code     0  startup_stm32f40_41xxx.o(.text)
    DMA2_Stream6_IRQHandler                  0x080001b7   Thumb Code     0  startup_stm32f40_41xxx.o(.text)
    DMA2_Stream7_IRQHandler                  0x080001b7   Thumb Code     0  startup_stm32f40_41xxx.o(.text)
    ETH_IRQHandler                           0x080001b7   Thumb Code     0  startup_stm32f40_41xxx.o(.text)
    ETH_WKUP_IRQHandler                      0x080001b7   Thumb Code     0  startup_stm32f40_41xxx.o(.text)
    EXTI0_IRQHandler                         0x080001b7   Thumb Code     0  startup_stm32f40_41xxx.o(.text)
    EXTI1_IRQHandler                         0x080001b7   Thumb Code     0  startup_stm32f40_41xxx.o(.text)
    EXTI2_IRQHandler                         0x080001b7   Thumb Code     0  startup_stm32f40_41xxx.o(.text)
    EXTI3_IRQHandler                         0x080001b7   Thumb Code     0  startup_stm32f40_41xxx.o(.text)
    EXTI4_IRQHandler                         0x080001b7   Thumb Code     0  startup_stm32f40_41xxx.o(.text)
    EXTI9_5_IRQHandler                       0x080001b7   Thumb Code     0  startup_stm32f40_41xxx.o(.text)
    FLASH_IRQHandler                         0x080001b7   Thumb Code     0  startup_stm32f40_41xxx.o(.text)
    FPU_IRQHandler                           0x080001b7   Thumb Code     0  startup_stm32f40_41xxx.o(.text)
    FSMC_IRQHandler                          0x080001b7   Thumb Code     0  startup_stm32f40_41xxx.o(.text)
    HASH_RNG_IRQHandler                      0x080001b7   Thumb Code     0  startup_stm32f40_41xxx.o(.text)
    I2C1_ER_IRQHandler                       0x080001b7   Thumb Code     0  startup_stm32f40_41xxx.o(.text)
    I2C1_EV_IRQHandler                       0x080001b7   Thumb Code     0  startup_stm32f40_41xxx.o(.text)
    I2C2_ER_IRQHandler                       0x080001b7   Thumb Code     0  startup_stm32f40_41xxx.o(.text)
    I2C2_EV_IRQHandler                       0x080001b7   Thumb Code     0  startup_stm32f40_41xxx.o(.text)
    I2C3_ER_IRQHandler                       0x080001b7   Thumb Code     0  startup_stm32f40_41xxx.o(.text)
    I2C3_EV_IRQHandler                       0x080001b7   Thumb Code     0  startup_stm32f40_41xxx.o(.text)
    OTG_FS_IRQHandler                        0x080001b7   Thumb Code     0  startup_stm32f40_41xxx.o(.text)
    OTG_FS_WKUP_IRQHandler                   0x080001b7   Thumb Code     0  startup_stm32f40_41xxx.o(.text)
    OTG_HS_EP1_IN_IRQHandler                 0x080001b7   Thumb Code     0  startup_stm32f40_41xxx.o(.text)
    OTG_HS_EP1_OUT_IRQHandler                0x080001b7   Thumb Code     0  startup_stm32f40_41xxx.o(.text)
    OTG_HS_IRQHandler                        0x080001b7   Thumb Code     0  startup_stm32f40_41xxx.o(.text)
    OTG_HS_WKUP_IRQHandler                   0x080001b7   Thumb Code     0  startup_stm32f40_41xxx.o(.text)
    PVD_IRQHandler                           0x080001b7   Thumb Code     0  startup_stm32f40_41xxx.o(.text)
    RCC_IRQHandler                           0x080001b7   Thumb Code     0  startup_stm32f40_41xxx.o(.text)
    RTC_Alarm_IRQHandler                     0x080001b7   Thumb Code     0  startup_stm32f40_41xxx.o(.text)
    RTC_WKUP_IRQHandler                      0x080001b7   Thumb Code     0  startup_stm32f40_41xxx.o(.text)
    SDIO_IRQHandler                          0x080001b7   Thumb Code     0  startup_stm32f40_41xxx.o(.text)
    SPI1_IRQHandler                          0x080001b7   Thumb Code     0  startup_stm32f40_41xxx.o(.text)
    SPI2_IRQHandler                          0x080001b7   Thumb Code     0  startup_stm32f40_41xxx.o(.text)
    SPI3_IRQHandler                          0x080001b7   Thumb Code     0  startup_stm32f40_41xxx.o(.text)
    TAMP_STAMP_IRQHandler                    0x080001b7   Thumb Code     0  startup_stm32f40_41xxx.o(.text)
    TIM1_BRK_TIM9_IRQHandler                 0x080001b7   Thumb Code     0  startup_stm32f40_41xxx.o(.text)
    TIM1_TRG_COM_TIM11_IRQHandler            0x080001b7   Thumb Code     0  startup_stm32f40_41xxx.o(.text)
    TIM1_UP_TIM10_IRQHandler                 0x080001b7   Thumb Code     0  startup_stm32f40_41xxx.o(.text)
    TIM3_IRQHandler                          0x080001b7   Thumb Code     0  startup_stm32f40_41xxx.o(.text)
    TIM6_DAC_IRQHandler                      0x080001b7   Thumb Code     0  startup_stm32f40_41xxx.o(.text)
    TIM8_BRK_TIM12_IRQHandler                0x080001b7   Thumb Code     0  startup_stm32f40_41xxx.o(.text)
    TIM8_CC_IRQHandler                       0x080001b7   Thumb Code     0  startup_stm32f40_41xxx.o(.text)
    TIM8_TRG_COM_TIM14_IRQHandler            0x080001b7   Thumb Code     0  startup_stm32f40_41xxx.o(.text)
    TIM8_UP_TIM13_IRQHandler                 0x080001b7   Thumb Code     0  startup_stm32f40_41xxx.o(.text)
    UART4_IRQHandler                         0x080001b7   Thumb Code     0  startup_stm32f40_41xxx.o(.text)
    UART5_IRQHandler                         0x080001b7   Thumb Code     0  startup_stm32f40_41xxx.o(.text)
    USART1_IRQHandler                        0x080001b7   Thumb Code     0  startup_stm32f40_41xxx.o(.text)
    USART2_IRQHandler                        0x080001b7   Thumb Code     0  startup_stm32f40_41xxx.o(.text)
    USART3_IRQHandler                        0x080001b7   Thumb Code     0  startup_stm32f40_41xxx.o(.text)
    USART6_IRQHandler                        0x080001b7   Thumb Code     0  startup_stm32f40_41xxx.o(.text)
    WWDG_IRQHandler                          0x080001b7   Thumb Code     0  startup_stm32f40_41xxx.o(.text)
    __aeabi_memcpy                           0x080001c1   Thumb Code    36  memcpya.o(.text)
    __aeabi_memcpy4                          0x080001c1   Thumb Code     0  memcpya.o(.text)
    __aeabi_memcpy8                          0x080001c1   Thumb Code     0  memcpya.o(.text)
    __aeabi_memset                           0x080001e5   Thumb Code    14  memseta.o(.text)
    __aeabi_memset4                          0x080001e5   Thumb Code     0  memseta.o(.text)
    __aeabi_memset8                          0x080001e5   Thumb Code     0  memseta.o(.text)
    __aeabi_memclr                           0x080001f3   Thumb Code     4  memseta.o(.text)
    __aeabi_memclr4                          0x080001f3   Thumb Code     0  memseta.o(.text)
    __aeabi_memclr8                          0x080001f3   Thumb Code     0  memseta.o(.text)
    _memset$wrapper                          0x080001f7   Thumb Code    18  memseta.o(.text)
    __aeabi_dadd                             0x08000209   Thumb Code   322  dadd.o(.text)
    __aeabi_dsub                             0x0800034b   Thumb Code     6  dadd.o(.text)
    __aeabi_drsub                            0x08000351   Thumb Code     6  dadd.o(.text)
    __aeabi_dmul                             0x08000357   Thumb Code   228  dmul.o(.text)
    __aeabi_ddiv                             0x0800043b   Thumb Code   222  ddiv.o(.text)
    __aeabi_i2d                              0x08000519   Thumb Code    34  dflti.o(.text)
    __aeabi_ui2d                             0x0800053b   Thumb Code    26  dfltui.o(.text)
    __aeabi_d2iz                             0x08000555   Thumb Code    62  dfixi.o(.text)
    __aeabi_d2uiz                            0x08000593   Thumb Code    50  dfixui.o(.text)
    __aeabi_cdcmpeq                          0x080005c5   Thumb Code     0  cdcmple.o(.text)
    __aeabi_cdcmple                          0x080005c5   Thumb Code    48  cdcmple.o(.text)
    __aeabi_llsl                             0x080005f5   Thumb Code    30  llshl.o(.text)
    _ll_shift_l                              0x080005f5   Thumb Code     0  llshl.o(.text)
    __aeabi_llsr                             0x08000613   Thumb Code    32  llushr.o(.text)
    _ll_ushift_r                             0x08000613   Thumb Code     0  llushr.o(.text)
    __aeabi_lasr                             0x08000633   Thumb Code    36  llsshr.o(.text)
    _ll_sshift_r                             0x08000633   Thumb Code     0  llsshr.o(.text)
    __I$use$fp                               0x08000657   Thumb Code     0  iusefp.o(.text)
    _double_round                            0x08000657   Thumb Code    30  depilogue.o(.text)
    _double_epilogue                         0x08000675   Thumb Code   156  depilogue.o(.text)
    __scatterload                            0x08000711   Thumb Code    28  init.o(.text)
    __scatterload_rt2                        0x08000711   Thumb Code     0  init.o(.text)
    __decompress                             0x08000735   Thumb Code     0  __dczerorl2.o(.text)
    __decompress1                            0x08000735   Thumb Code    86  __dczerorl2.o(.text)
    BusFault_Handler                         0x0800078b   Thumb Code     4  stm32f4xx_it.o(i.BusFault_Handler)
    CalibrateIMU                             0x08000791   Thumb Code   100  imu.o(i.CalibrateIMU)
    DAC_Cmd                                  0x08000899   Thumb Code    34  stm32f4xx_dac.o(i.DAC_Cmd)
    DAC_DMACmd                               0x080008c1   Thumb Code    38  stm32f4xx_dac.o(i.DAC_DMACmd)
    DAC_DeInit                               0x080008ed   Thumb Code    22  stm32f4xx_dac.o(i.DAC_DeInit)
    DAC_Init                                 0x08000905   Thumb Code    46  stm32f4xx_dac.o(i.DAC_Init)
    DMA_Cmd                                  0x08000939   Thumb Code    22  stm32f4xx_dma.o(i.DMA_Cmd)
    DMA_DeInit                               0x08000951   Thumb Code   324  stm32f4xx_dma.o(i.DMA_DeInit)
    DMA_Init                                 0x08000aa9   Thumb Code    82  stm32f4xx_dma.o(i.DMA_Init)
    DebugMon_Handler                         0x08000b01   Thumb Code     2  stm32f4xx_it.o(i.DebugMon_Handler)
    DriveInit                                0x08000b1d   Thumb Code   104  drive.o(i.DriveInit)
    EXTI15_10_IRQHandler                     0x08000b8d   Thumb Code    40  stm32f4xx_it.o(i.EXTI15_10_IRQHandler)
    EXTI_ClearITPendingBit                   0x08000bbd   Thumb Code     6  stm32f4xx_exti.o(i.EXTI_ClearITPendingBit)
    EXTI_GetITStatus                         0x08000bc9   Thumb Code    20  stm32f4xx_exti.o(i.EXTI_GetITStatus)
    GPIO_Init                                0x08000be1   Thumb Code   144  stm32f4xx_gpio.o(i.GPIO_Init)
    GPIO_PinAFConfig                         0x08000c71   Thumb Code    70  stm32f4xx_gpio.o(i.GPIO_PinAFConfig)
    GPIO_ReadInputDataBit                    0x08000cb7   Thumb Code    18  stm32f4xx_gpio.o(i.GPIO_ReadInputDataBit)
    HardFault_Handler                        0x08000cc9   Thumb Code     4  stm32f4xx_it.o(i.HardFault_Handler)
    I2CInit                                  0x08000ccd   Thumb Code   230  i2c.o(i.I2CInit)
    I2C_AcknowledgeConfig                    0x08000dc5   Thumb Code    24  stm32f4xx_i2c.o(i.I2C_AcknowledgeConfig)
    I2C_CheckEvent                           0x08000ddd   Thumb Code    42  stm32f4xx_i2c.o(i.I2C_CheckEvent)
    I2C_DeInit                               0x08000e09   Thumb Code    82  stm32f4xx_i2c.o(i.I2C_DeInit)
    I2C_GenerateSTART                        0x08000e69   Thumb Code    24  stm32f4xx_i2c.o(i.I2C_GenerateSTART)
    I2C_GenerateSTOP                         0x08000e81   Thumb Code    24  stm32f4xx_i2c.o(i.I2C_GenerateSTOP)
    I2C_GetFlagStatus                        0x08000e99   Thumb Code    58  stm32f4xx_i2c.o(i.I2C_GetFlagStatus)
    I2C_Init                                 0x08000ed5   Thumb Code   218  stm32f4xx_i2c.o(i.I2C_Init)
    I2C_ReceiveData                          0x08000fbd   Thumb Code     8  stm32f4xx_i2c.o(i.I2C_ReceiveData)
    I2C_Send7bitAddress                      0x08000fc5   Thumb Code    16  stm32f4xx_i2c.o(i.I2C_Send7bitAddress)
    I2C_SendData                             0x08000fd5   Thumb Code     4  stm32f4xx_i2c.o(i.I2C_SendData)
    I2C_SoftwareResetCmd                     0x08000fd9   Thumb Code    22  stm32f4xx_i2c.o(i.I2C_SoftwareResetCmd)
    I2cRead                                  0x08000ff1   Thumb Code   412  i2c.o(i.I2cRead)
    I2cSonarRead                             0x08001199   Thumb Code   258  i2c.o(i.I2cSonarRead)
    I2cWriteConfig                           0x080012a5   Thumb Code   264  i2c.o(i.I2cWriteConfig)
    IMU_Init                                 0x080013b9   Thumb Code   100  imu.o(i.IMU_Init)
    IMU_Update                               0x08001421   Thumb Code   652  imu.o(i.IMU_Update)
    MemManage_Handler                        0x08001705   Thumb Code     4  stm32f4xx_it.o(i.MemManage_Handler)
    Moo_OFF                                  0x08001709   Thumb Code    26  speaker.o(i.Moo_OFF)
    Moo_ON                                   0x08001729   Thumb Code    28  speaker.o(i.Moo_ON)
    NMI_Handler                              0x0800174d   Thumb Code     2  stm32f4xx_it.o(i.NMI_Handler)
    NVIC_Init                                0x08001751   Thumb Code   106  misc.o(i.NVIC_Init)
    PendSV_Handler                           0x080017c9   Thumb Code     2  stm32f4xx_it.o(i.PendSV_Handler)
    PreScale_TIME_Init                       0x080017cd   Thumb Code   170  drive.o(i.PreScale_TIME_Init)
    RCC_AHB1PeriphClockCmd                   0x0800188d   Thumb Code    26  stm32f4xx_rcc.o(i.RCC_AHB1PeriphClockCmd)
    RCC_APB1PeriphClockCmd                   0x080018ad   Thumb Code    26  stm32f4xx_rcc.o(i.RCC_APB1PeriphClockCmd)
    RCC_APB1PeriphResetCmd                   0x080018cd   Thumb Code    26  stm32f4xx_rcc.o(i.RCC_APB1PeriphResetCmd)
    RCC_APB2PeriphClockCmd                   0x080018ed   Thumb Code    26  stm32f4xx_rcc.o(i.RCC_APB2PeriphClockCmd)
    RCC_GetClocksFreq                        0x0800190d   Thumb Code   214  stm32f4xx_rcc.o(i.RCC_GetClocksFreq)
    RunSwitchInit                            0x080019f5   Thumb Code    48  run.o(i.RunSwitchInit)
    SVC_Handler                              0x08001a29   Thumb Code     2  stm32f4xx_it.o(i.SVC_Handler)
    SetDirection_Backward                    0x08001a2d   Thumb Code    30  drive.o(i.SetDirection_Backward)
    SetDirection_Forward                     0x08001a5d   Thumb Code    30  drive.o(i.SetDirection_Forward)
    SetLeftBackWheelPwm                      0x08001a8d   Thumb Code    18  drive.o(i.SetLeftBackWheelPwm)
    SetLeftFrontWheelPwm                     0x08001aa5   Thumb Code    18  drive.o(i.SetLeftFrontWheelPwm)
    SetRightBackWheelPwm                     0x08001abd   Thumb Code    18  drive.o(i.SetRightBackWheelPwm)
    SetRightFrontWheelPwm                    0x08001ad5   Thumb Code    18  drive.o(i.SetRightFrontWheelPwm)
    Speaker_Config                           0x08001c29   Thumb Code    20  speaker.o(i.Speaker_Config)
    SysTick_Handler                          0x08001c3d   Thumb Code   252  stm32f4xx_it.o(i.SysTick_Handler)
    SystemInit                               0x08001d75   Thumb Code    88  system_stm32f4xx.o(i.SystemInit)
    TIM1_CC_IRQHandler                       0x08001f01   Thumb Code   226  stm32f4xx_it.o(i.TIM1_CC_IRQHandler)
    TIM2_IRQHandler                          0x08002009   Thumb Code   130  stm32f4xx_it.o(i.TIM2_IRQHandler)
    TIM3_Config                              0x080020a1   Thumb Code    16  drive.o(i.TIM3_Config)
    TIM3_Pin_Init                            0x080020b1   Thumb Code    98  drive.o(i.TIM3_Pin_Init)
    TIM4_IRQHandler                          0x08002119   Thumb Code   126  stm32f4xx_it.o(i.TIM4_IRQHandler)
    TIM5_IRQHandler                          0x080021b1   Thumb Code   126  stm32f4xx_it.o(i.TIM5_IRQHandler)
    TIM7_Config                              0x0800228d   Thumb Code    78  drive.o(i.TIM7_Config)
    TIM7_IRQHandler                          0x080022e9   Thumb Code  2450  stm32f4xx_it.o(i.TIM7_IRQHandler)
    TIM_ARRPreloadConfig                     0x08002c89   Thumb Code    24  stm32f4xx_tim.o(i.TIM_ARRPreloadConfig)
    TIM_ClearITPendingBit                    0x08002ca1   Thumb Code     6  stm32f4xx_tim.o(i.TIM_ClearITPendingBit)
    TIM_Cmd                                  0x08002ca7   Thumb Code    24  stm32f4xx_tim.o(i.TIM_Cmd)
    TIM_Config                               0x08002cc1   Thumb Code   534  drive.o(i.TIM_Config)
    TIM_GetCapture1                          0x08002ef5   Thumb Code     6  stm32f4xx_tim.o(i.TIM_GetCapture1)
    TIM_GetCapture2                          0x08002efb   Thumb Code     6  stm32f4xx_tim.o(i.TIM_GetCapture2)
    TIM_GetITStatus                          0x08002f01   Thumb Code    34  stm32f4xx_tim.o(i.TIM_GetITStatus)
    TIM_ICInit                               0x08002f23   Thumb Code   110  stm32f4xx_tim.o(i.TIM_ICInit)
    TIM_ITConfig                             0x08002f91   Thumb Code    18  stm32f4xx_tim.o(i.TIM_ITConfig)
    TIM_OC1Init                              0x08002fa5   Thumb Code   114  stm32f4xx_tim.o(i.TIM_OC1Init)
    TIM_OC1PreloadConfig                     0x08003021   Thumb Code    18  stm32f4xx_tim.o(i.TIM_OC1PreloadConfig)
    TIM_OC2Init                              0x08003035   Thumb Code   154  stm32f4xx_tim.o(i.TIM_OC2Init)
    TIM_OC2PreloadConfig                     0x080030d9   Thumb Code    26  stm32f4xx_tim.o(i.TIM_OC2PreloadConfig)
    TIM_OC3Init                              0x080030f5   Thumb Code   150  stm32f4xx_tim.o(i.TIM_OC3Init)
    TIM_OC3PreloadConfig                     0x08003195   Thumb Code    18  stm32f4xx_tim.o(i.TIM_OC3PreloadConfig)
    TIM_OC4Init                              0x080031a9   Thumb Code   112  stm32f4xx_tim.o(i.TIM_OC4Init)
    TIM_OC4PreloadConfig                     0x08003221   Thumb Code    26  stm32f4xx_tim.o(i.TIM_OC4PreloadConfig)
    TIM_PWMIConfig                           0x0800323b   Thumb Code   124  stm32f4xx_tim.o(i.TIM_PWMIConfig)
    TIM_SelectInputTrigger                   0x080032b7   Thumb Code    18  stm32f4xx_tim.o(i.TIM_SelectInputTrigger)
    TIM_SelectMasterSlaveMode                0x080032c9   Thumb Code    18  stm32f4xx_tim.o(i.TIM_SelectMasterSlaveMode)
    TIM_SelectOutputTrigger                  0x080032db   Thumb Code    18  stm32f4xx_tim.o(i.TIM_SelectOutputTrigger)
    TIM_SelectSlaveMode                      0x080032ed   Thumb Code    18  stm32f4xx_tim.o(i.TIM_SelectSlaveMode)
    TIM_SetIC1Prescaler                      0x080032ff   Thumb Code    18  stm32f4xx_tim.o(i.TIM_SetIC1Prescaler)
    TIM_SetIC2Prescaler                      0x08003311   Thumb Code    26  stm32f4xx_tim.o(i.TIM_SetIC2Prescaler)
    TIM_SetIC3Prescaler                      0x0800332b   Thumb Code    18  stm32f4xx_tim.o(i.TIM_SetIC3Prescaler)
    TIM_SetIC4Prescaler                      0x0800333d   Thumb Code    26  stm32f4xx_tim.o(i.TIM_SetIC4Prescaler)
    TIM_TimeBaseInit                         0x08003359   Thumb Code   104  stm32f4xx_tim.o(i.TIM_TimeBaseInit)
    TIM_TimeBaseStructInit                   0x080033dd   Thumb Code    18  stm32f4xx_tim.o(i.TIM_TimeBaseStructInit)
    TMR3_PWM_Init                            0x080033f1   Thumb Code   194  drive.o(i.TMR3_PWM_Init)
    TimingDelay_Decrement                    0x080034c9   Thumb Code    18  main.o(i.TimingDelay_Decrement)
    UsageFault_Handler                       0x080034e1   Thumb Code     4  stm32f4xx_it.o(i.UsageFault_Handler)
    __scatterload_copy                       0x080034e5   Thumb Code    14  handlers.o(i.__scatterload_copy)
    __scatterload_null                       0x080034f3   Thumb Code     2  handlers.o(i.__scatterload_null)
    __scatterload_zeroinit                   0x080034f5   Thumb Code    14  handlers.o(i.__scatterload_zeroinit)
    initAK8975A                              0x08003505   Thumb Code   194  imu.o(i.initAK8975A)
    main                                     0x080035d9   Thumb Code  1136  main.o(i.main)
    Region$$Table$$Base                      0x08003a88   Number         0  anon$$obj.o(Region$$Table)
    Region$$Table$$Limit                     0x08003aa8   Number         0  anon$$obj.o(Region$$Table)
    SystemCoreClock                          0x20000000   Data           4  system_stm32f4xx.o(.data)
    AHBPrescTable                            0x20000004   Data          16  system_stm32f4xx.o(.data)
    run                                      0x20000028   Data           1  main.o(.data)
    gyro_enable                              0x20000029   Data           1  main.o(.data)
    flip_status                              0x2000002a   Data           1  main.o(.data)
    current_state                            0x2000002b   Data           1  main.o(.data)
    Theta_Kp                                 0x20000030   Data           8  stm32f4xx_it.o(.data)
    Theta_Ki                                 0x20000038   Data           8  stm32f4xx_it.o(.data)
    Theta_Kd                                 0x20000040   Data           8  stm32f4xx_it.o(.data)
    Theta_Error                              0x20000048   Data           8  stm32f4xx_it.o(.data)
    Theta_Integral                           0x20000050   Data           8  stm32f4xx_it.o(.data)
    Theta_Diff                               0x20000058   Data           8  stm32f4xx_it.o(.data)
    Theta_PID                                0x20000060   Data           8  stm32f4xx_it.o(.data)
    Last_Theta_Error                         0x20000068   Data           8  stm32f4xx_it.o(.data)
    IC5Value                                 0x20000070   Data           2  stm32f4xx_it.o(.data)
    DutyCycle5                               0x20000072   Data           2  stm32f4xx_it.o(.data)
    LeftFront_Frequency_Raw                  0x20000074   Data           4  stm32f4xx_it.o(.data)
    LeftFront_Kp                             0x20000078   Data           8  stm32f4xx_it.o(.data)
    LeftFront_Ki                             0x20000080   Data           8  stm32f4xx_it.o(.data)
    LeftFront_Kd                             0x20000088   Data           8  stm32f4xx_it.o(.data)
    LeftFront_Error                          0x20000090   Data           4  stm32f4xx_it.o(.data)
    LeftFront_Integral                       0x20000094   Data           4  stm32f4xx_it.o(.data)
    LeftFront_Diff                           0x20000098   Data           4  stm32f4xx_it.o(.data)
    LeftFront_PID                            0x2000009c   Data           4  stm32f4xx_it.o(.data)
    Last_LeftFront_Error                     0x200000a0   Data           4  stm32f4xx_it.o(.data)
    LeftFront_PWM                            0x200000a4   Data           1  stm32f4xx_it.o(.data)
    LeftFront_Frequency                      0x200000a8   Data           4  stm32f4xx_it.o(.data)
    uhIC3ReadValue1                          0x200000ac   Data           2  stm32f4xx_it.o(.data)
    uhIC3ReadValue2                          0x200000ae   Data           2  stm32f4xx_it.o(.data)
    uhCaptureNumber                          0x200000b0   Data           2  stm32f4xx_it.o(.data)
    uwCapture                                0x200000b4   Data           4  stm32f4xx_it.o(.data)
    LeftBack_Frequency_Raw                   0x200000b8   Data           4  stm32f4xx_it.o(.data)
    LeftBack_Kp                              0x200000c0   Data           8  stm32f4xx_it.o(.data)
    LeftBack_Ki                              0x200000c8   Data           8  stm32f4xx_it.o(.data)
    LeftBack_Kd                              0x200000d0   Data           8  stm32f4xx_it.o(.data)
    LeftBack_Error                           0x200000d8   Data           4  stm32f4xx_it.o(.data)
    LeftBack_Integral                        0x200000dc   Data           4  stm32f4xx_it.o(.data)
    LeftBack_Diff                            0x200000e0   Data           4  stm32f4xx_it.o(.data)
    LeftBack_PID                             0x200000e4   Data           4  stm32f4xx_it.o(.data)
    Last_LeftBack_Error                      0x200000e8   Data           4  stm32f4xx_it.o(.data)
    LeftBack_PWM                             0x200000ec   Data           1  stm32f4xx_it.o(.data)
    LeftBack_Frequency                       0x200000f0   Data           4  stm32f4xx_it.o(.data)
    IC4Value                                 0x200000f4   Data           2  stm32f4xx_it.o(.data)
    DutyCycle4                               0x200000f6   Data           2  stm32f4xx_it.o(.data)
    RightFront_Frequency_Raw                 0x200000f8   Data           4  stm32f4xx_it.o(.data)
    RightFront_Kp                            0x20000100   Data           8  stm32f4xx_it.o(.data)
    RightFront_Ki                            0x20000108   Data           8  stm32f4xx_it.o(.data)
    RightFront_Kd                            0x20000110   Data           8  stm32f4xx_it.o(.data)
    RightFront_Error                         0x20000118   Data           4  stm32f4xx_it.o(.data)
    RightFront_Integral                      0x2000011c   Data           4  stm32f4xx_it.o(.data)
    RightFront_Diff                          0x20000120   Data           4  stm32f4xx_it.o(.data)
    RightFront_PID                           0x20000124   Data           4  stm32f4xx_it.o(.data)
    Last_RightFront_Error                    0x20000128   Data           4  stm32f4xx_it.o(.data)
    RightFront_PWM                           0x2000012c   Data           1  stm32f4xx_it.o(.data)
    RightFront_Frequency                     0x20000130   Data           4  stm32f4xx_it.o(.data)
    IC2Value                                 0x20000134   Data           2  stm32f4xx_it.o(.data)
    DutyCycle2                               0x20000136   Data           2  stm32f4xx_it.o(.data)
    RightBack_Frequency_Raw                  0x20000138   Data           4  stm32f4xx_it.o(.data)
    RightBack_Kp                             0x20000140   Data           8  stm32f4xx_it.o(.data)
    RightBack_Ki                             0x20000148   Data           8  stm32f4xx_it.o(.data)
    RightBack_Kd                             0x20000150   Data           8  stm32f4xx_it.o(.data)
    RightBack_Error                          0x20000158   Data           4  stm32f4xx_it.o(.data)
    RightBack_Integral                       0x2000015c   Data           4  stm32f4xx_it.o(.data)
    RightBack_Diff                           0x20000160   Data           4  stm32f4xx_it.o(.data)
    RightBack_PID                            0x20000164   Data           4  stm32f4xx_it.o(.data)
    Last_RightBack_Error                     0x20000168   Data           4  stm32f4xx_it.o(.data)
    RightBack_PWM                            0x2000016c   Data           1  stm32f4xx_it.o(.data)
    RightBack_Frequency                      0x20000170   Data           4  stm32f4xx_it.o(.data)
    CMD_Left                                 0x20000174   Data           4  stm32f4xx_it.o(.data)
    CMD_Right                                0x20000178   Data           4  stm32f4xx_it.o(.data)
    CMD_Left_Target                          0x2000017c   Data           4  stm32f4xx_it.o(.data)
    CMD_Right_Target                         0x20000180   Data           4  stm32f4xx_it.o(.data)
    CMD_Theta                                0x20000188   Data           8  stm32f4xx_it.o(.data)
    direction_sign                           0x20000190   Data           8  stm32f4xx_it.o(.data)
    CMD_Distance                             0x20000198   Data           8  stm32f4xx_it.o(.data)
    CMD_DistanceLeft                         0x200001a0   Data           8  stm32f4xx_it.o(.data)
    CMD_DistanceRight                        0x200001a8   Data           8  stm32f4xx_it.o(.data)
    CMD_ODR                                  0x200001b0   Data           8  stm32f4xx_it.o(.data)
    CMD_ODL                                  0x200001b8   Data           8  stm32f4xx_it.o(.data)
    LF_DeltaDistance                         0x200001c0   Data           8  stm32f4xx_it.o(.data)
    LF_Distance                              0x200001c8   Data           8  stm32f4xx_it.o(.data)
    RF_DeltaDistance                         0x200001d0   Data           8  stm32f4xx_it.o(.data)
    RF_Distance                              0x200001d8   Data           8  stm32f4xx_it.o(.data)
    LB_DeltaDistance                         0x200001e0   Data           8  stm32f4xx_it.o(.data)
    LB_Distance                              0x200001e8   Data           8  stm32f4xx_it.o(.data)
    RB_DeltaDistance                         0x200001f0   Data           8  stm32f4xx_it.o(.data)
    RB_Distance                              0x200001f8   Data           8  stm32f4xx_it.o(.data)
    AverageDistance_Left                     0x20000200   Data           8  stm32f4xx_it.o(.data)
    AverageDistance_Right                    0x20000208   Data           8  stm32f4xx_it.o(.data)
    AverageDistanceTravelled                 0x20000210   Data           8  stm32f4xx_it.o(.data)
    r                                        0x20000218   Data           8  stm32f4xx_it.o(.data)
    dt                                       0x20000220   Data           8  stm32f4xx_it.o(.data)
    heart_count                              0x20000228   Data           4  stm32f4xx_it.o(.data)
    heart_led                                0x2000022c   Data           4  stm32f4xx_it.o(.data)
    sonar_read_delay                         0x20000230   Data           4  stm32f4xx_it.o(.data)
    sonar_read_count                         0x20000234   Data           4  stm32f4xx_it.o(.data)
    imu_read_delay                           0x20000238   Data           4  stm32f4xx_it.o(.data)
    imu_read_count                           0x2000023c   Data           4  stm32f4xx_it.o(.data)
    GYRO_X_HIGH                              0x20000240   Data           1  imu.o(.data)
    GYRO_X_LOW                               0x20000241   Data           1  imu.o(.data)
    GYRO_Y_HIGH                              0x20000242   Data           1  imu.o(.data)
    GYRO_Y_LOW                               0x20000243   Data           1  imu.o(.data)
    GYRO_Z_HIGH                              0x20000244   Data           1  imu.o(.data)
    GYRO_Z_LOW                               0x20000245   Data           1  imu.o(.data)
    ACCEL_X_HIGH                             0x20000246   Data           1  imu.o(.data)
    ACCEL_X_LOW                              0x20000247   Data           1  imu.o(.data)
    ACCEL_Y_HIGH                             0x20000248   Data           1  imu.o(.data)
    ACCEL_Y_LOW                              0x20000249   Data           1  imu.o(.data)
    ACCEL_Z_HIGH                             0x2000024a   Data           1  imu.o(.data)
    ACCEL_Z_LOW                              0x2000024b   Data           1  imu.o(.data)
    MAG_X_HIGH                               0x2000024c   Data           1  imu.o(.data)
    MAG_X_LOW                                0x2000024d   Data           1  imu.o(.data)
    MAG_Y_HIGH                               0x2000024e   Data           1  imu.o(.data)
    MAG_Y_LOW                                0x2000024f   Data           1  imu.o(.data)
    MAG_Z_HIGH                               0x20000250   Data           1  imu.o(.data)
    MAG_Z_LOW                                0x20000251   Data           1  imu.o(.data)
    GYROX                                    0x20000252   Data           2  imu.o(.data)
    GYROY                                    0x20000254   Data           2  imu.o(.data)
    GYROZ                                    0x20000256   Data           2  imu.o(.data)
    ACCELX                                   0x20000258   Data           2  imu.o(.data)
    ACCELY                                   0x2000025a   Data           2  imu.o(.data)
    ACCELZ                                   0x2000025c   Data           2  imu.o(.data)
    MAGX                                     0x2000025e   Data           2  imu.o(.data)
    MAGY                                     0x20000260   Data           2  imu.o(.data)
    MAGZ                                     0x20000262   Data           2  imu.o(.data)
    heading                                  0x20000268   Data           8  imu.o(.data)
    gyro_z_cal                               0x20000270   Data           8  imu.o(.data)
    magstart                                 0x20000278   Data          12  imu.o(.data)
    mag8                                     0x20000284   Data           6  imu.o(.data)
    ubSelectedWavesForm                      0x20000290   Data           1  speaker.o(.data)
    ubKeyPressed                             0x20000291   Data           1  speaker.o(.data)
    obstacle_front_flag                      0x20000292   Data           1  speaker.o(.data)
    sonarBuffer                              0x20000293   Data           2  sonar.o(.data)
    rodeo_count                              0x20000298   Data           4  run.o(.data)
    gyro                                     0x200002a0   Data          24  imu.o(.bss)
    accel                                    0x200002b8   Data          24  imu.o(.bss)
    mag                                      0x200002d0   Data          24  imu.o(.bss)
    magCal                                   0x200002e8   Data          24  imu.o(.bss)
    buffer                                   0x20000300   Data          14  imu.o(.bss)
    DAC_InitStructure                        0x20000310   Data          16  speaker.o(.bss)
    aSine12bit                               0x20000320   Data          64  speaker.o(.bss)
    TIM_ICInitStructure                      0x20000360   Data          10  drive.o(.bss)
    TIM_TimeBaseStructure                    0x2000036c   Data          12  drive.o(.bss)
    TIM_OCInitStructure                      0x20000378   Data          20  drive.o(.bss)
    RCC_Clocks                               0x2000038c   Data          16  drive.o(.bss)
    __initial_sp                             0x200007a0   Data           0  startup_stm32f40_41xxx.o(STACK)



==============================================================================

Memory Map of the image

  Image Entry point : 0x08000189

  Load Region LR_IROM1 (Base: 0x08000000, Size: 0x00003d44, Max: 0x00100000, ABSOLUTE, COMPRESSED[0x00003b0c])

    Execution Region ER_IROM1 (Base: 0x08000000, Size: 0x00003aa8, Max: 0x00100000, ABSOLUTE)

    Base Addr    Size         Type   Attr      Idx    E Section Name        Object

    0x08000000   0x00000188   Data   RO          143    RESET               startup_stm32f40_41xxx.o
    0x08000188   0x00000000   Code   RO         5482  * .ARM.Collect$$$$00000000  mc_w.l(entry.o)
    0x08000188   0x00000004   Code   RO         5507    .ARM.Collect$$$$00000001  mc_w.l(entry2.o)
    0x0800018c   0x00000004   Code   RO         5510    .ARM.Collect$$$$00000004  mc_w.l(entry5.o)
    0x08000190   0x00000000   Code   RO         5512    .ARM.Collect$$$$00000008  mc_w.l(entry7b.o)
    0x08000190   0x00000000   Code   RO         5514    .ARM.Collect$$$$0000000A  mc_w.l(entry8b.o)
    0x08000190   0x00000008   Code   RO         5515    .ARM.Collect$$$$0000000B  mc_w.l(entry9a.o)
    0x08000198   0x00000000   Code   RO         5517    .ARM.Collect$$$$0000000D  mc_w.l(entry10a.o)
    0x08000198   0x00000000   Code   RO         5519    .ARM.Collect$$$$0000000F  mc_w.l(entry11a.o)
    0x08000198   0x00000004   Code   RO         5508    .ARM.Collect$$$$00002712  mc_w.l(entry2.o)
    0x0800019c   0x00000024   Code   RO          144    .text               startup_stm32f40_41xxx.o
    0x080001c0   0x00000024   Code   RO         5485    .text               mc_w.l(memcpya.o)
    0x080001e4   0x00000024   Code   RO         5487    .text               mc_w.l(memseta.o)
    0x08000208   0x0000014e   Code   RO         5491    .text               mf_w.l(dadd.o)
    0x08000356   0x000000e4   Code   RO         5493    .text               mf_w.l(dmul.o)
    0x0800043a   0x000000de   Code   RO         5495    .text               mf_w.l(ddiv.o)
    0x08000518   0x00000022   Code   RO         5497    .text               mf_w.l(dflti.o)
    0x0800053a   0x0000001a   Code   RO         5499    .text               mf_w.l(dfltui.o)
    0x08000554   0x0000003e   Code   RO         5501    .text               mf_w.l(dfixi.o)
    0x08000592   0x00000032   Code   RO         5503    .text               mf_w.l(dfixui.o)
    0x080005c4   0x00000030   Code   RO         5505    .text               mf_w.l(cdcmple.o)
    0x080005f4   0x0000001e   Code   RO         5521    .text               mc_w.l(llshl.o)
    0x08000612   0x00000020   Code   RO         5523    .text               mc_w.l(llushr.o)
    0x08000632   0x00000024   Code   RO         5525    .text               mc_w.l(llsshr.o)
    0x08000656   0x00000000   Code   RO         5527    .text               mc_w.l(iusefp.o)
    0x08000656   0x000000ba   Code   RO         5528    .text               mf_w.l(depilogue.o)
    0x08000710   0x00000024   Code   RO         5530    .text               mc_w.l(init.o)
    0x08000734   0x00000056   Code   RO         5540    .text               mc_w.l(__dczerorl2.o)
    0x0800078a   0x00000004   Code   RO         5040    i.BusFault_Handler  stm32f4xx_it.o
    0x0800078e   0x00000002   PAD
    0x08000790   0x00000078   Code   RO         5226    i.CalibrateIMU      imu.o
    0x08000808   0x00000090   Code   RO         5271    i.DAC_Ch2_SineWaveConfig  speaker.o
    0x08000898   0x00000028   Code   RO          604    i.DAC_Cmd           stm32f4xx_dac.o
    0x080008c0   0x0000002c   Code   RO          605    i.DAC_DMACmd        stm32f4xx_dac.o
    0x080008ec   0x00000016   Code   RO          606    i.DAC_DeInit        stm32f4xx_dac.o
    0x08000902   0x00000002   PAD
    0x08000904   0x00000034   Code   RO          612    i.DAC_Init          stm32f4xx_dac.o
    0x08000938   0x00000016   Code   RO         4178    i.DMA_Cmd           stm32f4xx_dma.o
    0x0800094e   0x00000002   PAD
    0x08000950   0x00000158   Code   RO         4179    i.DMA_DeInit        stm32f4xx_dma.o
    0x08000aa8   0x00000058   Code   RO         4190    i.DMA_Init          stm32f4xx_dma.o
    0x08000b00   0x00000002   Code   RO         5041    i.DebugMon_Handler  stm32f4xx_it.o
    0x08000b02   0x00000002   PAD
    0x08000b04   0x00000018   Code   RO         4969    i.Delay             main.o
    0x08000b1c   0x00000070   Code   RO         5326    i.DriveInit         drive.o
    0x08000b8c   0x00000030   Code   RO         5042    i.EXTI15_10_IRQHandler  stm32f4xx_it.o
    0x08000bbc   0x0000000c   Code   RO         3015    i.EXTI_ClearITPendingBit  stm32f4xx_exti.o
    0x08000bc8   0x00000018   Code   RO         3019    i.EXTI_GetITStatus  stm32f4xx_exti.o
    0x08000be0   0x00000090   Code   RO         3080    i.GPIO_Init         stm32f4xx_gpio.o
    0x08000c70   0x00000046   Code   RO         3081    i.GPIO_PinAFConfig  stm32f4xx_gpio.o
    0x08000cb6   0x00000012   Code   RO         3084    i.GPIO_ReadInputDataBit  stm32f4xx_gpio.o
    0x08000cc8   0x00000004   Code   RO         5043    i.HardFault_Handler  stm32f4xx_it.o
    0x08000ccc   0x000000f8   Code   RO         5170    i.I2CInit           i2c.o
    0x08000dc4   0x00000018   Code   RO         3181    i.I2C_AcknowledgeConfig  stm32f4xx_i2c.o
    0x08000ddc   0x0000002a   Code   RO         3184    i.I2C_CheckEvent    stm32f4xx_i2c.o
    0x08000e06   0x00000002   PAD
    0x08000e08   0x00000060   Code   RO         3190    i.I2C_DeInit        stm32f4xx_i2c.o
    0x08000e68   0x00000018   Code   RO         3195    i.I2C_GenerateSTART  stm32f4xx_i2c.o
    0x08000e80   0x00000018   Code   RO         3196    i.I2C_GenerateSTOP  stm32f4xx_i2c.o
    0x08000e98   0x0000003a   Code   RO         3197    i.I2C_GetFlagStatus  stm32f4xx_i2c.o
    0x08000ed2   0x00000002   PAD
    0x08000ed4   0x000000e8   Code   RO         3202    i.I2C_Init          stm32f4xx_i2c.o
    0x08000fbc   0x00000008   Code   RO         3207    i.I2C_ReceiveData   stm32f4xx_i2c.o
    0x08000fc4   0x00000010   Code   RO         3209    i.I2C_Send7bitAddress  stm32f4xx_i2c.o
    0x08000fd4   0x00000004   Code   RO         3210    i.I2C_SendData      stm32f4xx_i2c.o
    0x08000fd8   0x00000016   Code   RO         3211    i.I2C_SoftwareResetCmd  stm32f4xx_i2c.o
    0x08000fee   0x00000002   PAD
    0x08000ff0   0x000001a8   Code   RO         5171    i.I2cRead           i2c.o
    0x08001198   0x0000010c   Code   RO         5173    i.I2cSonarRead      i2c.o
    0x080012a4   0x00000114   Code   RO         5175    i.I2cWriteConfig    i2c.o
    0x080013b8   0x00000068   Code   RO         5227    i.IMU_Init          imu.o
    0x08001420   0x000002e4   Code   RO         5228    i.IMU_Update        imu.o
    0x08001704   0x00000004   Code   RO         5044    i.MemManage_Handler  stm32f4xx_it.o
    0x08001708   0x00000020   Code   RO         5272    i.Moo_OFF           speaker.o
    0x08001728   0x00000024   Code   RO         5273    i.Moo_ON            speaker.o
    0x0800174c   0x00000002   Code   RO         5045    i.NMI_Handler       stm32f4xx_it.o
    0x0800174e   0x00000002   PAD
    0x08001750   0x00000078   Code   RO          150    i.NVIC_Init         misc.o
    0x080017c8   0x00000002   Code   RO         5046    i.PendSV_Handler    stm32f4xx_it.o
    0x080017ca   0x00000002   PAD
    0x080017cc   0x000000c0   Code   RO         5327    i.PreScale_TIME_Init  drive.o
    0x0800188c   0x00000020   Code   RO         3407    i.RCC_AHB1PeriphClockCmd  stm32f4xx_rcc.o
    0x080018ac   0x00000020   Code   RO         3416    i.RCC_APB1PeriphClockCmd  stm32f4xx_rcc.o
    0x080018cc   0x00000020   Code   RO         3418    i.RCC_APB1PeriphResetCmd  stm32f4xx_rcc.o
    0x080018ec   0x00000020   Code   RO         3419    i.RCC_APB2PeriphClockCmd  stm32f4xx_rcc.o
    0x0800190c   0x000000e8   Code   RO         3428    i.RCC_GetClocksFreq  stm32f4xx_rcc.o
    0x080019f4   0x00000034   Code   RO         5457    i.RunSwitchInit     run.o
    0x08001a28   0x00000002   Code   RO         5047    i.SVC_Handler       stm32f4xx_it.o
    0x08001a2a   0x00000002   PAD
    0x08001a2c   0x00000030   Code   RO         5328    i.SetDirection_Backward  drive.o
    0x08001a5c   0x00000030   Code   RO         5329    i.SetDirection_Forward  drive.o
    0x08001a8c   0x00000018   Code   RO         5330    i.SetLeftBackWheelPwm  drive.o
    0x08001aa4   0x00000018   Code   RO         5331    i.SetLeftFrontWheelPwm  drive.o
    0x08001abc   0x00000018   Code   RO         5332    i.SetRightBackWheelPwm  drive.o
    0x08001ad4   0x00000018   Code   RO         5333    i.SetRightFrontWheelPwm  drive.o
    0x08001aec   0x000000ec   Code   RO            3    i.SetSysClock       system_stm32f4xx.o
    0x08001bd8   0x00000050   Code   RO         5274    i.SpeakerGPIO_Config  speaker.o
    0x08001c28   0x00000014   Code   RO         5275    i.Speaker_Config    speaker.o
    0x08001c3c   0x00000138   Code   RO         5048    i.SysTick_Handler   stm32f4xx_it.o
    0x08001d74   0x00000068   Code   RO            5    i.SystemInit        system_stm32f4xx.o
    0x08001ddc   0x0000003a   Code   RO         2054    i.TI1_Config        stm32f4xx_tim.o
    0x08001e16   0x00000050   Code   RO         2055    i.TI2_Config        stm32f4xx_tim.o
    0x08001e66   0x00000048   Code   RO         2056    i.TI3_Config        stm32f4xx_tim.o
    0x08001eae   0x00000050   Code   RO         2057    i.TI4_Config        stm32f4xx_tim.o
    0x08001efe   0x00000002   PAD
    0x08001f00   0x00000108   Code   RO         5049    i.TIM1_CC_IRQHandler  stm32f4xx_it.o
    0x08002008   0x00000098   Code   RO         5050    i.TIM2_IRQHandler   stm32f4xx_it.o
    0x080020a0   0x00000010   Code   RO         5336    i.TIM3_Config       drive.o
    0x080020b0   0x00000068   Code   RO         5337    i.TIM3_Pin_Init     drive.o
    0x08002118   0x00000098   Code   RO         5051    i.TIM4_IRQHandler   stm32f4xx_it.o
    0x080021b0   0x00000098   Code   RO         5052    i.TIM5_IRQHandler   stm32f4xx_it.o
    0x08002248   0x00000044   Code   RO         5276    i.TIM6_Config       speaker.o
    0x0800228c   0x0000005c   Code   RO         5338    i.TIM7_Config       drive.o
    0x080022e8   0x000009a0   Code   RO         5053    i.TIM7_IRQHandler   stm32f4xx_it.o
    0x08002c88   0x00000018   Code   RO         2058    i.TIM_ARRPreloadConfig  stm32f4xx_tim.o
    0x08002ca0   0x00000006   Code   RO         2065    i.TIM_ClearITPendingBit  stm32f4xx_tim.o
    0x08002ca6   0x00000018   Code   RO         2070    i.TIM_Cmd           stm32f4xx_tim.o
    0x08002cbe   0x00000002   PAD
    0x08002cc0   0x00000234   Code   RO         5339    i.TIM_Config        drive.o
    0x08002ef4   0x00000006   Code   RO         2085    i.TIM_GetCapture1   stm32f4xx_tim.o
    0x08002efa   0x00000006   Code   RO         2086    i.TIM_GetCapture2   stm32f4xx_tim.o
    0x08002f00   0x00000022   Code   RO         2091    i.TIM_GetITStatus   stm32f4xx_tim.o
    0x08002f22   0x0000006e   Code   RO         2093    i.TIM_ICInit        stm32f4xx_tim.o
    0x08002f90   0x00000012   Code   RO         2095    i.TIM_ITConfig      stm32f4xx_tim.o
    0x08002fa2   0x00000002   PAD
    0x08002fa4   0x0000007c   Code   RO         2099    i.TIM_OC1Init       stm32f4xx_tim.o
    0x08003020   0x00000012   Code   RO         2102    i.TIM_OC1PreloadConfig  stm32f4xx_tim.o
    0x08003032   0x00000002   PAD
    0x08003034   0x000000a4   Code   RO         2104    i.TIM_OC2Init       stm32f4xx_tim.o
    0x080030d8   0x0000001a   Code   RO         2107    i.TIM_OC2PreloadConfig  stm32f4xx_tim.o
    0x080030f2   0x00000002   PAD
    0x080030f4   0x000000a0   Code   RO         2109    i.TIM_OC3Init       stm32f4xx_tim.o
    0x08003194   0x00000012   Code   RO         2112    i.TIM_OC3PreloadConfig  stm32f4xx_tim.o
    0x080031a6   0x00000002   PAD
    0x080031a8   0x00000078   Code   RO         2114    i.TIM_OC4Init       stm32f4xx_tim.o
    0x08003220   0x0000001a   Code   RO         2116    i.TIM_OC4PreloadConfig  stm32f4xx_tim.o
    0x0800323a   0x0000007c   Code   RO         2118    i.TIM_PWMIConfig    stm32f4xx_tim.o
    0x080032b6   0x00000012   Code   RO         2124    i.TIM_SelectInputTrigger  stm32f4xx_tim.o
    0x080032c8   0x00000012   Code   RO         2125    i.TIM_SelectMasterSlaveMode  stm32f4xx_tim.o
    0x080032da   0x00000012   Code   RO         2128    i.TIM_SelectOutputTrigger  stm32f4xx_tim.o
    0x080032ec   0x00000012   Code   RO         2129    i.TIM_SelectSlaveMode  stm32f4xx_tim.o
    0x080032fe   0x00000012   Code   RO         2137    i.TIM_SetIC1Prescaler  stm32f4xx_tim.o
    0x08003310   0x0000001a   Code   RO         2138    i.TIM_SetIC2Prescaler  stm32f4xx_tim.o
    0x0800332a   0x00000012   Code   RO         2139    i.TIM_SetIC3Prescaler  stm32f4xx_tim.o
    0x0800333c   0x0000001a   Code   RO         2140    i.TIM_SetIC4Prescaler  stm32f4xx_tim.o
    0x08003356   0x00000002   PAD
    0x08003358   0x00000084   Code   RO         2142    i.TIM_TimeBaseInit  stm32f4xx_tim.o
    0x080033dc   0x00000012   Code   RO         2143    i.TIM_TimeBaseStructInit  stm32f4xx_tim.o
    0x080033ee   0x00000002   PAD
    0x080033f0   0x000000d8   Code   RO         5340    i.TMR3_PWM_Init     drive.o
    0x080034c8   0x00000018   Code   RO         4970    i.TimingDelay_Decrement  main.o
    0x080034e0   0x00000004   Code   RO         5054    i.UsageFault_Handler  stm32f4xx_it.o
    0x080034e4   0x0000000e   Code   RO         5534    i.__scatterload_copy  mc_w.l(handlers.o)
    0x080034f2   0x00000002   Code   RO         5535    i.__scatterload_null  mc_w.l(handlers.o)
    0x080034f4   0x0000000e   Code   RO         5536    i.__scatterload_zeroinit  mc_w.l(handlers.o)
    0x08003502   0x00000002   PAD
    0x08003504   0x000000d4   Code   RO         5229    i.initAK8975A       imu.o
    0x080035d8   0x00000470   Code   RO         4971    i.main              main.o
    0x08003a48   0x00000040   Data   RO         5278    .constdata          speaker.o
    0x08003a88   0x00000020   Data   RO         5532    Region$$Table       anon$$obj.o


    Execution Region RW_IRAM1 (Base: 0x20000000, Size: 0x000007a0, Max: 0x00020000, ABSOLUTE, COMPRESSED[0x00000064])

    Base Addr    Size         Type   Attr      Idx    E Section Name        Object

    0x20000000   0x00000014   Data   RW            6    .data               system_stm32f4xx.o
    0x20000014   0x00000010   Data   RW         3459    .data               stm32f4xx_rcc.o
    0x20000024   0x00000008   Data   RW         4972    .data               main.o
    0x2000002c   0x00000004   PAD
    0x20000030   0x00000210   Data   RW         5055    .data               stm32f4xx_it.o
    0x20000240   0x00000050   Data   RW         5231    .data               imu.o
    0x20000290   0x00000003   Data   RW         5279    .data               speaker.o
    0x20000293   0x00000002   Data   RW         5437    .data               sonar.o
    0x20000295   0x00000003   PAD
    0x20000298   0x00000004   Data   RW         5458    .data               run.o
    0x2000029c   0x00000004   PAD
    0x200002a0   0x0000006e   Zero   RW         5230    .bss                imu.o
    0x2000030e   0x00000002   PAD
    0x20000310   0x00000050   Zero   RW         5277    .bss                speaker.o
    0x20000360   0x0000003c   Zero   RW         5341    .bss                drive.o
    0x2000039c   0x00000004   PAD
    0x200003a0   0x00000400   Zero   RW          141    STACK               startup_stm32f40_41xxx.o


==============================================================================

Image component sizes


      Code (inc. data)   RO Data    RW Data    ZI Data      Debug   Object Name

      1488        162          0          0         60       8776   drive.o
      1216         52          0          0          0       4336   i2c.o
      1176        130          0         80        110       4714   imu.o
      1184        124          0          8          0      29966   main.o
       120         14          0          0          0      18548   misc.o
        52          4          0          4          0        910   run.o
         0          0          0          2          0        734   sonar.o
       380         44         64          3         80       4652   speaker.o
        36          8        392          0       1024       1048   startup_stm32f40_41xxx.o
       158         18          0          0          0       8779   stm32f4xx_dac.o
       454         26          0          0          0      16606   stm32f4xx_dma.o
        36         10          0          0          0       1460   stm32f4xx_exti.o
       232          0          0          0          0      10143   stm32f4xx_gpio.o
       550         28          0          0          0      17570   stm32f4xx_i2c.o
      3568        534          0        528          0      14774   stm32f4xx_it.o
       360         42          0         16          0      21688   stm32f4xx_rcc.o
      1608         66          0          0          0      45461   stm32f4xx_tim.o
       340         32          0         20          0     303937   system_stm32f4xx.o

    ----------------------------------------------------------------------
     12994       1294        488        668       1284     514102   Object Totals
         0          0         32          0          0          0   (incl. Generated)
        36          0          0          7         10          0   (incl. Padding)

    ----------------------------------------------------------------------

      Code (inc. data)   RO Data    RW Data    ZI Data      Debug   Library Member Name

        86          0          0          0          0          0   __dczerorl2.o
         0          0          0          0          0          0   entry.o
         0          0          0          0          0          0   entry10a.o
         0          0          0          0          0          0   entry11a.o
         8          4          0          0          0          0   entry2.o
         4          0          0          0          0          0   entry5.o
         0          0          0          0          0          0   entry7b.o
         0          0          0          0          0          0   entry8b.o
         8          4          0          0          0          0   entry9a.o
        30          0          0          0          0          0   handlers.o
        36          8          0          0          0         68   init.o
         0          0          0          0          0          0   iusefp.o
        30          0          0          0          0         68   llshl.o
        36          0          0          0          0         68   llsshr.o
        32          0          0          0          0         68   llushr.o
        36          0          0          0          0         68   memcpya.o
        36          0          0          0          0        108   memseta.o
        48          0          0          0          0         68   cdcmple.o
       334          0          0          0          0        148   dadd.o
       222          0          0          0          0        100   ddiv.o
       186          0          0          0          0        176   depilogue.o
        62          0          0          0          0         80   dfixi.o
        50          0          0          0          0         76   dfixui.o
        34          0          0          0          0         76   dflti.o
        26          0          0          0          0         76   dfltui.o
       228          0          0          0          0         96   dmul.o

    ----------------------------------------------------------------------
      1534         16          0          0          0       1344   Library Totals
         2          0          0          0          0          0   (incl. Padding)

    ----------------------------------------------------------------------

      Code (inc. data)   RO Data    RW Data    ZI Data      Debug   Library Name

       342         16          0          0          0        448   mc_w.l
      1190          0          0          0          0        896   mf_w.l

    ----------------------------------------------------------------------
      1534         16          0          0          0       1344   Library Totals

    ----------------------------------------------------------------------

==============================================================================


      Code (inc. data)   RO Data    RW Data    ZI Data      Debug   

     14528       1310        488        668       1284     504854   Grand Totals
     14528       1310        488        100       1284     504854   ELF Image Totals (compressed)
     14528       1310        488        100          0          0   ROM Totals

==============================================================================

    Total RO  Size (Code + RO Data)                15016 (  14.66kB)
    Total RW  Size (RW Data + ZI Data)              1952 (   1.91kB)
    Total ROM Size (Code + RO Data + RW Data)      15116 (  14.76kB)

==============================================================================

